[2026-01-08T06:51:22.125+0000] {local_task_job_runner.py:123} INFO - ::group::Pre task execution logs
[2026-01-08T06:51:22.147+0000] {taskinstance.py:2613} INFO - Dependencies all met for dep_context=non-requeueable deps ti=<TaskInstance: products_processing.is_api_available manual__2026-01-08T06:51:19.848032+00:00 [queued]>
[2026-01-08T06:51:22.157+0000] {taskinstance.py:2613} INFO - Dependencies all met for dep_context=requeueable deps ti=<TaskInstance: products_processing.is_api_available manual__2026-01-08T06:51:19.848032+00:00 [queued]>
[2026-01-08T06:51:22.157+0000] {taskinstance.py:2866} INFO - Starting attempt 1 of 1
[2026-01-08T06:51:22.429+0000] {taskinstance.py:2889} INFO - Executing <Task(HttpSensor): is_api_available> on 2026-01-08 06:51:19.848032+00:00
[2026-01-08T06:51:22.444+0000] {standard_task_runner.py:72} INFO - Started process 10605 to run task
[2026-01-08T06:51:22.448+0000] {standard_task_runner.py:104} INFO - Running: ['***', 'tasks', 'run', 'products_processing', 'is_api_available', 'manual__2026-01-08T06:51:19.848032+00:00', '--job-id', '57', '--raw', '--subdir', 'DAGS_FOLDER/product_pipeline.py', '--cfg-path', '/tmp/tmpmy84tp7p']
[2026-01-08T06:51:22.453+0000] {standard_task_runner.py:105} INFO - Job 57: Subtask is_api_available
[2026-01-08T06:51:22.535+0000] {task_command.py:467} INFO - Running <TaskInstance: products_processing.is_api_available manual__2026-01-08T06:51:19.848032+00:00 [running]> on host 91260714fecb
[2026-01-08T06:51:22.646+0000] {taskinstance.py:3132} INFO - Exporting env vars: AIRFLOW_CTX_DAG_OWNER='***' AIRFLOW_CTX_DAG_ID='products_processing' AIRFLOW_CTX_TASK_ID='is_api_available' AIRFLOW_CTX_EXECUTION_DATE='2026-01-08T06:51:19.848032+00:00' AIRFLOW_CTX_TRY_NUMBER='1' AIRFLOW_CTX_DAG_RUN_ID='manual__2026-01-08T06:51:19.848032+00:00'
[2026-01-08T06:51:22.647+0000] {taskinstance.py:731} INFO - ::endgroup::
[2026-01-08T06:51:22.668+0000] {baseoperator.py:421} WARNING - HttpSensor.execute cannot be called outside TaskInstance!
[2026-01-08T06:51:22.669+0000] {http.py:139} INFO - Poking: products?limit=10
[2026-01-08T06:51:22.693+0000] {base.py:84} INFO - Retrieving connection 'dummy_api'
[2026-01-08T06:51:23.845+0000] {base.py:336} INFO - Success criteria met. Exiting.
[2026-01-08T06:51:23.870+0000] {taskinstance.py:340} INFO - ::group::Post task execution logs
[2026-01-08T06:51:23.870+0000] {taskinstance.py:352} INFO - Marking task as SUCCESS. dag_id=products_processing, task_id=is_api_available, run_id=manual__2026-01-08T06:51:19.848032+00:00, execution_date=20260108T065119, start_date=20260108T065122, end_date=20260108T065123
[2026-01-08T06:51:23.975+0000] {local_task_job_runner.py:266} INFO - Task exited with return code 0
[2026-01-08T06:51:24.025+0000] {taskinstance.py:3895} INFO - 1 downstream tasks scheduled from follow-on schedule check
[2026-01-08T06:51:24.031+0000] {local_task_job_runner.py:245} INFO - ::endgroup::
