[2026-01-08T10:42:00.323+0000] {local_task_job_runner.py:123} INFO - ::group::Pre task execution logs
[2026-01-08T10:42:00.348+0000] {taskinstance.py:2613} INFO - Dependencies all met for dep_context=non-requeueable deps ti=<TaskInstance: user_processing_tg.create_table manual__2026-01-08T10:41:49.166171+00:00 [queued]>
[2026-01-08T10:42:00.357+0000] {taskinstance.py:2613} INFO - Dependencies all met for dep_context=requeueable deps ti=<TaskInstance: user_processing_tg.create_table manual__2026-01-08T10:41:49.166171+00:00 [queued]>
[2026-01-08T10:42:00.358+0000] {taskinstance.py:2866} INFO - Starting attempt 1 of 1
[2026-01-08T10:42:00.596+0000] {taskinstance.py:2889} INFO - Executing <Task(SQLExecuteQueryOperator): create_table> on 2026-01-08 10:41:49.166171+00:00
[2026-01-08T10:42:00.607+0000] {standard_task_runner.py:72} INFO - Started process 13578 to run task
[2026-01-08T10:42:00.613+0000] {standard_task_runner.py:104} INFO - Running: ['***', 'tasks', 'run', 'user_processing_tg', 'create_table', 'manual__2026-01-08T10:41:49.166171+00:00', '--job-id', '110', '--raw', '--subdir', 'DAGS_FOLDER/user_processing_tg.py', '--cfg-path', '/tmp/tmph_ld7jj0']
[2026-01-08T10:42:00.617+0000] {standard_task_runner.py:105} INFO - Job 110: Subtask create_table
[2026-01-08T10:42:00.680+0000] {task_command.py:467} INFO - Running <TaskInstance: user_processing_tg.create_table manual__2026-01-08T10:41:49.166171+00:00 [running]> on host 91260714fecb
[2026-01-08T10:42:00.777+0000] {taskinstance.py:3132} INFO - Exporting env vars: AIRFLOW_CTX_DAG_OWNER='***' AIRFLOW_CTX_DAG_ID='user_processing_tg' AIRFLOW_CTX_TASK_ID='create_table' AIRFLOW_CTX_EXECUTION_DATE='2026-01-08T10:41:49.166171+00:00' AIRFLOW_CTX_TRY_NUMBER='1' AIRFLOW_CTX_DAG_RUN_ID='manual__2026-01-08T10:41:49.166171+00:00'
[2026-01-08T10:42:00.780+0000] {taskinstance.py:731} INFO - ::endgroup::
[2026-01-08T10:42:00.796+0000] {sql.py:278} INFO - Executing: 
        DROP TABLE IF EXISTS users;
        CREATE TABLE IF NOT EXISTS users (
            id BIGINT NOT NULL,
            firstname TEXT NOT NULL,
            lastname TEXT NOT NULL,
            country TEXT NOT NULL,
            username TEXT NOT NULL,
            password TEXT NOT NULL,
            email TEXT NOT NULL,
            age INTEGER NOT NULL,
            gender TEXT NOT NULL
        );
        
[2026-01-08T10:42:00.808+0000] {base.py:84} INFO - Retrieving connection 'postgres'
[2026-01-08T10:42:00.819+0000] {base.py:84} INFO - Retrieving connection 'postgres'
[2026-01-08T10:42:00.823+0000] {sql.py:553} INFO - Running statement: 
        DROP TABLE IF EXISTS users;
        CREATE TABLE IF NOT EXISTS users (
            id BIGINT NOT NULL,
            firstname TEXT NOT NULL,
            lastname TEXT NOT NULL,
            country TEXT NOT NULL,
            username TEXT NOT NULL,
            password TEXT NOT NULL,
            email TEXT NOT NULL,
            age INTEGER NOT NULL,
            gender TEXT NOT NULL
        );
        , parameters: None
[2026-01-08T10:42:00.844+0000] {taskinstance.py:340} INFO - ::group::Post task execution logs
[2026-01-08T10:42:00.845+0000] {taskinstance.py:352} INFO - Marking task as SUCCESS. dag_id=user_processing_tg, task_id=create_table, run_id=manual__2026-01-08T10:41:49.166171+00:00, execution_date=20260108T104149, start_date=20260108T104200, end_date=20260108T104200
[2026-01-08T10:42:00.909+0000] {local_task_job_runner.py:266} INFO - Task exited with return code 0
[2026-01-08T10:42:00.941+0000] {taskinstance.py:3895} INFO - 3 downstream tasks scheduled from follow-on schedule check
[2026-01-08T10:42:00.944+0000] {local_task_job_runner.py:245} INFO - ::endgroup::
