[2026-01-08T09:04:49.980+0000] {local_task_job_runner.py:123} INFO - ::group::Pre task execution logs
[2026-01-08T09:04:50.026+0000] {taskinstance.py:2613} INFO - Dependencies all met for dep_context=non-requeueable deps ti=<TaskInstance: user_processing_branch.create_table scheduled__2026-01-07T00:00:00+00:00 [queued]>
[2026-01-08T09:04:50.054+0000] {taskinstance.py:2613} INFO - Dependencies all met for dep_context=requeueable deps ti=<TaskInstance: user_processing_branch.create_table scheduled__2026-01-07T00:00:00+00:00 [queued]>
[2026-01-08T09:04:50.054+0000] {taskinstance.py:2866} INFO - Starting attempt 1 of 1
[2026-01-08T09:04:50.547+0000] {taskinstance.py:2889} INFO - Executing <Task(SQLExecuteQueryOperator): create_table> on 2026-01-07 00:00:00+00:00
[2026-01-08T09:04:50.566+0000] {standard_task_runner.py:72} INFO - Started process 12330 to run task
[2026-01-08T09:04:50.575+0000] {standard_task_runner.py:104} INFO - Running: ['***', 'tasks', 'run', 'user_processing_branch', 'create_table', 'scheduled__2026-01-07T00:00:00+00:00', '--job-id', '84', '--raw', '--subdir', 'DAGS_FOLDER/user_processing_branching.py', '--cfg-path', '/tmp/tmp04mkxbg5']
[2026-01-08T09:04:50.584+0000] {standard_task_runner.py:105} INFO - Job 84: Subtask create_table
[2026-01-08T09:04:50.749+0000] {task_command.py:467} INFO - Running <TaskInstance: user_processing_branch.create_table scheduled__2026-01-07T00:00:00+00:00 [running]> on host 91260714fecb
[2026-01-08T09:04:51.047+0000] {taskinstance.py:3132} INFO - Exporting env vars: AIRFLOW_CTX_DAG_OWNER='***' AIRFLOW_CTX_DAG_ID='user_processing_branch' AIRFLOW_CTX_TASK_ID='create_table' AIRFLOW_CTX_EXECUTION_DATE='2026-01-07T00:00:00+00:00' AIRFLOW_CTX_TRY_NUMBER='1' AIRFLOW_CTX_DAG_RUN_ID='scheduled__2026-01-07T00:00:00+00:00'
[2026-01-08T09:04:51.050+0000] {taskinstance.py:731} INFO - ::endgroup::
[2026-01-08T09:04:51.096+0000] {sql.py:278} INFO - Executing: 
        CREATE TABLE IF NOT EXISTS filtered_users (
            id BIGINT NOT NULL,
            firstname TEXT NOT NULL,
            lastname TEXT NOT NULL,
            country TEXT NOT NULL,
            username TEXT NOT NULL,
            password TEXT NOT NULL,
            email TEXT NOT NULL
        );
        
[2026-01-08T09:04:51.136+0000] {base.py:84} INFO - Retrieving connection 'postgres'
[2026-01-08T09:04:51.159+0000] {base.py:84} INFO - Retrieving connection 'postgres'
[2026-01-08T09:04:51.170+0000] {sql.py:553} INFO - Running statement: 
        CREATE TABLE IF NOT EXISTS filtered_users (
            id BIGINT NOT NULL,
            firstname TEXT NOT NULL,
            lastname TEXT NOT NULL,
            country TEXT NOT NULL,
            username TEXT NOT NULL,
            password TEXT NOT NULL,
            email TEXT NOT NULL
        );
        , parameters: None
[2026-01-08T09:04:51.264+0000] {taskinstance.py:340} INFO - ::group::Post task execution logs
[2026-01-08T09:04:51.266+0000] {taskinstance.py:352} INFO - Marking task as SUCCESS. dag_id=user_processing_branch, task_id=create_table, run_id=scheduled__2026-01-07T00:00:00+00:00, execution_date=20260107T000000, start_date=20260108T090450, end_date=20260108T090451
[2026-01-08T09:04:51.329+0000] {local_task_job_runner.py:266} INFO - Task exited with return code 0
[2026-01-08T09:04:51.408+0000] {taskinstance.py:3895} INFO - 1 downstream tasks scheduled from follow-on schedule check
[2026-01-08T09:04:51.460+0000] {local_task_job_runner.py:245} INFO - ::endgroup::
