[2026-01-07T17:09:58.734+0000] {local_task_job_runner.py:123} INFO - ::group::Pre task execution logs
[2026-01-07T17:09:58.750+0000] {taskinstance.py:2613} INFO - Dependencies all met for dep_context=non-requeueable deps ti=<TaskInstance: user_processing.is_api_available manual__2026-01-07T17:09:56.737228+00:00 [queued]>
[2026-01-07T17:09:58.758+0000] {taskinstance.py:2613} INFO - Dependencies all met for dep_context=requeueable deps ti=<TaskInstance: user_processing.is_api_available manual__2026-01-07T17:09:56.737228+00:00 [queued]>
[2026-01-07T17:09:58.758+0000] {taskinstance.py:2866} INFO - Starting attempt 1 of 1
[2026-01-07T17:09:58.948+0000] {taskinstance.py:2889} INFO - Executing <Task(HttpSensor): is_api_available> on 2026-01-07 17:09:56.737228+00:00
[2026-01-07T17:09:58.955+0000] {standard_task_runner.py:72} INFO - Started process 5987 to run task
[2026-01-07T17:09:58.959+0000] {standard_task_runner.py:104} INFO - Running: ['***', 'tasks', 'run', 'user_processing', 'is_api_available', 'manual__2026-01-07T17:09:56.737228+00:00', '--job-id', '39', '--raw', '--subdir', 'DAGS_FOLDER/user_processing.py', '--cfg-path', '/tmp/tmpzz9y7gs7']
[2026-01-07T17:09:58.962+0000] {standard_task_runner.py:105} INFO - Job 39: Subtask is_api_available
[2026-01-07T17:09:59.012+0000] {task_command.py:467} INFO - Running <TaskInstance: user_processing.is_api_available manual__2026-01-07T17:09:56.737228+00:00 [running]> on host 91260714fecb
[2026-01-07T17:09:59.096+0000] {taskinstance.py:3132} INFO - Exporting env vars: AIRFLOW_CTX_DAG_OWNER='***' AIRFLOW_CTX_DAG_ID='user_processing' AIRFLOW_CTX_TASK_ID='is_api_available' AIRFLOW_CTX_EXECUTION_DATE='2026-01-07T17:09:56.737228+00:00' AIRFLOW_CTX_TRY_NUMBER='1' AIRFLOW_CTX_DAG_RUN_ID='manual__2026-01-07T17:09:56.737228+00:00'
[2026-01-07T17:09:59.101+0000] {taskinstance.py:731} INFO - ::endgroup::
[2026-01-07T17:09:59.116+0000] {baseoperator.py:421} WARNING - HttpSensor.execute cannot be called outside TaskInstance!
[2026-01-07T17:09:59.116+0000] {http.py:139} INFO - Poking: users?limit=10
[2026-01-07T17:09:59.127+0000] {base.py:84} INFO - Retrieving connection 'dummy_api'
[2026-01-07T17:10:00.025+0000] {base.py:336} INFO - Success criteria met. Exiting.
[2026-01-07T17:10:00.048+0000] {taskinstance.py:340} INFO - ::group::Post task execution logs
[2026-01-07T17:10:00.048+0000] {taskinstance.py:352} INFO - Marking task as SUCCESS. dag_id=user_processing, task_id=is_api_available, run_id=manual__2026-01-07T17:09:56.737228+00:00, execution_date=20260107T170956, start_date=20260107T170958, end_date=20260107T171000
[2026-01-07T17:10:00.086+0000] {local_task_job_runner.py:266} INFO - Task exited with return code 0
[2026-01-07T17:10:00.125+0000] {taskinstance.py:3895} INFO - 1 downstream tasks scheduled from follow-on schedule check
[2026-01-07T17:10:00.127+0000] {local_task_job_runner.py:245} INFO - ::endgroup::
