[2026-01-17T05:34:15.253+0000] {local_task_job_runner.py:123} INFO - ::group::Pre task execution logs
[2026-01-17T05:34:15.303+0000] {taskinstance.py:2613} INFO - Dependencies all met for dep_context=non-requeueable deps ti=<TaskInstance: dynamic_user_processing.create_table scheduled__2026-01-16T00:00:00+00:00 [queued]>
[2026-01-17T05:34:15.325+0000] {taskinstance.py:2613} INFO - Dependencies all met for dep_context=requeueable deps ti=<TaskInstance: dynamic_user_processing.create_table scheduled__2026-01-16T00:00:00+00:00 [queued]>
[2026-01-17T05:34:15.326+0000] {taskinstance.py:2866} INFO - Starting attempt 1 of 1
[2026-01-17T05:34:15.345+0000] {taskinstance.py:2889} INFO - Executing <Task(SQLExecuteQueryOperator): create_table> on 2026-01-16 00:00:00+00:00
[2026-01-17T05:34:15.358+0000] {standard_task_runner.py:72} INFO - Started process 2460 to run task
[2026-01-17T05:34:15.367+0000] {standard_task_runner.py:104} INFO - Running: ['***', 'tasks', 'run', 'dynamic_user_processing', 'create_table', 'scheduled__2026-01-16T00:00:00+00:00', '--job-id', '202', '--raw', '--subdir', 'DAGS_FOLDER/dynamic_user_processing.py', '--cfg-path', '/tmp/tmplfhjhhsq']
[2026-01-17T05:34:15.373+0000] {standard_task_runner.py:105} INFO - Job 202: Subtask create_table
[2026-01-17T05:34:15.464+0000] {task_command.py:467} INFO - Running <TaskInstance: dynamic_user_processing.create_table scheduled__2026-01-16T00:00:00+00:00 [running]> on host 7083de6a3519
[2026-01-17T05:34:15.632+0000] {taskinstance.py:3132} INFO - Exporting env vars: AIRFLOW_CTX_DAG_OWNER='***' AIRFLOW_CTX_DAG_ID='dynamic_user_processing' AIRFLOW_CTX_TASK_ID='create_table' AIRFLOW_CTX_EXECUTION_DATE='2026-01-16T00:00:00+00:00' AIRFLOW_CTX_TRY_NUMBER='1' AIRFLOW_CTX_DAG_RUN_ID='scheduled__2026-01-16T00:00:00+00:00'
[2026-01-17T05:34:15.637+0000] {taskinstance.py:731} INFO - ::endgroup::
[2026-01-17T05:34:15.642+0000] {sql.py:278} INFO - Executing: 
        DROP TABLE IF EXISTS users;
        CREATE TABLE IF NOT EXISTS users (
            id BIGINT NOT NULL,
            firstname TEXT NOT NULL,
            lastname TEXT NOT NULL,
            country TEXT NOT NULL,
            username TEXT NOT NULL,
            password TEXT NOT NULL,
            email TEXT NOT NULL,
            age INTEGER NOT NULL,
            gender TEXT NOT NULL
        );
        
[2026-01-17T05:34:15.660+0000] {base.py:84} INFO - Retrieving connection 'postgres'
[2026-01-17T05:34:15.679+0000] {base.py:84} INFO - Retrieving connection 'postgres'
[2026-01-17T05:34:15.686+0000] {sql.py:553} INFO - Running statement: 
        DROP TABLE IF EXISTS users;
        CREATE TABLE IF NOT EXISTS users (
            id BIGINT NOT NULL,
            firstname TEXT NOT NULL,
            lastname TEXT NOT NULL,
            country TEXT NOT NULL,
            username TEXT NOT NULL,
            password TEXT NOT NULL,
            email TEXT NOT NULL,
            age INTEGER NOT NULL,
            gender TEXT NOT NULL
        );
        , parameters: None
[2026-01-17T05:34:15.723+0000] {taskinstance.py:340} INFO - ::group::Post task execution logs
[2026-01-17T05:34:15.725+0000] {taskinstance.py:352} INFO - Marking task as SUCCESS. dag_id=dynamic_user_processing, task_id=create_table, run_id=scheduled__2026-01-16T00:00:00+00:00, execution_date=20260116T000000, start_date=20260117T053415, end_date=20260117T053415
[2026-01-17T05:34:15.786+0000] {local_task_job_runner.py:266} INFO - Task exited with return code 0
[2026-01-17T05:34:15.817+0000] {local_task_job_runner.py:245} INFO - ::endgroup::
