[2026-01-07T09:14:43.693+0000] {local_task_job_runner.py:123} INFO - ::group::Pre task execution logs
[2026-01-07T09:14:43.708+0000] {taskinstance.py:2613} INFO - Dependencies all met for dep_context=non-requeueable deps ti=<TaskInstance: hello_spark.submit_hello_spark scheduled__2026-01-06T00:00:00+00:00 [queued]>
[2026-01-07T09:14:43.714+0000] {taskinstance.py:2613} INFO - Dependencies all met for dep_context=requeueable deps ti=<TaskInstance: hello_spark.submit_hello_spark scheduled__2026-01-06T00:00:00+00:00 [queued]>
[2026-01-07T09:14:43.714+0000] {taskinstance.py:2866} INFO - Starting attempt 1 of 1
[2026-01-07T09:14:43.726+0000] {taskinstance.py:2889} INFO - Executing <Task(SparkSubmitOperator): submit_hello_spark> on 2026-01-06 00:00:00+00:00
[2026-01-07T09:14:43.732+0000] {standard_task_runner.py:72} INFO - Started process 393 to run task
[2026-01-07T09:14:43.737+0000] {standard_task_runner.py:104} INFO - Running: ['***', 'tasks', 'run', 'hello_spark', 'submit_hello_spark', 'scheduled__2026-01-06T00:00:00+00:00', '--job-id', '3', '--raw', '--subdir', 'DAGS_FOLDER/submit_spark_dag.py', '--cfg-path', '/tmp/tmpdscfce7_']
[2026-01-07T09:14:43.739+0000] {standard_task_runner.py:105} INFO - Job 3: Subtask submit_hello_spark
[2026-01-07T09:14:43.824+0000] {task_command.py:467} INFO - Running <TaskInstance: hello_spark.submit_hello_spark scheduled__2026-01-06T00:00:00+00:00 [running]> on host c7214e4d59a5
[2026-01-07T09:14:43.900+0000] {taskinstance.py:3132} INFO - Exporting env vars: AIRFLOW_CTX_DAG_OWNER='***' AIRFLOW_CTX_DAG_ID='hello_spark' AIRFLOW_CTX_TASK_ID='submit_hello_spark' AIRFLOW_CTX_EXECUTION_DATE='2026-01-06T00:00:00+00:00' AIRFLOW_CTX_TRY_NUMBER='1' AIRFLOW_CTX_DAG_RUN_ID='scheduled__2026-01-06T00:00:00+00:00'
[2026-01-07T09:14:43.901+0000] {taskinstance.py:731} INFO - ::endgroup::
[2026-01-07T09:14:43.912+0000] {spark_submit.py:305} INFO - Could not load connection string spark_conn, defaulting to yarn
[2026-01-07T09:14:43.913+0000] {spark_submit.py:474} INFO - Spark-Submit cmd: spark-submit --master yarn --name hello_spark --verbose dags/include/hello_spark.py
[2026-01-07T09:14:43.996+0000] {spark_submit.py:644} INFO - /home/***/.local/lib/python3.11/site-packages/pyspark/bin/load-spark-env.sh: line 68: ps: command not found
[2026-01-07T09:14:46.217+0000] {spark_submit.py:644} INFO - Using properties file: null
[2026-01-07T09:14:46.399+0000] {spark_submit.py:644} INFO - Exception in thread "main" org.apache.spark.SparkException: When running with master 'yarn' either HADOOP_CONF_DIR or YARN_CONF_DIR must be set in the environment.
[2026-01-07T09:14:46.399+0000] {spark_submit.py:644} INFO - at org.apache.spark.deploy.SparkSubmitArguments.error(SparkSubmitArguments.scala:650)
[2026-01-07T09:14:46.400+0000] {spark_submit.py:644} INFO - at org.apache.spark.deploy.SparkSubmitArguments.validateSubmitArguments(SparkSubmitArguments.scala:281)
[2026-01-07T09:14:46.400+0000] {spark_submit.py:644} INFO - at org.apache.spark.deploy.SparkSubmitArguments.validateArguments(SparkSubmitArguments.scala:237)
[2026-01-07T09:14:46.400+0000] {spark_submit.py:644} INFO - at org.apache.spark.deploy.SparkSubmitArguments.<init>(SparkSubmitArguments.scala:122)
[2026-01-07T09:14:46.400+0000] {spark_submit.py:644} INFO - at org.apache.spark.deploy.SparkSubmit$$anon$2$$anon$3.<init>(SparkSubmit.scala:1103)
[2026-01-07T09:14:46.400+0000] {spark_submit.py:644} INFO - at org.apache.spark.deploy.SparkSubmit$$anon$2.parseArguments(SparkSubmit.scala:1103)
[2026-01-07T09:14:46.401+0000] {spark_submit.py:644} INFO - at org.apache.spark.deploy.SparkSubmit.doSubmit(SparkSubmit.scala:86)
[2026-01-07T09:14:46.401+0000] {spark_submit.py:644} INFO - at org.apache.spark.deploy.SparkSubmit$$anon$2.doSubmit(SparkSubmit.scala:1120)
[2026-01-07T09:14:46.402+0000] {spark_submit.py:644} INFO - at org.apache.spark.deploy.SparkSubmit$.main(SparkSubmit.scala:1129)
[2026-01-07T09:14:46.402+0000] {spark_submit.py:644} INFO - at org.apache.spark.deploy.SparkSubmit.main(SparkSubmit.scala)
[2026-01-07T09:14:46.446+0000] {taskinstance.py:3311} ERROR - Task failed with exception
Traceback (most recent call last):
  File "/home/airflow/.local/lib/python3.11/site-packages/airflow/models/taskinstance.py", line 767, in _execute_task
    result = _execute_callable(context=context, **execute_callable_kwargs)
             ^^^^^^^^^^^^^^^^^^^^^^^^^^^^^^^^^^^^^^^^^^^^^^^^^^^^^^^^^^^^^
  File "/home/airflow/.local/lib/python3.11/site-packages/airflow/models/taskinstance.py", line 733, in _execute_callable
    return ExecutionCallableRunner(
           ^^^^^^^^^^^^^^^^^^^^^^^^
  File "/home/airflow/.local/lib/python3.11/site-packages/airflow/utils/operator_helpers.py", line 252, in run
    return self.func(*args, **kwargs)
           ^^^^^^^^^^^^^^^^^^^^^^^^^^
  File "/home/airflow/.local/lib/python3.11/site-packages/airflow/models/baseoperator.py", line 422, in wrapper
    return func(self, *args, **kwargs)
           ^^^^^^^^^^^^^^^^^^^^^^^^^^^
  File "/home/airflow/.local/lib/python3.11/site-packages/airflow/providers/apache/spark/operators/spark_submit.py", line 197, in execute
    self._hook.submit(self.application)
  File "/home/airflow/.local/lib/python3.11/site-packages/airflow/providers/apache/spark/hooks/spark_submit.py", line 566, in submit
    raise AirflowException(
airflow.exceptions.AirflowException: Cannot execute: spark-submit --master yarn --name hello_spark --verbose dags/include/hello_spark.py. Error code is: 1.
[2026-01-07T09:14:46.456+0000] {taskinstance.py:1225} INFO - Marking task as FAILED. dag_id=hello_spark, task_id=submit_hello_spark, run_id=scheduled__2026-01-06T00:00:00+00:00, execution_date=20260106T000000, start_date=20260107T091443, end_date=20260107T091446
[2026-01-07T09:14:46.473+0000] {taskinstance.py:340} INFO - ::group::Post task execution logs
[2026-01-07T09:14:46.474+0000] {standard_task_runner.py:124} ERROR - Failed to execute job 3 for task submit_hello_spark (Cannot execute: spark-submit --master yarn --name hello_spark --verbose dags/include/hello_spark.py. Error code is: 1.; 393)
Traceback (most recent call last):
  File "/home/airflow/.local/lib/python3.11/site-packages/airflow/task/task_runner/standard_task_runner.py", line 117, in _start_by_fork
    ret = args.func(args, dag=self.dag)
          ^^^^^^^^^^^^^^^^^^^^^^^^^^^^^
  File "/home/airflow/.local/lib/python3.11/site-packages/airflow/cli/cli_config.py", line 49, in command
    return func(*args, **kwargs)
           ^^^^^^^^^^^^^^^^^^^^^
  File "/home/airflow/.local/lib/python3.11/site-packages/airflow/utils/cli.py", line 116, in wrapper
    return f(*args, **kwargs)
           ^^^^^^^^^^^^^^^^^^
  File "/home/airflow/.local/lib/python3.11/site-packages/airflow/cli/commands/task_command.py", line 483, in task_run
    task_return_code = _run_task_by_selected_method(args, _dag, ti)
                       ^^^^^^^^^^^^^^^^^^^^^^^^^^^^^^^^^^^^^^^^^^^^
  File "/home/airflow/.local/lib/python3.11/site-packages/airflow/cli/commands/task_command.py", line 256, in _run_task_by_selected_method
    return _run_raw_task(args, ti)
           ^^^^^^^^^^^^^^^^^^^^^^^
  File "/home/airflow/.local/lib/python3.11/site-packages/airflow/cli/commands/task_command.py", line 341, in _run_raw_task
    return ti._run_raw_task(
           ^^^^^^^^^^^^^^^^^
  File "/home/airflow/.local/lib/python3.11/site-packages/airflow/utils/session.py", line 97, in wrapper
    return func(*args, session=session, **kwargs)
           ^^^^^^^^^^^^^^^^^^^^^^^^^^^^^^^^^^^^^^
  File "/home/airflow/.local/lib/python3.11/site-packages/airflow/models/taskinstance.py", line 3005, in _run_raw_task
    return _run_raw_task(
           ^^^^^^^^^^^^^^
  File "/home/airflow/.local/lib/python3.11/site-packages/airflow/models/taskinstance.py", line 273, in _run_raw_task
    TaskInstance._execute_task_with_callbacks(
  File "/home/airflow/.local/lib/python3.11/site-packages/airflow/models/taskinstance.py", line 3159, in _execute_task_with_callbacks
    result = self._execute_task(context, task_orig)
             ^^^^^^^^^^^^^^^^^^^^^^^^^^^^^^^^^^^^^^
  File "/home/airflow/.local/lib/python3.11/site-packages/airflow/models/taskinstance.py", line 3183, in _execute_task
    return _execute_task(self, context, task_orig)
           ^^^^^^^^^^^^^^^^^^^^^^^^^^^^^^^^^^^^^^^
  File "/home/airflow/.local/lib/python3.11/site-packages/airflow/models/taskinstance.py", line 767, in _execute_task
    result = _execute_callable(context=context, **execute_callable_kwargs)
             ^^^^^^^^^^^^^^^^^^^^^^^^^^^^^^^^^^^^^^^^^^^^^^^^^^^^^^^^^^^^^
  File "/home/airflow/.local/lib/python3.11/site-packages/airflow/models/taskinstance.py", line 733, in _execute_callable
    return ExecutionCallableRunner(
           ^^^^^^^^^^^^^^^^^^^^^^^^
  File "/home/airflow/.local/lib/python3.11/site-packages/airflow/utils/operator_helpers.py", line 252, in run
    return self.func(*args, **kwargs)
           ^^^^^^^^^^^^^^^^^^^^^^^^^^
  File "/home/airflow/.local/lib/python3.11/site-packages/airflow/models/baseoperator.py", line 422, in wrapper
    return func(self, *args, **kwargs)
           ^^^^^^^^^^^^^^^^^^^^^^^^^^^
  File "/home/airflow/.local/lib/python3.11/site-packages/airflow/providers/apache/spark/operators/spark_submit.py", line 197, in execute
    self._hook.submit(self.application)
  File "/home/airflow/.local/lib/python3.11/site-packages/airflow/providers/apache/spark/hooks/spark_submit.py", line 566, in submit
    raise AirflowException(
airflow.exceptions.AirflowException: Cannot execute: spark-submit --master yarn --name hello_spark --verbose dags/include/hello_spark.py. Error code is: 1.
[2026-01-07T09:14:46.516+0000] {local_task_job_runner.py:266} INFO - Task exited with return code 1
[2026-01-07T09:14:46.542+0000] {taskinstance.py:3895} INFO - 0 downstream tasks scheduled from follow-on schedule check
[2026-01-07T09:14:46.545+0000] {local_task_job_runner.py:245} INFO - ::endgroup::
