[2026-01-08T11:50:01.141+0000] {local_task_job_runner.py:123} INFO - ::group::Pre task execution logs
[2026-01-08T11:50:01.184+0000] {taskinstance.py:2613} INFO - Dependencies all met for dep_context=non-requeueable deps ti=<TaskInstance: tg_user_processing.is_api_available scheduled__2026-01-07T00:00:00+00:00 [queued]>
[2026-01-08T11:50:01.204+0000] {taskinstance.py:2613} INFO - Dependencies all met for dep_context=requeueable deps ti=<TaskInstance: tg_user_processing.is_api_available scheduled__2026-01-07T00:00:00+00:00 [queued]>
[2026-01-08T11:50:01.205+0000] {taskinstance.py:2866} INFO - Starting attempt 1 of 1
[2026-01-08T11:50:01.630+0000] {taskinstance.py:2889} INFO - Executing <Task(HttpSensor): is_api_available> on 2026-01-07 00:00:00+00:00
[2026-01-08T11:50:01.646+0000] {standard_task_runner.py:72} INFO - Started process 14417 to run task
[2026-01-08T11:50:01.655+0000] {standard_task_runner.py:104} INFO - Running: ['***', 'tasks', 'run', 'tg_user_processing', 'is_api_available', 'scheduled__2026-01-07T00:00:00+00:00', '--job-id', '114', '--raw', '--subdir', 'DAGS_FOLDER/tg_user_processing.py', '--cfg-path', '/tmp/tmpuicfphf7']
[2026-01-08T11:50:01.667+0000] {standard_task_runner.py:105} INFO - Job 114: Subtask is_api_available
[2026-01-08T11:50:01.816+0000] {task_command.py:467} INFO - Running <TaskInstance: tg_user_processing.is_api_available scheduled__2026-01-07T00:00:00+00:00 [running]> on host 91260714fecb
[2026-01-08T11:50:02.045+0000] {taskinstance.py:3132} INFO - Exporting env vars: AIRFLOW_CTX_DAG_OWNER='***' AIRFLOW_CTX_DAG_ID='tg_user_processing' AIRFLOW_CTX_TASK_ID='is_api_available' AIRFLOW_CTX_EXECUTION_DATE='2026-01-07T00:00:00+00:00' AIRFLOW_CTX_TRY_NUMBER='1' AIRFLOW_CTX_DAG_RUN_ID='scheduled__2026-01-07T00:00:00+00:00'
[2026-01-08T11:50:02.049+0000] {taskinstance.py:731} INFO - ::endgroup::
[2026-01-08T11:50:02.083+0000] {baseoperator.py:421} WARNING - HttpSensor.execute cannot be called outside TaskInstance!
[2026-01-08T11:50:02.084+0000] {http.py:139} INFO - Poking: users?limit=10
[2026-01-08T11:50:02.111+0000] {base.py:84} INFO - Retrieving connection 'dummy_api'
[2026-01-08T11:50:03.078+0000] {base.py:336} INFO - Success criteria met. Exiting.
[2026-01-08T11:50:03.103+0000] {taskinstance.py:340} INFO - ::group::Post task execution logs
[2026-01-08T11:50:03.103+0000] {taskinstance.py:352} INFO - Marking task as SUCCESS. dag_id=tg_user_processing, task_id=is_api_available, run_id=scheduled__2026-01-07T00:00:00+00:00, execution_date=20260107T000000, start_date=20260108T115001, end_date=20260108T115003
[2026-01-08T11:50:03.148+0000] {local_task_job_runner.py:266} INFO - Task exited with return code 0
[2026-01-08T11:50:03.220+0000] {taskinstance.py:3895} INFO - 3 downstream tasks scheduled from follow-on schedule check
[2026-01-08T11:50:03.226+0000] {local_task_job_runner.py:245} INFO - ::endgroup::
