[2026-01-08T04:05:15.797+0000] {local_task_job_runner.py:123} INFO - ::group::Pre task execution logs
[2026-01-08T04:05:15.820+0000] {taskinstance.py:2613} INFO - Dependencies all met for dep_context=non-requeueable deps ti=<TaskInstance: products_processing.is_api_available manual__2026-01-08T04:05:14.130543+00:00 [queued]>
[2026-01-08T04:05:15.834+0000] {taskinstance.py:2613} INFO - Dependencies all met for dep_context=requeueable deps ti=<TaskInstance: products_processing.is_api_available manual__2026-01-08T04:05:14.130543+00:00 [queued]>
[2026-01-08T04:05:15.835+0000] {taskinstance.py:2866} INFO - Starting attempt 1 of 1
[2026-01-08T04:05:16.051+0000] {taskinstance.py:2889} INFO - Executing <Task(HttpSensor): is_api_available> on 2026-01-08 04:05:14.130543+00:00
[2026-01-08T04:05:16.062+0000] {standard_task_runner.py:72} INFO - Started process 8505 to run task
[2026-01-08T04:05:16.067+0000] {standard_task_runner.py:104} INFO - Running: ['***', 'tasks', 'run', 'products_processing', 'is_api_available', 'manual__2026-01-08T04:05:14.130543+00:00', '--job-id', '52', '--raw', '--subdir', 'DAGS_FOLDER/product_pipeline.py', '--cfg-path', '/tmp/tmpiz8rsy12']
[2026-01-08T04:05:16.072+0000] {standard_task_runner.py:105} INFO - Job 52: Subtask is_api_available
[2026-01-08T04:05:16.136+0000] {task_command.py:467} INFO - Running <TaskInstance: products_processing.is_api_available manual__2026-01-08T04:05:14.130543+00:00 [running]> on host 91260714fecb
[2026-01-08T04:05:16.224+0000] {taskinstance.py:3132} INFO - Exporting env vars: AIRFLOW_CTX_DAG_OWNER='***' AIRFLOW_CTX_DAG_ID='products_processing' AIRFLOW_CTX_TASK_ID='is_api_available' AIRFLOW_CTX_EXECUTION_DATE='2026-01-08T04:05:14.130543+00:00' AIRFLOW_CTX_TRY_NUMBER='1' AIRFLOW_CTX_DAG_RUN_ID='manual__2026-01-08T04:05:14.130543+00:00'
[2026-01-08T04:05:16.226+0000] {taskinstance.py:731} INFO - ::endgroup::
[2026-01-08T04:05:16.240+0000] {baseoperator.py:421} WARNING - HttpSensor.execute cannot be called outside TaskInstance!
[2026-01-08T04:05:16.241+0000] {http.py:139} INFO - Poking: products?limit=10
[2026-01-08T04:05:16.252+0000] {base.py:84} INFO - Retrieving connection 'dummy_api'
[2026-01-08T04:05:16.839+0000] {base.py:336} INFO - Success criteria met. Exiting.
[2026-01-08T04:05:16.865+0000] {taskinstance.py:340} INFO - ::group::Post task execution logs
[2026-01-08T04:05:16.866+0000] {taskinstance.py:352} INFO - Marking task as SUCCESS. dag_id=products_processing, task_id=is_api_available, run_id=manual__2026-01-08T04:05:14.130543+00:00, execution_date=20260108T040514, start_date=20260108T040515, end_date=20260108T040516
[2026-01-08T04:05:16.919+0000] {local_task_job_runner.py:266} INFO - Task exited with return code 0
[2026-01-08T04:05:16.946+0000] {taskinstance.py:3895} INFO - 0 downstream tasks scheduled from follow-on schedule check
[2026-01-08T04:05:16.947+0000] {local_task_job_runner.py:245} INFO - ::endgroup::
