[2026-01-08T08:02:46.992+0000] {processor.py:186} INFO - Started process (PID=22223) to work on /opt/airflow/dags/user_processing_xcom.py
[2026-01-08T08:02:46.993+0000] {processor.py:914} INFO - Processing file /opt/airflow/dags/user_processing_xcom.py for tasks to queue
[2026-01-08T08:02:46.995+0000] {logging_mixin.py:190} INFO - [2026-01-08T08:02:46.994+0000] {dagbag.py:588} INFO - Filling up the DagBag from /opt/airflow/dags/user_processing_xcom.py
[2026-01-08T08:02:47.274+0000] {processor.py:925} INFO - DAG(s) 'user_processing_xcom' retrieved from /opt/airflow/dags/user_processing_xcom.py
[2026-01-08T08:02:47.599+0000] {logging_mixin.py:190} INFO - [2026-01-08T08:02:47.598+0000] {override.py:1911} INFO - Created Permission View: can edit on DAG:user_processing_xcom
[2026-01-08T08:02:47.608+0000] {logging_mixin.py:190} INFO - [2026-01-08T08:02:47.608+0000] {override.py:1911} INFO - Created Permission View: can delete on DAG:user_processing_xcom
[2026-01-08T08:02:47.614+0000] {logging_mixin.py:190} INFO - [2026-01-08T08:02:47.614+0000] {override.py:1911} INFO - Created Permission View: can read on DAG:user_processing_xcom
[2026-01-08T08:02:47.622+0000] {logging_mixin.py:190} INFO - [2026-01-08T08:02:47.622+0000] {override.py:1911} INFO - Created Permission View: menu access on DAG Run:user_processing_xcom
[2026-01-08T08:02:47.629+0000] {logging_mixin.py:190} INFO - [2026-01-08T08:02:47.629+0000] {override.py:1911} INFO - Created Permission View: can delete on DAG Run:user_processing_xcom
[2026-01-08T08:02:47.636+0000] {logging_mixin.py:190} INFO - [2026-01-08T08:02:47.636+0000] {override.py:1911} INFO - Created Permission View: can read on DAG Run:user_processing_xcom
[2026-01-08T08:02:47.642+0000] {logging_mixin.py:190} INFO - [2026-01-08T08:02:47.641+0000] {override.py:1911} INFO - Created Permission View: can create on DAG Run:user_processing_xcom
[2026-01-08T08:02:47.643+0000] {logging_mixin.py:190} INFO - [2026-01-08T08:02:47.642+0000] {dag.py:3239} INFO - Sync 1 DAGs
[2026-01-08T08:02:47.654+0000] {logging_mixin.py:190} INFO - [2026-01-08T08:02:47.653+0000] {dag.py:3262} INFO - Creating ORM DAG for user_processing_xcom
[2026-01-08T08:02:47.663+0000] {logging_mixin.py:190} INFO - [2026-01-08T08:02:47.663+0000] {dag.py:4180} INFO - Setting next_dagrun for user_processing_xcom to 2026-01-07 00:00:00+00:00, run_after=2026-01-08 00:00:00+00:00
[2026-01-08T08:02:47.678+0000] {processor.py:208} INFO - Processing /opt/airflow/dags/user_processing_xcom.py took 0.693 seconds
[2026-01-08T08:03:17.892+0000] {processor.py:186} INFO - Started process (PID=22240) to work on /opt/airflow/dags/user_processing_xcom.py
[2026-01-08T08:03:17.893+0000] {processor.py:914} INFO - Processing file /opt/airflow/dags/user_processing_xcom.py for tasks to queue
[2026-01-08T08:03:17.894+0000] {logging_mixin.py:190} INFO - [2026-01-08T08:03:17.893+0000] {dagbag.py:588} INFO - Filling up the DagBag from /opt/airflow/dags/user_processing_xcom.py
[2026-01-08T08:03:18.216+0000] {processor.py:925} INFO - DAG(s) 'user_processing_xcom' retrieved from /opt/airflow/dags/user_processing_xcom.py
[2026-01-08T08:03:18.249+0000] {logging_mixin.py:190} INFO - [2026-01-08T08:03:18.246+0000] {dag.py:3239} INFO - Sync 1 DAGs
[2026-01-08T08:03:18.472+0000] {logging_mixin.py:190} INFO - [2026-01-08T08:03:18.472+0000] {dag.py:4180} INFO - Setting next_dagrun for user_processing_xcom to 2026-01-07 00:00:00+00:00, run_after=2026-01-08 00:00:00+00:00
[2026-01-08T08:03:18.490+0000] {processor.py:208} INFO - Processing /opt/airflow/dags/user_processing_xcom.py took 0.606 seconds
[2026-01-08T08:03:48.656+0000] {processor.py:186} INFO - Started process (PID=22256) to work on /opt/airflow/dags/user_processing_xcom.py
[2026-01-08T08:03:48.657+0000] {processor.py:914} INFO - Processing file /opt/airflow/dags/user_processing_xcom.py for tasks to queue
[2026-01-08T08:03:48.658+0000] {logging_mixin.py:190} INFO - [2026-01-08T08:03:48.658+0000] {dagbag.py:588} INFO - Filling up the DagBag from /opt/airflow/dags/user_processing_xcom.py
[2026-01-08T08:03:48.905+0000] {processor.py:925} INFO - DAG(s) 'user_processing_xcom' retrieved from /opt/airflow/dags/user_processing_xcom.py
[2026-01-08T08:03:49.090+0000] {logging_mixin.py:190} INFO - [2026-01-08T08:03:49.089+0000] {dag.py:3239} INFO - Sync 1 DAGs
[2026-01-08T08:03:49.117+0000] {logging_mixin.py:190} INFO - [2026-01-08T08:03:49.117+0000] {dag.py:4180} INFO - Setting next_dagrun for user_processing_xcom to 2026-01-07 00:00:00+00:00, run_after=2026-01-08 00:00:00+00:00
[2026-01-08T08:03:49.145+0000] {processor.py:208} INFO - Processing /opt/airflow/dags/user_processing_xcom.py took 0.497 seconds
[2026-01-08T08:04:19.324+0000] {processor.py:186} INFO - Started process (PID=22272) to work on /opt/airflow/dags/user_processing_xcom.py
[2026-01-08T08:04:19.325+0000] {processor.py:914} INFO - Processing file /opt/airflow/dags/user_processing_xcom.py for tasks to queue
[2026-01-08T08:04:19.326+0000] {logging_mixin.py:190} INFO - [2026-01-08T08:04:19.326+0000] {dagbag.py:588} INFO - Filling up the DagBag from /opt/airflow/dags/user_processing_xcom.py
[2026-01-08T08:04:19.602+0000] {processor.py:925} INFO - DAG(s) 'user_processing_xcom' retrieved from /opt/airflow/dags/user_processing_xcom.py
[2026-01-08T08:04:19.625+0000] {logging_mixin.py:190} INFO - [2026-01-08T08:04:19.624+0000] {dag.py:3239} INFO - Sync 1 DAGs
[2026-01-08T08:04:19.644+0000] {logging_mixin.py:190} INFO - [2026-01-08T08:04:19.644+0000] {dag.py:4180} INFO - Setting next_dagrun for user_processing_xcom to 2026-01-07 00:00:00+00:00, run_after=2026-01-08 00:00:00+00:00
[2026-01-08T08:04:19.669+0000] {processor.py:208} INFO - Processing /opt/airflow/dags/user_processing_xcom.py took 0.354 seconds
[2026-01-08T08:04:49.995+0000] {processor.py:186} INFO - Started process (PID=22288) to work on /opt/airflow/dags/user_processing_xcom.py
[2026-01-08T08:04:49.996+0000] {processor.py:914} INFO - Processing file /opt/airflow/dags/user_processing_xcom.py for tasks to queue
[2026-01-08T08:04:49.998+0000] {logging_mixin.py:190} INFO - [2026-01-08T08:04:49.997+0000] {dagbag.py:588} INFO - Filling up the DagBag from /opt/airflow/dags/user_processing_xcom.py
[2026-01-08T08:04:50.315+0000] {processor.py:925} INFO - DAG(s) 'user_processing_xcom' retrieved from /opt/airflow/dags/user_processing_xcom.py
[2026-01-08T08:04:50.351+0000] {logging_mixin.py:190} INFO - [2026-01-08T08:04:50.350+0000] {dag.py:3239} INFO - Sync 1 DAGs
[2026-01-08T08:04:50.377+0000] {logging_mixin.py:190} INFO - [2026-01-08T08:04:50.377+0000] {dag.py:4180} INFO - Setting next_dagrun for user_processing_xcom to 2026-01-07 00:00:00+00:00, run_after=2026-01-08 00:00:00+00:00
[2026-01-08T08:04:50.398+0000] {processor.py:208} INFO - Processing /opt/airflow/dags/user_processing_xcom.py took 0.410 seconds
[2026-01-08T08:05:20.568+0000] {processor.py:186} INFO - Started process (PID=22303) to work on /opt/airflow/dags/user_processing_xcom.py
[2026-01-08T08:05:20.569+0000] {processor.py:914} INFO - Processing file /opt/airflow/dags/user_processing_xcom.py for tasks to queue
[2026-01-08T08:05:20.571+0000] {logging_mixin.py:190} INFO - [2026-01-08T08:05:20.570+0000] {dagbag.py:588} INFO - Filling up the DagBag from /opt/airflow/dags/user_processing_xcom.py
[2026-01-08T08:05:20.840+0000] {processor.py:925} INFO - DAG(s) 'user_processing_xcom' retrieved from /opt/airflow/dags/user_processing_xcom.py
[2026-01-08T08:05:20.864+0000] {logging_mixin.py:190} INFO - [2026-01-08T08:05:20.864+0000] {dag.py:3239} INFO - Sync 1 DAGs
[2026-01-08T08:05:20.891+0000] {logging_mixin.py:190} INFO - [2026-01-08T08:05:20.890+0000] {dag.py:4180} INFO - Setting next_dagrun for user_processing_xcom to 2026-01-07 00:00:00+00:00, run_after=2026-01-08 00:00:00+00:00
[2026-01-08T08:05:21.087+0000] {processor.py:208} INFO - Processing /opt/airflow/dags/user_processing_xcom.py took 0.528 seconds
[2026-01-08T08:05:51.268+0000] {processor.py:186} INFO - Started process (PID=22320) to work on /opt/airflow/dags/user_processing_xcom.py
[2026-01-08T08:05:51.269+0000] {processor.py:914} INFO - Processing file /opt/airflow/dags/user_processing_xcom.py for tasks to queue
[2026-01-08T08:05:51.270+0000] {logging_mixin.py:190} INFO - [2026-01-08T08:05:51.270+0000] {dagbag.py:588} INFO - Filling up the DagBag from /opt/airflow/dags/user_processing_xcom.py
[2026-01-08T08:05:51.630+0000] {processor.py:925} INFO - DAG(s) 'user_processing_xcom' retrieved from /opt/airflow/dags/user_processing_xcom.py
[2026-01-08T08:05:51.663+0000] {logging_mixin.py:190} INFO - [2026-01-08T08:05:51.662+0000] {dag.py:3239} INFO - Sync 1 DAGs
[2026-01-08T08:05:51.948+0000] {logging_mixin.py:190} INFO - [2026-01-08T08:05:51.948+0000] {dag.py:4180} INFO - Setting next_dagrun for user_processing_xcom to 2026-01-07 00:00:00+00:00, run_after=2026-01-08 00:00:00+00:00
[2026-01-08T08:05:51.980+0000] {processor.py:208} INFO - Processing /opt/airflow/dags/user_processing_xcom.py took 0.719 seconds
[2026-01-08T08:06:22.481+0000] {processor.py:186} INFO - Started process (PID=22336) to work on /opt/airflow/dags/user_processing_xcom.py
[2026-01-08T08:06:22.482+0000] {processor.py:914} INFO - Processing file /opt/airflow/dags/user_processing_xcom.py for tasks to queue
[2026-01-08T08:06:22.484+0000] {logging_mixin.py:190} INFO - [2026-01-08T08:06:22.483+0000] {dagbag.py:588} INFO - Filling up the DagBag from /opt/airflow/dags/user_processing_xcom.py
[2026-01-08T08:06:22.837+0000] {processor.py:925} INFO - DAG(s) 'user_processing_xcom' retrieved from /opt/airflow/dags/user_processing_xcom.py
[2026-01-08T08:06:23.090+0000] {logging_mixin.py:190} INFO - [2026-01-08T08:06:23.090+0000] {dag.py:3239} INFO - Sync 1 DAGs
[2026-01-08T08:06:23.114+0000] {logging_mixin.py:190} INFO - [2026-01-08T08:06:23.114+0000] {dag.py:4180} INFO - Setting next_dagrun for user_processing_xcom to 2026-01-07 00:00:00+00:00, run_after=2026-01-08 00:00:00+00:00
[2026-01-08T08:06:23.143+0000] {processor.py:208} INFO - Processing /opt/airflow/dags/user_processing_xcom.py took 0.669 seconds
[2026-01-08T08:06:53.550+0000] {processor.py:186} INFO - Started process (PID=22352) to work on /opt/airflow/dags/user_processing_xcom.py
[2026-01-08T08:06:53.551+0000] {processor.py:914} INFO - Processing file /opt/airflow/dags/user_processing_xcom.py for tasks to queue
[2026-01-08T08:06:53.552+0000] {logging_mixin.py:190} INFO - [2026-01-08T08:06:53.552+0000] {dagbag.py:588} INFO - Filling up the DagBag from /opt/airflow/dags/user_processing_xcom.py
[2026-01-08T08:06:53.800+0000] {processor.py:925} INFO - DAG(s) 'user_processing_xcom' retrieved from /opt/airflow/dags/user_processing_xcom.py
[2026-01-08T08:06:53.823+0000] {logging_mixin.py:190} INFO - [2026-01-08T08:06:53.822+0000] {dag.py:3239} INFO - Sync 1 DAGs
[2026-01-08T08:06:53.843+0000] {logging_mixin.py:190} INFO - [2026-01-08T08:06:53.842+0000] {dag.py:4180} INFO - Setting next_dagrun for user_processing_xcom to 2026-01-07 00:00:00+00:00, run_after=2026-01-08 00:00:00+00:00
[2026-01-08T08:06:53.866+0000] {processor.py:208} INFO - Processing /opt/airflow/dags/user_processing_xcom.py took 0.324 seconds
[2026-01-08T08:07:24.526+0000] {processor.py:186} INFO - Started process (PID=22369) to work on /opt/airflow/dags/user_processing_xcom.py
[2026-01-08T08:07:24.528+0000] {processor.py:914} INFO - Processing file /opt/airflow/dags/user_processing_xcom.py for tasks to queue
[2026-01-08T08:07:24.530+0000] {logging_mixin.py:190} INFO - [2026-01-08T08:07:24.529+0000] {dagbag.py:588} INFO - Filling up the DagBag from /opt/airflow/dags/user_processing_xcom.py
[2026-01-08T08:07:24.788+0000] {processor.py:925} INFO - DAG(s) 'user_processing_xcom' retrieved from /opt/airflow/dags/user_processing_xcom.py
[2026-01-08T08:07:24.811+0000] {logging_mixin.py:190} INFO - [2026-01-08T08:07:24.811+0000] {dag.py:3239} INFO - Sync 1 DAGs
[2026-01-08T08:07:24.831+0000] {logging_mixin.py:190} INFO - [2026-01-08T08:07:24.831+0000] {dag.py:4180} INFO - Setting next_dagrun for user_processing_xcom to 2026-01-07 00:00:00+00:00, run_after=2026-01-08 00:00:00+00:00
[2026-01-08T08:07:24.849+0000] {processor.py:208} INFO - Processing /opt/airflow/dags/user_processing_xcom.py took 0.333 seconds
[2026-01-08T08:07:55.135+0000] {processor.py:186} INFO - Started process (PID=22385) to work on /opt/airflow/dags/user_processing_xcom.py
[2026-01-08T08:07:55.136+0000] {processor.py:914} INFO - Processing file /opt/airflow/dags/user_processing_xcom.py for tasks to queue
[2026-01-08T08:07:55.138+0000] {logging_mixin.py:190} INFO - [2026-01-08T08:07:55.138+0000] {dagbag.py:588} INFO - Filling up the DagBag from /opt/airflow/dags/user_processing_xcom.py
[2026-01-08T08:07:55.399+0000] {processor.py:925} INFO - DAG(s) 'user_processing_xcom' retrieved from /opt/airflow/dags/user_processing_xcom.py
[2026-01-08T08:07:55.422+0000] {logging_mixin.py:190} INFO - [2026-01-08T08:07:55.421+0000] {dag.py:3239} INFO - Sync 1 DAGs
[2026-01-08T08:07:55.629+0000] {logging_mixin.py:190} INFO - [2026-01-08T08:07:55.628+0000] {dag.py:4180} INFO - Setting next_dagrun for user_processing_xcom to 2026-01-07 00:00:00+00:00, run_after=2026-01-08 00:00:00+00:00
[2026-01-08T08:07:55.658+0000] {processor.py:208} INFO - Processing /opt/airflow/dags/user_processing_xcom.py took 0.533 seconds
[2026-01-08T08:08:25.733+0000] {processor.py:186} INFO - Started process (PID=22401) to work on /opt/airflow/dags/user_processing_xcom.py
[2026-01-08T08:08:25.734+0000] {processor.py:914} INFO - Processing file /opt/airflow/dags/user_processing_xcom.py for tasks to queue
[2026-01-08T08:08:25.735+0000] {logging_mixin.py:190} INFO - [2026-01-08T08:08:25.735+0000] {dagbag.py:588} INFO - Filling up the DagBag from /opt/airflow/dags/user_processing_xcom.py
[2026-01-08T08:08:25.981+0000] {processor.py:925} INFO - DAG(s) 'user_processing_xcom' retrieved from /opt/airflow/dags/user_processing_xcom.py
[2026-01-08T08:08:26.005+0000] {logging_mixin.py:190} INFO - [2026-01-08T08:08:26.004+0000] {dag.py:3239} INFO - Sync 1 DAGs
[2026-01-08T08:08:26.200+0000] {logging_mixin.py:190} INFO - [2026-01-08T08:08:26.200+0000] {dag.py:4180} INFO - Setting next_dagrun for user_processing_xcom to 2026-01-07 00:00:00+00:00, run_after=2026-01-08 00:00:00+00:00
[2026-01-08T08:08:26.230+0000] {processor.py:208} INFO - Processing /opt/airflow/dags/user_processing_xcom.py took 0.507 seconds
[2026-01-08T08:08:56.418+0000] {processor.py:186} INFO - Started process (PID=22416) to work on /opt/airflow/dags/user_processing_xcom.py
[2026-01-08T08:08:56.423+0000] {processor.py:914} INFO - Processing file /opt/airflow/dags/user_processing_xcom.py for tasks to queue
[2026-01-08T08:08:56.427+0000] {logging_mixin.py:190} INFO - [2026-01-08T08:08:56.426+0000] {dagbag.py:588} INFO - Filling up the DagBag from /opt/airflow/dags/user_processing_xcom.py
[2026-01-08T08:08:56.852+0000] {processor.py:925} INFO - DAG(s) 'user_processing_xcom' retrieved from /opt/airflow/dags/user_processing_xcom.py
[2026-01-08T08:08:57.088+0000] {logging_mixin.py:190} INFO - [2026-01-08T08:08:57.087+0000] {dag.py:3239} INFO - Sync 1 DAGs
[2026-01-08T08:08:57.126+0000] {logging_mixin.py:190} INFO - [2026-01-08T08:08:57.125+0000] {dag.py:4180} INFO - Setting next_dagrun for user_processing_xcom to 2026-01-08 00:00:00+00:00, run_after=2026-01-09 00:00:00+00:00
[2026-01-08T08:08:57.150+0000] {processor.py:208} INFO - Processing /opt/airflow/dags/user_processing_xcom.py took 0.748 seconds
[2026-01-08T08:09:27.300+0000] {processor.py:186} INFO - Started process (PID=22432) to work on /opt/airflow/dags/user_processing_xcom.py
[2026-01-08T08:09:27.302+0000] {processor.py:914} INFO - Processing file /opt/airflow/dags/user_processing_xcom.py for tasks to queue
[2026-01-08T08:09:27.305+0000] {logging_mixin.py:190} INFO - [2026-01-08T08:09:27.304+0000] {dagbag.py:588} INFO - Filling up the DagBag from /opt/airflow/dags/user_processing_xcom.py
[2026-01-08T08:09:27.768+0000] {processor.py:925} INFO - DAG(s) 'user_processing_xcom' retrieved from /opt/airflow/dags/user_processing_xcom.py
[2026-01-08T08:09:27.805+0000] {logging_mixin.py:190} INFO - [2026-01-08T08:09:27.805+0000] {dag.py:3239} INFO - Sync 1 DAGs
[2026-01-08T08:09:27.840+0000] {logging_mixin.py:190} INFO - [2026-01-08T08:09:27.840+0000] {dag.py:4180} INFO - Setting next_dagrun for user_processing_xcom to 2026-01-08 00:00:00+00:00, run_after=2026-01-09 00:00:00+00:00
[2026-01-08T08:09:27.913+0000] {processor.py:208} INFO - Processing /opt/airflow/dags/user_processing_xcom.py took 0.628 seconds
[2026-01-08T08:09:58.118+0000] {processor.py:186} INFO - Started process (PID=22449) to work on /opt/airflow/dags/user_processing_xcom.py
[2026-01-08T08:09:58.120+0000] {processor.py:914} INFO - Processing file /opt/airflow/dags/user_processing_xcom.py for tasks to queue
[2026-01-08T08:09:58.121+0000] {logging_mixin.py:190} INFO - [2026-01-08T08:09:58.121+0000] {dagbag.py:588} INFO - Filling up the DagBag from /opt/airflow/dags/user_processing_xcom.py
[2026-01-08T08:09:58.537+0000] {processor.py:925} INFO - DAG(s) 'user_processing_xcom' retrieved from /opt/airflow/dags/user_processing_xcom.py
[2026-01-08T08:09:58.572+0000] {logging_mixin.py:190} INFO - [2026-01-08T08:09:58.571+0000] {dag.py:3239} INFO - Sync 1 DAGs
[2026-01-08T08:09:58.603+0000] {logging_mixin.py:190} INFO - [2026-01-08T08:09:58.602+0000] {dag.py:4180} INFO - Setting next_dagrun for user_processing_xcom to 2026-01-08 00:00:00+00:00, run_after=2026-01-09 00:00:00+00:00
[2026-01-08T08:09:58.822+0000] {processor.py:208} INFO - Processing /opt/airflow/dags/user_processing_xcom.py took 0.713 seconds
[2026-01-08T08:10:29.417+0000] {processor.py:186} INFO - Started process (PID=22465) to work on /opt/airflow/dags/user_processing_xcom.py
[2026-01-08T08:10:29.419+0000] {processor.py:914} INFO - Processing file /opt/airflow/dags/user_processing_xcom.py for tasks to queue
[2026-01-08T08:10:29.420+0000] {logging_mixin.py:190} INFO - [2026-01-08T08:10:29.420+0000] {dagbag.py:588} INFO - Filling up the DagBag from /opt/airflow/dags/user_processing_xcom.py
[2026-01-08T08:10:29.836+0000] {processor.py:925} INFO - DAG(s) 'user_processing_xcom' retrieved from /opt/airflow/dags/user_processing_xcom.py
[2026-01-08T08:10:29.870+0000] {logging_mixin.py:190} INFO - [2026-01-08T08:10:29.870+0000] {dag.py:3239} INFO - Sync 1 DAGs
[2026-01-08T08:10:30.105+0000] {logging_mixin.py:190} INFO - [2026-01-08T08:10:30.105+0000] {dag.py:4180} INFO - Setting next_dagrun for user_processing_xcom to 2026-01-08 00:00:00+00:00, run_after=2026-01-09 00:00:00+00:00
[2026-01-08T08:10:30.180+0000] {processor.py:208} INFO - Processing /opt/airflow/dags/user_processing_xcom.py took 0.772 seconds
[2026-01-08T08:11:00.406+0000] {processor.py:186} INFO - Started process (PID=22481) to work on /opt/airflow/dags/user_processing_xcom.py
[2026-01-08T08:11:00.414+0000] {processor.py:914} INFO - Processing file /opt/airflow/dags/user_processing_xcom.py for tasks to queue
[2026-01-08T08:11:00.418+0000] {logging_mixin.py:190} INFO - [2026-01-08T08:11:00.417+0000] {dagbag.py:588} INFO - Filling up the DagBag from /opt/airflow/dags/user_processing_xcom.py
[2026-01-08T08:11:01.303+0000] {processor.py:925} INFO - DAG(s) 'user_processing_xcom' retrieved from /opt/airflow/dags/user_processing_xcom.py
[2026-01-08T08:11:01.371+0000] {logging_mixin.py:190} INFO - [2026-01-08T08:11:01.370+0000] {dag.py:3239} INFO - Sync 1 DAGs
[2026-01-08T08:11:01.888+0000] {logging_mixin.py:190} INFO - [2026-01-08T08:11:01.887+0000] {dag.py:4180} INFO - Setting next_dagrun for user_processing_xcom to 2026-01-08 00:00:00+00:00, run_after=2026-01-09 00:00:00+00:00
[2026-01-08T08:11:01.970+0000] {processor.py:208} INFO - Processing /opt/airflow/dags/user_processing_xcom.py took 1.610 seconds
[2026-01-08T08:11:32.738+0000] {processor.py:186} INFO - Started process (PID=22497) to work on /opt/airflow/dags/user_processing_xcom.py
[2026-01-08T08:11:32.741+0000] {processor.py:914} INFO - Processing file /opt/airflow/dags/user_processing_xcom.py for tasks to queue
[2026-01-08T08:11:32.743+0000] {logging_mixin.py:190} INFO - [2026-01-08T08:11:32.742+0000] {dagbag.py:588} INFO - Filling up the DagBag from /opt/airflow/dags/user_processing_xcom.py
[2026-01-08T08:11:33.404+0000] {processor.py:925} INFO - DAG(s) 'user_processing_xcom' retrieved from /opt/airflow/dags/user_processing_xcom.py
[2026-01-08T08:11:33.890+0000] {logging_mixin.py:190} INFO - [2026-01-08T08:11:33.890+0000] {dag.py:3239} INFO - Sync 1 DAGs
[2026-01-08T08:11:33.981+0000] {logging_mixin.py:190} INFO - [2026-01-08T08:11:33.981+0000] {dag.py:4180} INFO - Setting next_dagrun for user_processing_xcom to 2026-01-08 00:00:00+00:00, run_after=2026-01-09 00:00:00+00:00
[2026-01-08T08:11:34.054+0000] {processor.py:208} INFO - Processing /opt/airflow/dags/user_processing_xcom.py took 1.331 seconds
[2026-01-08T08:12:04.406+0000] {processor.py:186} INFO - Started process (PID=22513) to work on /opt/airflow/dags/user_processing_xcom.py
[2026-01-08T08:12:04.408+0000] {processor.py:914} INFO - Processing file /opt/airflow/dags/user_processing_xcom.py for tasks to queue
[2026-01-08T08:12:04.411+0000] {logging_mixin.py:190} INFO - [2026-01-08T08:12:04.410+0000] {dagbag.py:588} INFO - Filling up the DagBag from /opt/airflow/dags/user_processing_xcom.py
[2026-01-08T08:12:04.946+0000] {processor.py:925} INFO - DAG(s) 'user_processing_xcom' retrieved from /opt/airflow/dags/user_processing_xcom.py
[2026-01-08T08:12:04.994+0000] {logging_mixin.py:190} INFO - [2026-01-08T08:12:04.993+0000] {dag.py:3239} INFO - Sync 1 DAGs
[2026-01-08T08:12:05.033+0000] {logging_mixin.py:190} INFO - [2026-01-08T08:12:05.033+0000] {dag.py:4180} INFO - Setting next_dagrun for user_processing_xcom to 2026-01-08 00:00:00+00:00, run_after=2026-01-09 00:00:00+00:00
[2026-01-08T08:12:05.110+0000] {processor.py:208} INFO - Processing /opt/airflow/dags/user_processing_xcom.py took 0.719 seconds
[2026-01-08T08:12:36.065+0000] {processor.py:186} INFO - Started process (PID=22529) to work on /opt/airflow/dags/user_processing_xcom.py
[2026-01-08T08:12:36.068+0000] {processor.py:914} INFO - Processing file /opt/airflow/dags/user_processing_xcom.py for tasks to queue
[2026-01-08T08:12:36.071+0000] {logging_mixin.py:190} INFO - [2026-01-08T08:12:36.070+0000] {dagbag.py:588} INFO - Filling up the DagBag from /opt/airflow/dags/user_processing_xcom.py
[2026-01-08T08:12:36.588+0000] {processor.py:925} INFO - DAG(s) 'user_processing_xcom' retrieved from /opt/airflow/dags/user_processing_xcom.py
[2026-01-08T08:12:36.637+0000] {logging_mixin.py:190} INFO - [2026-01-08T08:12:36.636+0000] {dag.py:3239} INFO - Sync 1 DAGs
[2026-01-08T08:12:36.676+0000] {logging_mixin.py:190} INFO - [2026-01-08T08:12:36.676+0000] {dag.py:4180} INFO - Setting next_dagrun for user_processing_xcom to 2026-01-08 00:00:00+00:00, run_after=2026-01-09 00:00:00+00:00
[2026-01-08T08:12:36.996+0000] {processor.py:208} INFO - Processing /opt/airflow/dags/user_processing_xcom.py took 0.942 seconds
[2026-01-08T08:13:07.445+0000] {processor.py:186} INFO - Started process (PID=22545) to work on /opt/airflow/dags/user_processing_xcom.py
[2026-01-08T08:13:07.447+0000] {processor.py:914} INFO - Processing file /opt/airflow/dags/user_processing_xcom.py for tasks to queue
[2026-01-08T08:13:07.452+0000] {logging_mixin.py:190} INFO - [2026-01-08T08:13:07.450+0000] {dagbag.py:588} INFO - Filling up the DagBag from /opt/airflow/dags/user_processing_xcom.py
[2026-01-08T08:13:08.217+0000] {processor.py:925} INFO - DAG(s) 'user_processing_xcom' retrieved from /opt/airflow/dags/user_processing_xcom.py
[2026-01-08T08:13:08.308+0000] {logging_mixin.py:190} INFO - [2026-01-08T08:13:08.306+0000] {dag.py:3239} INFO - Sync 1 DAGs
[2026-01-08T08:13:08.803+0000] {logging_mixin.py:190} INFO - [2026-01-08T08:13:08.802+0000] {dag.py:4180} INFO - Setting next_dagrun for user_processing_xcom to 2026-01-08 00:00:00+00:00, run_after=2026-01-09 00:00:00+00:00
[2026-01-08T08:13:08.918+0000] {processor.py:208} INFO - Processing /opt/airflow/dags/user_processing_xcom.py took 1.497 seconds
[2026-01-08T08:13:39.027+0000] {processor.py:186} INFO - Started process (PID=22561) to work on /opt/airflow/dags/user_processing_xcom.py
[2026-01-08T08:13:39.029+0000] {processor.py:914} INFO - Processing file /opt/airflow/dags/user_processing_xcom.py for tasks to queue
[2026-01-08T08:13:39.031+0000] {logging_mixin.py:190} INFO - [2026-01-08T08:13:39.030+0000] {dagbag.py:588} INFO - Filling up the DagBag from /opt/airflow/dags/user_processing_xcom.py
[2026-01-08T08:13:39.498+0000] {processor.py:925} INFO - DAG(s) 'user_processing_xcom' retrieved from /opt/airflow/dags/user_processing_xcom.py
[2026-01-08T08:13:39.540+0000] {logging_mixin.py:190} INFO - [2026-01-08T08:13:39.540+0000] {dag.py:3239} INFO - Sync 1 DAGs
[2026-01-08T08:13:39.808+0000] {logging_mixin.py:190} INFO - [2026-01-08T08:13:39.807+0000] {dag.py:4180} INFO - Setting next_dagrun for user_processing_xcom to 2026-01-08 00:00:00+00:00, run_after=2026-01-09 00:00:00+00:00
[2026-01-08T08:13:39.880+0000] {processor.py:208} INFO - Processing /opt/airflow/dags/user_processing_xcom.py took 0.865 seconds
[2026-01-08T08:14:10.924+0000] {processor.py:186} INFO - Started process (PID=22577) to work on /opt/airflow/dags/user_processing_xcom.py
[2026-01-08T08:14:10.927+0000] {processor.py:914} INFO - Processing file /opt/airflow/dags/user_processing_xcom.py for tasks to queue
[2026-01-08T08:14:10.930+0000] {logging_mixin.py:190} INFO - [2026-01-08T08:14:10.929+0000] {dagbag.py:588} INFO - Filling up the DagBag from /opt/airflow/dags/user_processing_xcom.py
[2026-01-08T08:14:11.379+0000] {processor.py:925} INFO - DAG(s) 'user_processing_xcom' retrieved from /opt/airflow/dags/user_processing_xcom.py
[2026-01-08T08:14:11.681+0000] {logging_mixin.py:190} INFO - [2026-01-08T08:14:11.673+0000] {dag.py:3239} INFO - Sync 1 DAGs
[2026-01-08T08:14:11.728+0000] {logging_mixin.py:190} INFO - [2026-01-08T08:14:11.728+0000] {dag.py:4180} INFO - Setting next_dagrun for user_processing_xcom to 2026-01-08 00:00:00+00:00, run_after=2026-01-09 00:00:00+00:00
[2026-01-08T08:14:11.759+0000] {processor.py:208} INFO - Processing /opt/airflow/dags/user_processing_xcom.py took 0.846 seconds
[2026-01-08T08:14:41.990+0000] {processor.py:186} INFO - Started process (PID=22593) to work on /opt/airflow/dags/user_processing_xcom.py
[2026-01-08T08:14:41.992+0000] {processor.py:914} INFO - Processing file /opt/airflow/dags/user_processing_xcom.py for tasks to queue
[2026-01-08T08:14:41.997+0000] {logging_mixin.py:190} INFO - [2026-01-08T08:14:41.994+0000] {dagbag.py:588} INFO - Filling up the DagBag from /opt/airflow/dags/user_processing_xcom.py
[2026-01-08T08:14:42.590+0000] {processor.py:925} INFO - DAG(s) 'user_processing_xcom' retrieved from /opt/airflow/dags/user_processing_xcom.py
[2026-01-08T08:14:42.673+0000] {logging_mixin.py:190} INFO - [2026-01-08T08:14:42.672+0000] {dag.py:3239} INFO - Sync 1 DAGs
[2026-01-08T08:14:42.718+0000] {logging_mixin.py:190} INFO - [2026-01-08T08:14:42.718+0000] {dag.py:4180} INFO - Setting next_dagrun for user_processing_xcom to 2026-01-08 00:00:00+00:00, run_after=2026-01-09 00:00:00+00:00
[2026-01-08T08:14:42.806+0000] {processor.py:208} INFO - Processing /opt/airflow/dags/user_processing_xcom.py took 0.825 seconds
[2026-01-08T08:15:13.152+0000] {processor.py:186} INFO - Started process (PID=22609) to work on /opt/airflow/dags/user_processing_xcom.py
[2026-01-08T08:15:13.157+0000] {processor.py:914} INFO - Processing file /opt/airflow/dags/user_processing_xcom.py for tasks to queue
[2026-01-08T08:15:13.159+0000] {logging_mixin.py:190} INFO - [2026-01-08T08:15:13.158+0000] {dagbag.py:588} INFO - Filling up the DagBag from /opt/airflow/dags/user_processing_xcom.py
[2026-01-08T08:15:13.744+0000] {processor.py:925} INFO - DAG(s) 'user_processing_xcom' retrieved from /opt/airflow/dags/user_processing_xcom.py
[2026-01-08T08:15:13.799+0000] {logging_mixin.py:190} INFO - [2026-01-08T08:15:13.798+0000] {dag.py:3239} INFO - Sync 1 DAGs
[2026-01-08T08:15:13.879+0000] {logging_mixin.py:190} INFO - [2026-01-08T08:15:13.878+0000] {dag.py:4180} INFO - Setting next_dagrun for user_processing_xcom to 2026-01-08 00:00:00+00:00, run_after=2026-01-09 00:00:00+00:00
[2026-01-08T08:15:14.242+0000] {processor.py:208} INFO - Processing /opt/airflow/dags/user_processing_xcom.py took 1.100 seconds
[2026-01-08T08:15:44.506+0000] {processor.py:186} INFO - Started process (PID=22625) to work on /opt/airflow/dags/user_processing_xcom.py
[2026-01-08T08:15:44.508+0000] {processor.py:914} INFO - Processing file /opt/airflow/dags/user_processing_xcom.py for tasks to queue
[2026-01-08T08:15:44.510+0000] {logging_mixin.py:190} INFO - [2026-01-08T08:15:44.510+0000] {dagbag.py:588} INFO - Filling up the DagBag from /opt/airflow/dags/user_processing_xcom.py
[2026-01-08T08:15:44.996+0000] {processor.py:925} INFO - DAG(s) 'user_processing_xcom' retrieved from /opt/airflow/dags/user_processing_xcom.py
[2026-01-08T08:15:45.040+0000] {logging_mixin.py:190} INFO - [2026-01-08T08:15:45.037+0000] {dag.py:3239} INFO - Sync 1 DAGs
[2026-01-08T08:15:45.343+0000] {logging_mixin.py:190} INFO - [2026-01-08T08:15:45.342+0000] {dag.py:4180} INFO - Setting next_dagrun for user_processing_xcom to 2026-01-08 00:00:00+00:00, run_after=2026-01-09 00:00:00+00:00
[2026-01-08T08:15:45.377+0000] {processor.py:208} INFO - Processing /opt/airflow/dags/user_processing_xcom.py took 0.886 seconds
[2026-01-08T08:16:15.783+0000] {processor.py:186} INFO - Started process (PID=22646) to work on /opt/airflow/dags/user_processing_xcom.py
[2026-01-08T08:16:15.784+0000] {processor.py:914} INFO - Processing file /opt/airflow/dags/user_processing_xcom.py for tasks to queue
[2026-01-08T08:16:15.786+0000] {logging_mixin.py:190} INFO - [2026-01-08T08:16:15.785+0000] {dagbag.py:588} INFO - Filling up the DagBag from /opt/airflow/dags/user_processing_xcom.py
[2026-01-08T08:16:16.248+0000] {processor.py:925} INFO - DAG(s) 'user_processing_xcom' retrieved from /opt/airflow/dags/user_processing_xcom.py
[2026-01-08T08:16:16.542+0000] {logging_mixin.py:190} INFO - [2026-01-08T08:16:16.542+0000] {dag.py:3239} INFO - Sync 1 DAGs
[2026-01-08T08:16:16.574+0000] {logging_mixin.py:190} INFO - [2026-01-08T08:16:16.574+0000] {dag.py:4180} INFO - Setting next_dagrun for user_processing_xcom to 2026-01-08 00:00:00+00:00, run_after=2026-01-09 00:00:00+00:00
[2026-01-08T08:16:16.602+0000] {processor.py:208} INFO - Processing /opt/airflow/dags/user_processing_xcom.py took 0.830 seconds
[2026-01-08T08:16:47.451+0000] {processor.py:186} INFO - Started process (PID=22662) to work on /opt/airflow/dags/user_processing_xcom.py
[2026-01-08T08:16:47.453+0000] {processor.py:914} INFO - Processing file /opt/airflow/dags/user_processing_xcom.py for tasks to queue
[2026-01-08T08:16:47.456+0000] {logging_mixin.py:190} INFO - [2026-01-08T08:16:47.455+0000] {dagbag.py:588} INFO - Filling up the DagBag from /opt/airflow/dags/user_processing_xcom.py
[2026-01-08T08:16:48.042+0000] {processor.py:925} INFO - DAG(s) 'user_processing_xcom' retrieved from /opt/airflow/dags/user_processing_xcom.py
[2026-01-08T08:16:48.400+0000] {logging_mixin.py:190} INFO - [2026-01-08T08:16:48.398+0000] {dag.py:3239} INFO - Sync 1 DAGs
[2026-01-08T08:16:48.441+0000] {logging_mixin.py:190} INFO - [2026-01-08T08:16:48.441+0000] {dag.py:4180} INFO - Setting next_dagrun for user_processing_xcom to 2026-01-08 00:00:00+00:00, run_after=2026-01-09 00:00:00+00:00
[2026-01-08T08:16:48.482+0000] {processor.py:208} INFO - Processing /opt/airflow/dags/user_processing_xcom.py took 1.050 seconds
[2026-01-08T08:17:19.037+0000] {processor.py:186} INFO - Started process (PID=22678) to work on /opt/airflow/dags/user_processing_xcom.py
[2026-01-08T08:17:19.086+0000] {processor.py:914} INFO - Processing file /opt/airflow/dags/user_processing_xcom.py for tasks to queue
[2026-01-08T08:17:19.088+0000] {logging_mixin.py:190} INFO - [2026-01-08T08:17:19.088+0000] {dagbag.py:588} INFO - Filling up the DagBag from /opt/airflow/dags/user_processing_xcom.py
[2026-01-08T08:17:19.530+0000] {processor.py:925} INFO - DAG(s) 'user_processing_xcom' retrieved from /opt/airflow/dags/user_processing_xcom.py
[2026-01-08T08:17:19.571+0000] {logging_mixin.py:190} INFO - [2026-01-08T08:17:19.570+0000] {dag.py:3239} INFO - Sync 1 DAGs
[2026-01-08T08:17:19.616+0000] {logging_mixin.py:190} INFO - [2026-01-08T08:17:19.616+0000] {dag.py:4180} INFO - Setting next_dagrun for user_processing_xcom to 2026-01-08 00:00:00+00:00, run_after=2026-01-09 00:00:00+00:00
[2026-01-08T08:17:19.698+0000] {processor.py:208} INFO - Processing /opt/airflow/dags/user_processing_xcom.py took 0.670 seconds
[2026-01-08T08:17:50.172+0000] {processor.py:186} INFO - Started process (PID=22694) to work on /opt/airflow/dags/user_processing_xcom.py
[2026-01-08T08:17:50.174+0000] {processor.py:914} INFO - Processing file /opt/airflow/dags/user_processing_xcom.py for tasks to queue
[2026-01-08T08:17:50.176+0000] {logging_mixin.py:190} INFO - [2026-01-08T08:17:50.175+0000] {dagbag.py:588} INFO - Filling up the DagBag from /opt/airflow/dags/user_processing_xcom.py
[2026-01-08T08:17:50.659+0000] {processor.py:925} INFO - DAG(s) 'user_processing_xcom' retrieved from /opt/airflow/dags/user_processing_xcom.py
[2026-01-08T08:17:50.695+0000] {logging_mixin.py:190} INFO - [2026-01-08T08:17:50.694+0000] {dag.py:3239} INFO - Sync 1 DAGs
[2026-01-08T08:17:50.980+0000] {logging_mixin.py:190} INFO - [2026-01-08T08:17:50.979+0000] {dag.py:4180} INFO - Setting next_dagrun for user_processing_xcom to 2026-01-08 00:00:00+00:00, run_after=2026-01-09 00:00:00+00:00
[2026-01-08T08:17:51.004+0000] {processor.py:208} INFO - Processing /opt/airflow/dags/user_processing_xcom.py took 0.844 seconds
[2026-01-08T08:18:21.857+0000] {processor.py:186} INFO - Started process (PID=22711) to work on /opt/airflow/dags/user_processing_xcom.py
[2026-01-08T08:18:21.859+0000] {processor.py:914} INFO - Processing file /opt/airflow/dags/user_processing_xcom.py for tasks to queue
[2026-01-08T08:18:21.861+0000] {logging_mixin.py:190} INFO - [2026-01-08T08:18:21.860+0000] {dagbag.py:588} INFO - Filling up the DagBag from /opt/airflow/dags/user_processing_xcom.py
[2026-01-08T08:18:22.494+0000] {processor.py:925} INFO - DAG(s) 'user_processing_xcom' retrieved from /opt/airflow/dags/user_processing_xcom.py
[2026-01-08T08:18:22.569+0000] {logging_mixin.py:190} INFO - [2026-01-08T08:18:22.567+0000] {dag.py:3239} INFO - Sync 1 DAGs
[2026-01-08T08:18:22.892+0000] {logging_mixin.py:190} INFO - [2026-01-08T08:18:22.892+0000] {dag.py:4180} INFO - Setting next_dagrun for user_processing_xcom to 2026-01-08 00:00:00+00:00, run_after=2026-01-09 00:00:00+00:00
[2026-01-08T08:18:22.968+0000] {processor.py:208} INFO - Processing /opt/airflow/dags/user_processing_xcom.py took 1.126 seconds
[2026-01-08T08:18:53.159+0000] {processor.py:186} INFO - Started process (PID=22727) to work on /opt/airflow/dags/user_processing_xcom.py
[2026-01-08T08:18:53.160+0000] {processor.py:914} INFO - Processing file /opt/airflow/dags/user_processing_xcom.py for tasks to queue
[2026-01-08T08:18:53.162+0000] {logging_mixin.py:190} INFO - [2026-01-08T08:18:53.162+0000] {dagbag.py:588} INFO - Filling up the DagBag from /opt/airflow/dags/user_processing_xcom.py
[2026-01-08T08:18:53.645+0000] {processor.py:925} INFO - DAG(s) 'user_processing_xcom' retrieved from /opt/airflow/dags/user_processing_xcom.py
[2026-01-08T08:18:53.941+0000] {logging_mixin.py:190} INFO - [2026-01-08T08:18:53.940+0000] {dag.py:3239} INFO - Sync 1 DAGs
[2026-01-08T08:18:53.974+0000] {logging_mixin.py:190} INFO - [2026-01-08T08:18:53.974+0000] {dag.py:4180} INFO - Setting next_dagrun for user_processing_xcom to 2026-01-08 00:00:00+00:00, run_after=2026-01-09 00:00:00+00:00
[2026-01-08T08:18:53.996+0000] {processor.py:208} INFO - Processing /opt/airflow/dags/user_processing_xcom.py took 0.848 seconds
[2026-01-08T08:19:24.677+0000] {processor.py:186} INFO - Started process (PID=22744) to work on /opt/airflow/dags/user_processing_xcom.py
[2026-01-08T08:19:24.680+0000] {processor.py:914} INFO - Processing file /opt/airflow/dags/user_processing_xcom.py for tasks to queue
[2026-01-08T08:19:24.683+0000] {logging_mixin.py:190} INFO - [2026-01-08T08:19:24.682+0000] {dagbag.py:588} INFO - Filling up the DagBag from /opt/airflow/dags/user_processing_xcom.py
[2026-01-08T08:19:25.852+0000] {processor.py:925} INFO - DAG(s) 'user_processing_xcom' retrieved from /opt/airflow/dags/user_processing_xcom.py
[2026-01-08T08:19:25.898+0000] {logging_mixin.py:190} INFO - [2026-01-08T08:19:25.897+0000] {dag.py:3239} INFO - Sync 1 DAGs
[2026-01-08T08:19:25.949+0000] {logging_mixin.py:190} INFO - [2026-01-08T08:19:25.949+0000] {dag.py:4180} INFO - Setting next_dagrun for user_processing_xcom to 2026-01-08 00:00:00+00:00, run_after=2026-01-09 00:00:00+00:00
[2026-01-08T08:19:26.035+0000] {processor.py:208} INFO - Processing /opt/airflow/dags/user_processing_xcom.py took 1.375 seconds
[2026-01-08T08:19:56.276+0000] {processor.py:186} INFO - Started process (PID=22761) to work on /opt/airflow/dags/user_processing_xcom.py
[2026-01-08T08:19:56.279+0000] {processor.py:914} INFO - Processing file /opt/airflow/dags/user_processing_xcom.py for tasks to queue
[2026-01-08T08:19:56.283+0000] {logging_mixin.py:190} INFO - [2026-01-08T08:19:56.281+0000] {dagbag.py:588} INFO - Filling up the DagBag from /opt/airflow/dags/user_processing_xcom.py
[2026-01-08T08:19:57.443+0000] {processor.py:925} INFO - DAG(s) 'user_processing_xcom' retrieved from /opt/airflow/dags/user_processing_xcom.py
[2026-01-08T08:19:57.479+0000] {logging_mixin.py:190} INFO - [2026-01-08T08:19:57.479+0000] {dag.py:3239} INFO - Sync 1 DAGs
[2026-01-08T08:19:57.523+0000] {logging_mixin.py:190} INFO - [2026-01-08T08:19:57.523+0000] {dag.py:4180} INFO - Setting next_dagrun for user_processing_xcom to 2026-01-08 00:00:00+00:00, run_after=2026-01-09 00:00:00+00:00
[2026-01-08T08:19:57.556+0000] {processor.py:208} INFO - Processing /opt/airflow/dags/user_processing_xcom.py took 1.295 seconds
[2026-01-08T08:20:28.310+0000] {processor.py:186} INFO - Started process (PID=22780) to work on /opt/airflow/dags/user_processing_xcom.py
[2026-01-08T08:20:28.321+0000] {processor.py:914} INFO - Processing file /opt/airflow/dags/user_processing_xcom.py for tasks to queue
[2026-01-08T08:20:28.326+0000] {logging_mixin.py:190} INFO - [2026-01-08T08:20:28.325+0000] {dagbag.py:588} INFO - Filling up the DagBag from /opt/airflow/dags/user_processing_xcom.py
[2026-01-08T08:20:28.922+0000] {processor.py:925} INFO - DAG(s) 'user_processing_xcom' retrieved from /opt/airflow/dags/user_processing_xcom.py
[2026-01-08T08:20:28.971+0000] {logging_mixin.py:190} INFO - [2026-01-08T08:20:28.971+0000] {dag.py:3239} INFO - Sync 1 DAGs
[2026-01-08T08:20:29.240+0000] {logging_mixin.py:190} INFO - [2026-01-08T08:20:29.240+0000] {dag.py:4180} INFO - Setting next_dagrun for user_processing_xcom to 2026-01-08 00:00:00+00:00, run_after=2026-01-09 00:00:00+00:00
[2026-01-08T08:20:29.314+0000] {processor.py:208} INFO - Processing /opt/airflow/dags/user_processing_xcom.py took 1.015 seconds
[2026-01-08T08:20:59.828+0000] {processor.py:186} INFO - Started process (PID=22796) to work on /opt/airflow/dags/user_processing_xcom.py
[2026-01-08T08:20:59.831+0000] {processor.py:914} INFO - Processing file /opt/airflow/dags/user_processing_xcom.py for tasks to queue
[2026-01-08T08:20:59.834+0000] {logging_mixin.py:190} INFO - [2026-01-08T08:20:59.833+0000] {dagbag.py:588} INFO - Filling up the DagBag from /opt/airflow/dags/user_processing_xcom.py
[2026-01-08T08:21:00.302+0000] {processor.py:925} INFO - DAG(s) 'user_processing_xcom' retrieved from /opt/airflow/dags/user_processing_xcom.py
[2026-01-08T08:21:00.349+0000] {logging_mixin.py:190} INFO - [2026-01-08T08:21:00.348+0000] {dag.py:3239} INFO - Sync 1 DAGs
[2026-01-08T08:21:00.653+0000] {logging_mixin.py:190} INFO - [2026-01-08T08:21:00.652+0000] {dag.py:4180} INFO - Setting next_dagrun for user_processing_xcom to 2026-01-08 00:00:00+00:00, run_after=2026-01-09 00:00:00+00:00
[2026-01-08T08:21:00.725+0000] {processor.py:208} INFO - Processing /opt/airflow/dags/user_processing_xcom.py took 0.905 seconds
[2026-01-08T08:21:31.523+0000] {processor.py:186} INFO - Started process (PID=22812) to work on /opt/airflow/dags/user_processing_xcom.py
[2026-01-08T08:21:31.524+0000] {processor.py:914} INFO - Processing file /opt/airflow/dags/user_processing_xcom.py for tasks to queue
[2026-01-08T08:21:31.526+0000] {logging_mixin.py:190} INFO - [2026-01-08T08:21:31.526+0000] {dagbag.py:588} INFO - Filling up the DagBag from /opt/airflow/dags/user_processing_xcom.py
[2026-01-08T08:21:31.989+0000] {processor.py:925} INFO - DAG(s) 'user_processing_xcom' retrieved from /opt/airflow/dags/user_processing_xcom.py
[2026-01-08T08:21:32.290+0000] {logging_mixin.py:190} INFO - [2026-01-08T08:21:32.289+0000] {dag.py:3239} INFO - Sync 1 DAGs
[2026-01-08T08:21:32.328+0000] {logging_mixin.py:190} INFO - [2026-01-08T08:21:32.328+0000] {dag.py:4180} INFO - Setting next_dagrun for user_processing_xcom to 2026-01-08 00:00:00+00:00, run_after=2026-01-09 00:00:00+00:00
[2026-01-08T08:21:32.358+0000] {processor.py:208} INFO - Processing /opt/airflow/dags/user_processing_xcom.py took 0.848 seconds
[2026-01-08T08:22:02.946+0000] {processor.py:186} INFO - Started process (PID=22828) to work on /opt/airflow/dags/user_processing_xcom.py
[2026-01-08T08:22:02.948+0000] {processor.py:914} INFO - Processing file /opt/airflow/dags/user_processing_xcom.py for tasks to queue
[2026-01-08T08:22:02.951+0000] {logging_mixin.py:190} INFO - [2026-01-08T08:22:02.951+0000] {dagbag.py:588} INFO - Filling up the DagBag from /opt/airflow/dags/user_processing_xcom.py
[2026-01-08T08:22:03.695+0000] {processor.py:925} INFO - DAG(s) 'user_processing_xcom' retrieved from /opt/airflow/dags/user_processing_xcom.py
[2026-01-08T08:22:03.740+0000] {logging_mixin.py:190} INFO - [2026-01-08T08:22:03.739+0000] {dag.py:3239} INFO - Sync 1 DAGs
[2026-01-08T08:22:03.778+0000] {logging_mixin.py:190} INFO - [2026-01-08T08:22:03.777+0000] {dag.py:4180} INFO - Setting next_dagrun for user_processing_xcom to 2026-01-08 00:00:00+00:00, run_after=2026-01-09 00:00:00+00:00
[2026-01-08T08:22:03.852+0000] {processor.py:208} INFO - Processing /opt/airflow/dags/user_processing_xcom.py took 0.923 seconds
[2026-01-08T08:22:34.552+0000] {processor.py:186} INFO - Started process (PID=22844) to work on /opt/airflow/dags/user_processing_xcom.py
[2026-01-08T08:22:34.554+0000] {processor.py:914} INFO - Processing file /opt/airflow/dags/user_processing_xcom.py for tasks to queue
[2026-01-08T08:22:34.555+0000] {logging_mixin.py:190} INFO - [2026-01-08T08:22:34.555+0000] {dagbag.py:588} INFO - Filling up the DagBag from /opt/airflow/dags/user_processing_xcom.py
[2026-01-08T08:22:35.288+0000] {processor.py:925} INFO - DAG(s) 'user_processing_xcom' retrieved from /opt/airflow/dags/user_processing_xcom.py
[2026-01-08T08:22:35.324+0000] {logging_mixin.py:190} INFO - [2026-01-08T08:22:35.324+0000] {dag.py:3239} INFO - Sync 1 DAGs
[2026-01-08T08:22:35.361+0000] {logging_mixin.py:190} INFO - [2026-01-08T08:22:35.361+0000] {dag.py:4180} INFO - Setting next_dagrun for user_processing_xcom to 2026-01-08 00:00:00+00:00, run_after=2026-01-09 00:00:00+00:00
[2026-01-08T08:22:35.435+0000] {processor.py:208} INFO - Processing /opt/airflow/dags/user_processing_xcom.py took 0.895 seconds
[2026-01-08T08:23:05.519+0000] {processor.py:186} INFO - Started process (PID=22860) to work on /opt/airflow/dags/user_processing_xcom.py
[2026-01-08T08:23:05.521+0000] {processor.py:914} INFO - Processing file /opt/airflow/dags/user_processing_xcom.py for tasks to queue
[2026-01-08T08:23:05.523+0000] {logging_mixin.py:190} INFO - [2026-01-08T08:23:05.523+0000] {dagbag.py:588} INFO - Filling up the DagBag from /opt/airflow/dags/user_processing_xcom.py
[2026-01-08T08:23:05.978+0000] {processor.py:925} INFO - DAG(s) 'user_processing_xcom' retrieved from /opt/airflow/dags/user_processing_xcom.py
[2026-01-08T08:23:06.023+0000] {logging_mixin.py:190} INFO - [2026-01-08T08:23:06.023+0000] {dag.py:3239} INFO - Sync 1 DAGs
[2026-01-08T08:23:06.328+0000] {logging_mixin.py:190} INFO - [2026-01-08T08:23:06.328+0000] {dag.py:4180} INFO - Setting next_dagrun for user_processing_xcom to 2026-01-08 00:00:00+00:00, run_after=2026-01-09 00:00:00+00:00
[2026-01-08T08:23:06.355+0000] {processor.py:208} INFO - Processing /opt/airflow/dags/user_processing_xcom.py took 0.847 seconds
[2026-01-08T08:23:36.747+0000] {processor.py:186} INFO - Started process (PID=22876) to work on /opt/airflow/dags/user_processing_xcom.py
[2026-01-08T08:23:36.749+0000] {processor.py:914} INFO - Processing file /opt/airflow/dags/user_processing_xcom.py for tasks to queue
[2026-01-08T08:23:36.752+0000] {logging_mixin.py:190} INFO - [2026-01-08T08:23:36.751+0000] {dagbag.py:588} INFO - Filling up the DagBag from /opt/airflow/dags/user_processing_xcom.py
[2026-01-08T08:23:37.278+0000] {processor.py:925} INFO - DAG(s) 'user_processing_xcom' retrieved from /opt/airflow/dags/user_processing_xcom.py
[2026-01-08T08:23:37.329+0000] {logging_mixin.py:190} INFO - [2026-01-08T08:23:37.328+0000] {dag.py:3239} INFO - Sync 1 DAGs
[2026-01-08T08:23:37.703+0000] {logging_mixin.py:190} INFO - [2026-01-08T08:23:37.702+0000] {dag.py:4180} INFO - Setting next_dagrun for user_processing_xcom to 2026-01-08 00:00:00+00:00, run_after=2026-01-09 00:00:00+00:00
[2026-01-08T08:23:37.729+0000] {processor.py:208} INFO - Processing /opt/airflow/dags/user_processing_xcom.py took 0.997 seconds
[2026-01-08T08:24:08.012+0000] {processor.py:186} INFO - Started process (PID=22893) to work on /opt/airflow/dags/user_processing_xcom.py
[2026-01-08T08:24:08.014+0000] {processor.py:914} INFO - Processing file /opt/airflow/dags/user_processing_xcom.py for tasks to queue
[2026-01-08T08:24:08.016+0000] {logging_mixin.py:190} INFO - [2026-01-08T08:24:08.015+0000] {dagbag.py:588} INFO - Filling up the DagBag from /opt/airflow/dags/user_processing_xcom.py
[2026-01-08T08:24:08.514+0000] {processor.py:925} INFO - DAG(s) 'user_processing_xcom' retrieved from /opt/airflow/dags/user_processing_xcom.py
[2026-01-08T08:24:08.810+0000] {logging_mixin.py:190} INFO - [2026-01-08T08:24:08.810+0000] {dag.py:3239} INFO - Sync 1 DAGs
[2026-01-08T08:24:08.846+0000] {logging_mixin.py:190} INFO - [2026-01-08T08:24:08.845+0000] {dag.py:4180} INFO - Setting next_dagrun for user_processing_xcom to 2026-01-08 00:00:00+00:00, run_after=2026-01-09 00:00:00+00:00
[2026-01-08T08:24:08.924+0000] {processor.py:208} INFO - Processing /opt/airflow/dags/user_processing_xcom.py took 0.923 seconds
[2026-01-08T08:24:39.429+0000] {processor.py:186} INFO - Started process (PID=22909) to work on /opt/airflow/dags/user_processing_xcom.py
[2026-01-08T08:24:39.431+0000] {processor.py:914} INFO - Processing file /opt/airflow/dags/user_processing_xcom.py for tasks to queue
[2026-01-08T08:24:39.432+0000] {logging_mixin.py:190} INFO - [2026-01-08T08:24:39.432+0000] {dagbag.py:588} INFO - Filling up the DagBag from /opt/airflow/dags/user_processing_xcom.py
[2026-01-08T08:24:40.257+0000] {processor.py:925} INFO - DAG(s) 'user_processing_xcom' retrieved from /opt/airflow/dags/user_processing_xcom.py
[2026-01-08T08:24:40.300+0000] {logging_mixin.py:190} INFO - [2026-01-08T08:24:40.300+0000] {dag.py:3239} INFO - Sync 1 DAGs
[2026-01-08T08:24:40.353+0000] {logging_mixin.py:190} INFO - [2026-01-08T08:24:40.353+0000] {dag.py:4180} INFO - Setting next_dagrun for user_processing_xcom to 2026-01-08 00:00:00+00:00, run_after=2026-01-09 00:00:00+00:00
[2026-01-08T08:24:40.435+0000] {processor.py:208} INFO - Processing /opt/airflow/dags/user_processing_xcom.py took 1.019 seconds
[2026-01-08T08:25:10.553+0000] {processor.py:186} INFO - Started process (PID=22925) to work on /opt/airflow/dags/user_processing_xcom.py
[2026-01-08T08:25:10.554+0000] {processor.py:914} INFO - Processing file /opt/airflow/dags/user_processing_xcom.py for tasks to queue
[2026-01-08T08:25:10.555+0000] {logging_mixin.py:190} INFO - [2026-01-08T08:25:10.555+0000] {dagbag.py:588} INFO - Filling up the DagBag from /opt/airflow/dags/user_processing_xcom.py
[2026-01-08T08:25:11.291+0000] {processor.py:925} INFO - DAG(s) 'user_processing_xcom' retrieved from /opt/airflow/dags/user_processing_xcom.py
[2026-01-08T08:25:11.328+0000] {logging_mixin.py:190} INFO - [2026-01-08T08:25:11.326+0000] {dag.py:3239} INFO - Sync 1 DAGs
[2026-01-08T08:25:11.368+0000] {logging_mixin.py:190} INFO - [2026-01-08T08:25:11.368+0000] {dag.py:4180} INFO - Setting next_dagrun for user_processing_xcom to 2026-01-08 00:00:00+00:00, run_after=2026-01-09 00:00:00+00:00
[2026-01-08T08:25:11.423+0000] {processor.py:208} INFO - Processing /opt/airflow/dags/user_processing_xcom.py took 0.884 seconds
[2026-01-08T08:25:41.588+0000] {processor.py:186} INFO - Started process (PID=22941) to work on /opt/airflow/dags/user_processing_xcom.py
[2026-01-08T08:25:41.590+0000] {processor.py:914} INFO - Processing file /opt/airflow/dags/user_processing_xcom.py for tasks to queue
[2026-01-08T08:25:41.592+0000] {logging_mixin.py:190} INFO - [2026-01-08T08:25:41.592+0000] {dagbag.py:588} INFO - Filling up the DagBag from /opt/airflow/dags/user_processing_xcom.py
[2026-01-08T08:25:42.048+0000] {processor.py:925} INFO - DAG(s) 'user_processing_xcom' retrieved from /opt/airflow/dags/user_processing_xcom.py
[2026-01-08T08:25:42.092+0000] {logging_mixin.py:190} INFO - [2026-01-08T08:25:42.092+0000] {dag.py:3239} INFO - Sync 1 DAGs
[2026-01-08T08:25:42.378+0000] {logging_mixin.py:190} INFO - [2026-01-08T08:25:42.377+0000] {dag.py:4180} INFO - Setting next_dagrun for user_processing_xcom to 2026-01-08 00:00:00+00:00, run_after=2026-01-09 00:00:00+00:00
[2026-01-08T08:25:42.407+0000] {processor.py:208} INFO - Processing /opt/airflow/dags/user_processing_xcom.py took 0.830 seconds
[2026-01-08T08:26:12.548+0000] {processor.py:186} INFO - Started process (PID=22957) to work on /opt/airflow/dags/user_processing_xcom.py
[2026-01-08T08:26:12.550+0000] {processor.py:914} INFO - Processing file /opt/airflow/dags/user_processing_xcom.py for tasks to queue
[2026-01-08T08:26:12.552+0000] {logging_mixin.py:190} INFO - [2026-01-08T08:26:12.551+0000] {dagbag.py:588} INFO - Filling up the DagBag from /opt/airflow/dags/user_processing_xcom.py
[2026-01-08T08:26:13.012+0000] {processor.py:925} INFO - DAG(s) 'user_processing_xcom' retrieved from /opt/airflow/dags/user_processing_xcom.py
[2026-01-08T08:26:13.333+0000] {logging_mixin.py:190} INFO - [2026-01-08T08:26:13.332+0000] {dag.py:3239} INFO - Sync 1 DAGs
[2026-01-08T08:26:13.397+0000] {logging_mixin.py:190} INFO - [2026-01-08T08:26:13.397+0000] {dag.py:4180} INFO - Setting next_dagrun for user_processing_xcom to 2026-01-08 00:00:00+00:00, run_after=2026-01-09 00:00:00+00:00
[2026-01-08T08:26:13.425+0000] {processor.py:208} INFO - Processing /opt/airflow/dags/user_processing_xcom.py took 0.886 seconds
[2026-01-08T08:26:43.816+0000] {processor.py:186} INFO - Started process (PID=22973) to work on /opt/airflow/dags/user_processing_xcom.py
[2026-01-08T08:26:43.818+0000] {processor.py:914} INFO - Processing file /opt/airflow/dags/user_processing_xcom.py for tasks to queue
[2026-01-08T08:26:43.821+0000] {logging_mixin.py:190} INFO - [2026-01-08T08:26:43.820+0000] {dagbag.py:588} INFO - Filling up the DagBag from /opt/airflow/dags/user_processing_xcom.py
[2026-01-08T08:26:44.440+0000] {processor.py:925} INFO - DAG(s) 'user_processing_xcom' retrieved from /opt/airflow/dags/user_processing_xcom.py
[2026-01-08T08:26:44.780+0000] {logging_mixin.py:190} INFO - [2026-01-08T08:26:44.780+0000] {dag.py:3239} INFO - Sync 1 DAGs
[2026-01-08T08:26:44.824+0000] {logging_mixin.py:190} INFO - [2026-01-08T08:26:44.823+0000] {dag.py:4180} INFO - Setting next_dagrun for user_processing_xcom to 2026-01-08 00:00:00+00:00, run_after=2026-01-09 00:00:00+00:00
[2026-01-08T08:26:44.858+0000] {processor.py:208} INFO - Processing /opt/airflow/dags/user_processing_xcom.py took 1.057 seconds
[2026-01-08T08:27:15.683+0000] {processor.py:186} INFO - Started process (PID=22989) to work on /opt/airflow/dags/user_processing_xcom.py
[2026-01-08T08:27:15.684+0000] {processor.py:914} INFO - Processing file /opt/airflow/dags/user_processing_xcom.py for tasks to queue
[2026-01-08T08:27:15.685+0000] {logging_mixin.py:190} INFO - [2026-01-08T08:27:15.685+0000] {dagbag.py:588} INFO - Filling up the DagBag from /opt/airflow/dags/user_processing_xcom.py
[2026-01-08T08:27:16.365+0000] {processor.py:925} INFO - DAG(s) 'user_processing_xcom' retrieved from /opt/airflow/dags/user_processing_xcom.py
[2026-01-08T08:27:16.400+0000] {logging_mixin.py:190} INFO - [2026-01-08T08:27:16.399+0000] {dag.py:3239} INFO - Sync 1 DAGs
[2026-01-08T08:27:16.445+0000] {logging_mixin.py:190} INFO - [2026-01-08T08:27:16.445+0000] {dag.py:4180} INFO - Setting next_dagrun for user_processing_xcom to 2026-01-08 00:00:00+00:00, run_after=2026-01-09 00:00:00+00:00
[2026-01-08T08:27:16.518+0000] {processor.py:208} INFO - Processing /opt/airflow/dags/user_processing_xcom.py took 0.848 seconds
[2026-01-08T08:27:46.647+0000] {processor.py:186} INFO - Started process (PID=23005) to work on /opt/airflow/dags/user_processing_xcom.py
[2026-01-08T08:27:46.650+0000] {processor.py:914} INFO - Processing file /opt/airflow/dags/user_processing_xcom.py for tasks to queue
[2026-01-08T08:27:46.652+0000] {logging_mixin.py:190} INFO - [2026-01-08T08:27:46.652+0000] {dagbag.py:588} INFO - Filling up the DagBag from /opt/airflow/dags/user_processing_xcom.py
[2026-01-08T08:27:47.570+0000] {processor.py:925} INFO - DAG(s) 'user_processing_xcom' retrieved from /opt/airflow/dags/user_processing_xcom.py
[2026-01-08T08:27:47.609+0000] {logging_mixin.py:190} INFO - [2026-01-08T08:27:47.608+0000] {dag.py:3239} INFO - Sync 1 DAGs
[2026-01-08T08:27:47.664+0000] {logging_mixin.py:190} INFO - [2026-01-08T08:27:47.663+0000] {dag.py:4180} INFO - Setting next_dagrun for user_processing_xcom to 2026-01-08 00:00:00+00:00, run_after=2026-01-09 00:00:00+00:00
[2026-01-08T08:27:47.708+0000] {processor.py:208} INFO - Processing /opt/airflow/dags/user_processing_xcom.py took 1.076 seconds
[2026-01-08T08:28:18.406+0000] {processor.py:186} INFO - Started process (PID=23027) to work on /opt/airflow/dags/user_processing_xcom.py
[2026-01-08T08:28:18.407+0000] {processor.py:914} INFO - Processing file /opt/airflow/dags/user_processing_xcom.py for tasks to queue
[2026-01-08T08:28:18.410+0000] {logging_mixin.py:190} INFO - [2026-01-08T08:28:18.409+0000] {dagbag.py:588} INFO - Filling up the DagBag from /opt/airflow/dags/user_processing_xcom.py
[2026-01-08T08:28:19.054+0000] {processor.py:925} INFO - DAG(s) 'user_processing_xcom' retrieved from /opt/airflow/dags/user_processing_xcom.py
[2026-01-08T08:28:19.110+0000] {logging_mixin.py:190} INFO - [2026-01-08T08:28:19.109+0000] {dag.py:3239} INFO - Sync 1 DAGs
[2026-01-08T08:28:19.488+0000] {logging_mixin.py:190} INFO - [2026-01-08T08:28:19.488+0000] {dag.py:4180} INFO - Setting next_dagrun for user_processing_xcom to 2026-01-08 00:00:00+00:00, run_after=2026-01-09 00:00:00+00:00
[2026-01-08T08:28:19.581+0000] {processor.py:208} INFO - Processing /opt/airflow/dags/user_processing_xcom.py took 1.190 seconds
[2026-01-08T08:28:49.713+0000] {processor.py:186} INFO - Started process (PID=23044) to work on /opt/airflow/dags/user_processing_xcom.py
[2026-01-08T08:28:49.715+0000] {processor.py:914} INFO - Processing file /opt/airflow/dags/user_processing_xcom.py for tasks to queue
[2026-01-08T08:28:49.718+0000] {logging_mixin.py:190} INFO - [2026-01-08T08:28:49.717+0000] {dagbag.py:588} INFO - Filling up the DagBag from /opt/airflow/dags/user_processing_xcom.py
[2026-01-08T08:28:50.452+0000] {processor.py:925} INFO - DAG(s) 'user_processing_xcom' retrieved from /opt/airflow/dags/user_processing_xcom.py
[2026-01-08T08:28:50.807+0000] {logging_mixin.py:190} INFO - [2026-01-08T08:28:50.807+0000] {dag.py:3239} INFO - Sync 1 DAGs
[2026-01-08T08:28:50.857+0000] {logging_mixin.py:190} INFO - [2026-01-08T08:28:50.856+0000] {dag.py:4180} INFO - Setting next_dagrun for user_processing_xcom to 2026-01-08 00:00:00+00:00, run_after=2026-01-09 00:00:00+00:00
[2026-01-08T08:28:50.930+0000] {processor.py:208} INFO - Processing /opt/airflow/dags/user_processing_xcom.py took 1.234 seconds
[2026-01-08T08:29:21.774+0000] {processor.py:186} INFO - Started process (PID=23060) to work on /opt/airflow/dags/user_processing_xcom.py
[2026-01-08T08:29:21.776+0000] {processor.py:914} INFO - Processing file /opt/airflow/dags/user_processing_xcom.py for tasks to queue
[2026-01-08T08:29:21.779+0000] {logging_mixin.py:190} INFO - [2026-01-08T08:29:21.778+0000] {dagbag.py:588} INFO - Filling up the DagBag from /opt/airflow/dags/user_processing_xcom.py
[2026-01-08T08:29:22.739+0000] {processor.py:925} INFO - DAG(s) 'user_processing_xcom' retrieved from /opt/airflow/dags/user_processing_xcom.py
[2026-01-08T08:29:22.780+0000] {logging_mixin.py:190} INFO - [2026-01-08T08:29:22.779+0000] {dag.py:3239} INFO - Sync 1 DAGs
[2026-01-08T08:29:22.840+0000] {logging_mixin.py:190} INFO - [2026-01-08T08:29:22.839+0000] {dag.py:4180} INFO - Setting next_dagrun for user_processing_xcom to 2026-01-08 00:00:00+00:00, run_after=2026-01-09 00:00:00+00:00
[2026-01-08T08:29:22.930+0000] {processor.py:208} INFO - Processing /opt/airflow/dags/user_processing_xcom.py took 1.174 seconds
[2026-01-08T08:29:53.318+0000] {processor.py:186} INFO - Started process (PID=23075) to work on /opt/airflow/dags/user_processing_xcom.py
[2026-01-08T08:29:53.320+0000] {processor.py:914} INFO - Processing file /opt/airflow/dags/user_processing_xcom.py for tasks to queue
[2026-01-08T08:29:53.323+0000] {logging_mixin.py:190} INFO - [2026-01-08T08:29:53.322+0000] {dagbag.py:588} INFO - Filling up the DagBag from /opt/airflow/dags/user_processing_xcom.py
[2026-01-08T08:29:54.267+0000] {processor.py:925} INFO - DAG(s) 'user_processing_xcom' retrieved from /opt/airflow/dags/user_processing_xcom.py
[2026-01-08T08:29:54.327+0000] {logging_mixin.py:190} INFO - [2026-01-08T08:29:54.321+0000] {dag.py:3239} INFO - Sync 1 DAGs
[2026-01-08T08:29:54.384+0000] {logging_mixin.py:190} INFO - [2026-01-08T08:29:54.384+0000] {dag.py:4180} INFO - Setting next_dagrun for user_processing_xcom to 2026-01-08 00:00:00+00:00, run_after=2026-01-09 00:00:00+00:00
[2026-01-08T08:29:54.426+0000] {processor.py:208} INFO - Processing /opt/airflow/dags/user_processing_xcom.py took 1.124 seconds
[2026-01-08T08:30:24.937+0000] {processor.py:186} INFO - Started process (PID=23091) to work on /opt/airflow/dags/user_processing_xcom.py
[2026-01-08T08:30:24.939+0000] {processor.py:914} INFO - Processing file /opt/airflow/dags/user_processing_xcom.py for tasks to queue
[2026-01-08T08:30:24.943+0000] {logging_mixin.py:190} INFO - [2026-01-08T08:30:24.942+0000] {dagbag.py:588} INFO - Filling up the DagBag from /opt/airflow/dags/user_processing_xcom.py
[2026-01-08T08:30:26.303+0000] {processor.py:925} INFO - DAG(s) 'user_processing_xcom' retrieved from /opt/airflow/dags/user_processing_xcom.py
[2026-01-08T08:30:26.360+0000] {logging_mixin.py:190} INFO - [2026-01-08T08:30:26.358+0000] {dag.py:3239} INFO - Sync 1 DAGs
[2026-01-08T08:30:26.425+0000] {logging_mixin.py:190} INFO - [2026-01-08T08:30:26.425+0000] {dag.py:4180} INFO - Setting next_dagrun for user_processing_xcom to 2026-01-08 00:00:00+00:00, run_after=2026-01-09 00:00:00+00:00
[2026-01-08T08:30:26.510+0000] {processor.py:208} INFO - Processing /opt/airflow/dags/user_processing_xcom.py took 1.592 seconds
[2026-01-08T08:30:57.340+0000] {processor.py:186} INFO - Started process (PID=23106) to work on /opt/airflow/dags/user_processing_xcom.py
[2026-01-08T08:30:57.342+0000] {processor.py:914} INFO - Processing file /opt/airflow/dags/user_processing_xcom.py for tasks to queue
[2026-01-08T08:30:57.344+0000] {logging_mixin.py:190} INFO - [2026-01-08T08:30:57.344+0000] {dagbag.py:588} INFO - Filling up the DagBag from /opt/airflow/dags/user_processing_xcom.py
[2026-01-08T08:30:57.823+0000] {processor.py:925} INFO - DAG(s) 'user_processing_xcom' retrieved from /opt/airflow/dags/user_processing_xcom.py
[2026-01-08T08:30:58.104+0000] {logging_mixin.py:190} INFO - [2026-01-08T08:30:58.103+0000] {dag.py:3239} INFO - Sync 1 DAGs
[2026-01-08T08:30:58.137+0000] {logging_mixin.py:190} INFO - [2026-01-08T08:30:58.136+0000] {dag.py:4180} INFO - Setting next_dagrun for user_processing_xcom to 2026-01-08 00:00:00+00:00, run_after=2026-01-09 00:00:00+00:00
[2026-01-08T08:30:58.207+0000] {processor.py:208} INFO - Processing /opt/airflow/dags/user_processing_xcom.py took 0.881 seconds
[2026-01-08T08:31:28.788+0000] {processor.py:186} INFO - Started process (PID=23122) to work on /opt/airflow/dags/user_processing_xcom.py
[2026-01-08T08:31:28.790+0000] {processor.py:914} INFO - Processing file /opt/airflow/dags/user_processing_xcom.py for tasks to queue
[2026-01-08T08:31:28.792+0000] {logging_mixin.py:190} INFO - [2026-01-08T08:31:28.792+0000] {dagbag.py:588} INFO - Filling up the DagBag from /opt/airflow/dags/user_processing_xcom.py
[2026-01-08T08:31:29.523+0000] {processor.py:925} INFO - DAG(s) 'user_processing_xcom' retrieved from /opt/airflow/dags/user_processing_xcom.py
[2026-01-08T08:31:29.560+0000] {logging_mixin.py:190} INFO - [2026-01-08T08:31:29.559+0000] {dag.py:3239} INFO - Sync 1 DAGs
[2026-01-08T08:31:29.593+0000] {logging_mixin.py:190} INFO - [2026-01-08T08:31:29.593+0000] {dag.py:4180} INFO - Setting next_dagrun for user_processing_xcom to 2026-01-08 00:00:00+00:00, run_after=2026-01-09 00:00:00+00:00
[2026-01-08T08:31:29.663+0000] {processor.py:208} INFO - Processing /opt/airflow/dags/user_processing_xcom.py took 0.887 seconds
[2026-01-08T08:32:00.702+0000] {processor.py:186} INFO - Started process (PID=23138) to work on /opt/airflow/dags/user_processing_xcom.py
[2026-01-08T08:32:00.705+0000] {processor.py:914} INFO - Processing file /opt/airflow/dags/user_processing_xcom.py for tasks to queue
[2026-01-08T08:32:00.711+0000] {logging_mixin.py:190} INFO - [2026-01-08T08:32:00.710+0000] {dagbag.py:588} INFO - Filling up the DagBag from /opt/airflow/dags/user_processing_xcom.py
[2026-01-08T08:32:01.818+0000] {processor.py:925} INFO - DAG(s) 'user_processing_xcom' retrieved from /opt/airflow/dags/user_processing_xcom.py
[2026-01-08T08:32:01.887+0000] {logging_mixin.py:190} INFO - [2026-01-08T08:32:01.885+0000] {dag.py:3239} INFO - Sync 1 DAGs
[2026-01-08T08:32:01.951+0000] {logging_mixin.py:190} INFO - [2026-01-08T08:32:01.950+0000] {dag.py:4180} INFO - Setting next_dagrun for user_processing_xcom to 2026-01-08 00:00:00+00:00, run_after=2026-01-09 00:00:00+00:00
[2026-01-08T08:32:02.002+0000] {processor.py:208} INFO - Processing /opt/airflow/dags/user_processing_xcom.py took 1.320 seconds
[2026-01-08T08:32:32.746+0000] {processor.py:186} INFO - Started process (PID=23154) to work on /opt/airflow/dags/user_processing_xcom.py
[2026-01-08T08:32:32.747+0000] {processor.py:914} INFO - Processing file /opt/airflow/dags/user_processing_xcom.py for tasks to queue
[2026-01-08T08:32:32.748+0000] {logging_mixin.py:190} INFO - [2026-01-08T08:32:32.748+0000] {dagbag.py:588} INFO - Filling up the DagBag from /opt/airflow/dags/user_processing_xcom.py
[2026-01-08T08:32:33.475+0000] {processor.py:925} INFO - DAG(s) 'user_processing_xcom' retrieved from /opt/airflow/dags/user_processing_xcom.py
[2026-01-08T08:32:33.510+0000] {logging_mixin.py:190} INFO - [2026-01-08T08:32:33.508+0000] {dag.py:3239} INFO - Sync 1 DAGs
[2026-01-08T08:32:33.544+0000] {logging_mixin.py:190} INFO - [2026-01-08T08:32:33.544+0000] {dag.py:4180} INFO - Setting next_dagrun for user_processing_xcom to 2026-01-08 00:00:00+00:00, run_after=2026-01-09 00:00:00+00:00
[2026-01-08T08:32:33.616+0000] {processor.py:208} INFO - Processing /opt/airflow/dags/user_processing_xcom.py took 0.882 seconds
[2026-01-08T08:33:04.191+0000] {processor.py:186} INFO - Started process (PID=23171) to work on /opt/airflow/dags/user_processing_xcom.py
[2026-01-08T08:33:04.194+0000] {processor.py:914} INFO - Processing file /opt/airflow/dags/user_processing_xcom.py for tasks to queue
[2026-01-08T08:33:04.196+0000] {logging_mixin.py:190} INFO - [2026-01-08T08:33:04.195+0000] {dagbag.py:588} INFO - Filling up the DagBag from /opt/airflow/dags/user_processing_xcom.py
[2026-01-08T08:33:04.954+0000] {processor.py:925} INFO - DAG(s) 'user_processing_xcom' retrieved from /opt/airflow/dags/user_processing_xcom.py
[2026-01-08T08:33:04.989+0000] {logging_mixin.py:190} INFO - [2026-01-08T08:33:04.988+0000] {dag.py:3239} INFO - Sync 1 DAGs
[2026-01-08T08:33:05.033+0000] {logging_mixin.py:190} INFO - [2026-01-08T08:33:05.033+0000] {dag.py:4180} INFO - Setting next_dagrun for user_processing_xcom to 2026-01-08 00:00:00+00:00, run_after=2026-01-09 00:00:00+00:00
[2026-01-08T08:33:05.070+0000] {processor.py:208} INFO - Processing /opt/airflow/dags/user_processing_xcom.py took 0.891 seconds
[2026-01-08T08:33:36.064+0000] {processor.py:186} INFO - Started process (PID=23187) to work on /opt/airflow/dags/user_processing_xcom.py
[2026-01-08T08:33:36.066+0000] {processor.py:914} INFO - Processing file /opt/airflow/dags/user_processing_xcom.py for tasks to queue
[2026-01-08T08:33:36.067+0000] {logging_mixin.py:190} INFO - [2026-01-08T08:33:36.067+0000] {dagbag.py:588} INFO - Filling up the DagBag from /opt/airflow/dags/user_processing_xcom.py
[2026-01-08T08:33:36.798+0000] {processor.py:925} INFO - DAG(s) 'user_processing_xcom' retrieved from /opt/airflow/dags/user_processing_xcom.py
[2026-01-08T08:33:36.833+0000] {logging_mixin.py:190} INFO - [2026-01-08T08:33:36.833+0000] {dag.py:3239} INFO - Sync 1 DAGs
[2026-01-08T08:33:36.873+0000] {logging_mixin.py:190} INFO - [2026-01-08T08:33:36.872+0000] {dag.py:4180} INFO - Setting next_dagrun for user_processing_xcom to 2026-01-08 00:00:00+00:00, run_after=2026-01-09 00:00:00+00:00
[2026-01-08T08:33:36.958+0000] {processor.py:208} INFO - Processing /opt/airflow/dags/user_processing_xcom.py took 0.905 seconds
[2026-01-08T08:34:07.420+0000] {processor.py:186} INFO - Started process (PID=23203) to work on /opt/airflow/dags/user_processing_xcom.py
[2026-01-08T08:34:07.421+0000] {processor.py:914} INFO - Processing file /opt/airflow/dags/user_processing_xcom.py for tasks to queue
[2026-01-08T08:34:07.423+0000] {logging_mixin.py:190} INFO - [2026-01-08T08:34:07.423+0000] {dagbag.py:588} INFO - Filling up the DagBag from /opt/airflow/dags/user_processing_xcom.py
[2026-01-08T08:34:08.119+0000] {processor.py:925} INFO - DAG(s) 'user_processing_xcom' retrieved from /opt/airflow/dags/user_processing_xcom.py
[2026-01-08T08:34:08.155+0000] {logging_mixin.py:190} INFO - [2026-01-08T08:34:08.154+0000] {dag.py:3239} INFO - Sync 1 DAGs
[2026-01-08T08:34:08.191+0000] {logging_mixin.py:190} INFO - [2026-01-08T08:34:08.191+0000] {dag.py:4180} INFO - Setting next_dagrun for user_processing_xcom to 2026-01-08 00:00:00+00:00, run_after=2026-01-09 00:00:00+00:00
[2026-01-08T08:34:08.265+0000] {processor.py:208} INFO - Processing /opt/airflow/dags/user_processing_xcom.py took 0.856 seconds
[2026-01-08T08:34:38.623+0000] {processor.py:186} INFO - Started process (PID=23219) to work on /opt/airflow/dags/user_processing_xcom.py
[2026-01-08T08:34:38.625+0000] {processor.py:914} INFO - Processing file /opt/airflow/dags/user_processing_xcom.py for tasks to queue
[2026-01-08T08:34:38.629+0000] {logging_mixin.py:190} INFO - [2026-01-08T08:34:38.628+0000] {dagbag.py:588} INFO - Filling up the DagBag from /opt/airflow/dags/user_processing_xcom.py
[2026-01-08T08:34:39.342+0000] {processor.py:925} INFO - DAG(s) 'user_processing_xcom' retrieved from /opt/airflow/dags/user_processing_xcom.py
[2026-01-08T08:34:39.387+0000] {logging_mixin.py:190} INFO - [2026-01-08T08:34:39.386+0000] {dag.py:3239} INFO - Sync 1 DAGs
[2026-01-08T08:34:39.429+0000] {logging_mixin.py:190} INFO - [2026-01-08T08:34:39.429+0000] {dag.py:4180} INFO - Setting next_dagrun for user_processing_xcom to 2026-01-08 00:00:00+00:00, run_after=2026-01-09 00:00:00+00:00
[2026-01-08T08:34:39.502+0000] {processor.py:208} INFO - Processing /opt/airflow/dags/user_processing_xcom.py took 0.887 seconds
[2026-01-08T08:35:09.904+0000] {processor.py:186} INFO - Started process (PID=23235) to work on /opt/airflow/dags/user_processing_xcom.py
[2026-01-08T08:35:09.908+0000] {processor.py:914} INFO - Processing file /opt/airflow/dags/user_processing_xcom.py for tasks to queue
[2026-01-08T08:35:09.911+0000] {logging_mixin.py:190} INFO - [2026-01-08T08:35:09.911+0000] {dagbag.py:588} INFO - Filling up the DagBag from /opt/airflow/dags/user_processing_xcom.py
[2026-01-08T08:35:10.741+0000] {processor.py:925} INFO - DAG(s) 'user_processing_xcom' retrieved from /opt/airflow/dags/user_processing_xcom.py
[2026-01-08T08:35:10.779+0000] {logging_mixin.py:190} INFO - [2026-01-08T08:35:10.779+0000] {dag.py:3239} INFO - Sync 1 DAGs
[2026-01-08T08:35:10.828+0000] {logging_mixin.py:190} INFO - [2026-01-08T08:35:10.828+0000] {dag.py:4180} INFO - Setting next_dagrun for user_processing_xcom to 2026-01-08 00:00:00+00:00, run_after=2026-01-09 00:00:00+00:00
[2026-01-08T08:35:10.912+0000] {processor.py:208} INFO - Processing /opt/airflow/dags/user_processing_xcom.py took 1.019 seconds
[2026-01-08T08:35:41.461+0000] {processor.py:186} INFO - Started process (PID=23251) to work on /opt/airflow/dags/user_processing_xcom.py
[2026-01-08T08:35:41.462+0000] {processor.py:914} INFO - Processing file /opt/airflow/dags/user_processing_xcom.py for tasks to queue
[2026-01-08T08:35:41.464+0000] {logging_mixin.py:190} INFO - [2026-01-08T08:35:41.463+0000] {dagbag.py:588} INFO - Filling up the DagBag from /opt/airflow/dags/user_processing_xcom.py
[2026-01-08T08:35:42.206+0000] {processor.py:925} INFO - DAG(s) 'user_processing_xcom' retrieved from /opt/airflow/dags/user_processing_xcom.py
[2026-01-08T08:35:42.252+0000] {logging_mixin.py:190} INFO - [2026-01-08T08:35:42.251+0000] {dag.py:3239} INFO - Sync 1 DAGs
[2026-01-08T08:35:42.301+0000] {logging_mixin.py:190} INFO - [2026-01-08T08:35:42.301+0000] {dag.py:4180} INFO - Setting next_dagrun for user_processing_xcom to 2026-01-08 00:00:00+00:00, run_after=2026-01-09 00:00:00+00:00
[2026-01-08T08:35:42.381+0000] {processor.py:208} INFO - Processing /opt/airflow/dags/user_processing_xcom.py took 0.931 seconds
[2026-01-08T08:36:13.110+0000] {processor.py:186} INFO - Started process (PID=23267) to work on /opt/airflow/dags/user_processing_xcom.py
[2026-01-08T08:36:13.112+0000] {processor.py:914} INFO - Processing file /opt/airflow/dags/user_processing_xcom.py for tasks to queue
[2026-01-08T08:36:13.114+0000] {logging_mixin.py:190} INFO - [2026-01-08T08:36:13.114+0000] {dagbag.py:588} INFO - Filling up the DagBag from /opt/airflow/dags/user_processing_xcom.py
[2026-01-08T08:36:13.851+0000] {processor.py:925} INFO - DAG(s) 'user_processing_xcom' retrieved from /opt/airflow/dags/user_processing_xcom.py
[2026-01-08T08:36:13.883+0000] {logging_mixin.py:190} INFO - [2026-01-08T08:36:13.882+0000] {dag.py:3239} INFO - Sync 1 DAGs
[2026-01-08T08:36:13.915+0000] {logging_mixin.py:190} INFO - [2026-01-08T08:36:13.915+0000] {dag.py:4180} INFO - Setting next_dagrun for user_processing_xcom to 2026-01-08 00:00:00+00:00, run_after=2026-01-09 00:00:00+00:00
[2026-01-08T08:36:13.993+0000] {processor.py:208} INFO - Processing /opt/airflow/dags/user_processing_xcom.py took 0.894 seconds
[2026-01-08T08:36:44.167+0000] {processor.py:186} INFO - Started process (PID=23283) to work on /opt/airflow/dags/user_processing_xcom.py
[2026-01-08T08:36:44.168+0000] {processor.py:914} INFO - Processing file /opt/airflow/dags/user_processing_xcom.py for tasks to queue
[2026-01-08T08:36:44.170+0000] {logging_mixin.py:190} INFO - [2026-01-08T08:36:44.169+0000] {dagbag.py:588} INFO - Filling up the DagBag from /opt/airflow/dags/user_processing_xcom.py
[2026-01-08T08:36:44.944+0000] {processor.py:925} INFO - DAG(s) 'user_processing_xcom' retrieved from /opt/airflow/dags/user_processing_xcom.py
[2026-01-08T08:36:44.984+0000] {logging_mixin.py:190} INFO - [2026-01-08T08:36:44.983+0000] {dag.py:3239} INFO - Sync 1 DAGs
[2026-01-08T08:36:45.023+0000] {logging_mixin.py:190} INFO - [2026-01-08T08:36:45.022+0000] {dag.py:4180} INFO - Setting next_dagrun for user_processing_xcom to 2026-01-08 00:00:00+00:00, run_after=2026-01-09 00:00:00+00:00
[2026-01-08T08:36:45.107+0000] {processor.py:208} INFO - Processing /opt/airflow/dags/user_processing_xcom.py took 0.954 seconds
[2026-01-08T08:37:15.234+0000] {processor.py:186} INFO - Started process (PID=23299) to work on /opt/airflow/dags/user_processing_xcom.py
[2026-01-08T08:37:15.235+0000] {processor.py:914} INFO - Processing file /opt/airflow/dags/user_processing_xcom.py for tasks to queue
[2026-01-08T08:37:15.236+0000] {logging_mixin.py:190} INFO - [2026-01-08T08:37:15.236+0000] {dagbag.py:588} INFO - Filling up the DagBag from /opt/airflow/dags/user_processing_xcom.py
[2026-01-08T08:37:15.922+0000] {processor.py:925} INFO - DAG(s) 'user_processing_xcom' retrieved from /opt/airflow/dags/user_processing_xcom.py
[2026-01-08T08:37:15.955+0000] {logging_mixin.py:190} INFO - [2026-01-08T08:37:15.955+0000] {dag.py:3239} INFO - Sync 1 DAGs
[2026-01-08T08:37:15.994+0000] {logging_mixin.py:190} INFO - [2026-01-08T08:37:15.994+0000] {dag.py:4180} INFO - Setting next_dagrun for user_processing_xcom to 2026-01-08 00:00:00+00:00, run_after=2026-01-09 00:00:00+00:00
[2026-01-08T08:37:16.065+0000] {processor.py:208} INFO - Processing /opt/airflow/dags/user_processing_xcom.py took 0.844 seconds
[2026-01-08T08:37:46.532+0000] {processor.py:186} INFO - Started process (PID=23315) to work on /opt/airflow/dags/user_processing_xcom.py
[2026-01-08T08:37:46.534+0000] {processor.py:914} INFO - Processing file /opt/airflow/dags/user_processing_xcom.py for tasks to queue
[2026-01-08T08:37:46.537+0000] {logging_mixin.py:190} INFO - [2026-01-08T08:37:46.536+0000] {dagbag.py:588} INFO - Filling up the DagBag from /opt/airflow/dags/user_processing_xcom.py
[2026-01-08T08:37:47.441+0000] {processor.py:925} INFO - DAG(s) 'user_processing_xcom' retrieved from /opt/airflow/dags/user_processing_xcom.py
[2026-01-08T08:37:47.486+0000] {logging_mixin.py:190} INFO - [2026-01-08T08:37:47.485+0000] {dag.py:3239} INFO - Sync 1 DAGs
[2026-01-08T08:37:47.539+0000] {logging_mixin.py:190} INFO - [2026-01-08T08:37:47.539+0000] {dag.py:4180} INFO - Setting next_dagrun for user_processing_xcom to 2026-01-08 00:00:00+00:00, run_after=2026-01-09 00:00:00+00:00
[2026-01-08T08:37:47.576+0000] {processor.py:208} INFO - Processing /opt/airflow/dags/user_processing_xcom.py took 1.058 seconds
[2026-01-08T08:38:18.513+0000] {processor.py:186} INFO - Started process (PID=23332) to work on /opt/airflow/dags/user_processing_xcom.py
[2026-01-08T08:38:18.516+0000] {processor.py:914} INFO - Processing file /opt/airflow/dags/user_processing_xcom.py for tasks to queue
[2026-01-08T08:38:18.519+0000] {logging_mixin.py:190} INFO - [2026-01-08T08:38:18.518+0000] {dagbag.py:588} INFO - Filling up the DagBag from /opt/airflow/dags/user_processing_xcom.py
[2026-01-08T08:38:19.421+0000] {processor.py:925} INFO - DAG(s) 'user_processing_xcom' retrieved from /opt/airflow/dags/user_processing_xcom.py
[2026-01-08T08:38:19.468+0000] {logging_mixin.py:190} INFO - [2026-01-08T08:38:19.467+0000] {dag.py:3239} INFO - Sync 1 DAGs
[2026-01-08T08:38:19.505+0000] {logging_mixin.py:190} INFO - [2026-01-08T08:38:19.505+0000] {dag.py:4180} INFO - Setting next_dagrun for user_processing_xcom to 2026-01-08 00:00:00+00:00, run_after=2026-01-09 00:00:00+00:00
[2026-01-08T08:38:19.586+0000] {processor.py:208} INFO - Processing /opt/airflow/dags/user_processing_xcom.py took 1.086 seconds
[2026-01-08T08:38:50.116+0000] {processor.py:186} INFO - Started process (PID=23350) to work on /opt/airflow/dags/user_processing_xcom.py
[2026-01-08T08:38:50.117+0000] {processor.py:914} INFO - Processing file /opt/airflow/dags/user_processing_xcom.py for tasks to queue
[2026-01-08T08:38:50.119+0000] {logging_mixin.py:190} INFO - [2026-01-08T08:38:50.118+0000] {dagbag.py:588} INFO - Filling up the DagBag from /opt/airflow/dags/user_processing_xcom.py
[2026-01-08T08:38:50.886+0000] {processor.py:925} INFO - DAG(s) 'user_processing_xcom' retrieved from /opt/airflow/dags/user_processing_xcom.py
[2026-01-08T08:38:50.931+0000] {logging_mixin.py:190} INFO - [2026-01-08T08:38:50.930+0000] {dag.py:3239} INFO - Sync 1 DAGs
[2026-01-08T08:38:50.967+0000] {logging_mixin.py:190} INFO - [2026-01-08T08:38:50.966+0000] {dag.py:4180} INFO - Setting next_dagrun for user_processing_xcom to 2026-01-08 00:00:00+00:00, run_after=2026-01-09 00:00:00+00:00
[2026-01-08T08:38:50.990+0000] {processor.py:208} INFO - Processing /opt/airflow/dags/user_processing_xcom.py took 0.886 seconds
[2026-01-08T08:39:21.080+0000] {processor.py:186} INFO - Started process (PID=23373) to work on /opt/airflow/dags/user_processing_xcom.py
[2026-01-08T08:39:21.082+0000] {processor.py:914} INFO - Processing file /opt/airflow/dags/user_processing_xcom.py for tasks to queue
[2026-01-08T08:39:21.087+0000] {logging_mixin.py:190} INFO - [2026-01-08T08:39:21.084+0000] {dagbag.py:588} INFO - Filling up the DagBag from /opt/airflow/dags/user_processing_xcom.py
[2026-01-08T08:39:21.937+0000] {processor.py:925} INFO - DAG(s) 'user_processing_xcom' retrieved from /opt/airflow/dags/user_processing_xcom.py
[2026-01-08T08:39:21.977+0000] {logging_mixin.py:190} INFO - [2026-01-08T08:39:21.976+0000] {dag.py:3239} INFO - Sync 1 DAGs
[2026-01-08T08:39:22.033+0000] {logging_mixin.py:190} INFO - [2026-01-08T08:39:22.032+0000] {dag.py:4180} INFO - Setting next_dagrun for user_processing_xcom to 2026-01-08 00:00:00+00:00, run_after=2026-01-09 00:00:00+00:00
[2026-01-08T08:39:22.111+0000] {processor.py:208} INFO - Processing /opt/airflow/dags/user_processing_xcom.py took 1.046 seconds
[2026-01-08T08:39:52.845+0000] {processor.py:186} INFO - Started process (PID=23389) to work on /opt/airflow/dags/user_processing_xcom.py
[2026-01-08T08:39:52.847+0000] {processor.py:914} INFO - Processing file /opt/airflow/dags/user_processing_xcom.py for tasks to queue
[2026-01-08T08:39:52.848+0000] {logging_mixin.py:190} INFO - [2026-01-08T08:39:52.848+0000] {dagbag.py:588} INFO - Filling up the DagBag from /opt/airflow/dags/user_processing_xcom.py
[2026-01-08T08:39:53.555+0000] {processor.py:925} INFO - DAG(s) 'user_processing_xcom' retrieved from /opt/airflow/dags/user_processing_xcom.py
[2026-01-08T08:39:53.593+0000] {logging_mixin.py:190} INFO - [2026-01-08T08:39:53.592+0000] {dag.py:3239} INFO - Sync 1 DAGs
[2026-01-08T08:39:53.640+0000] {logging_mixin.py:190} INFO - [2026-01-08T08:39:53.640+0000] {dag.py:4180} INFO - Setting next_dagrun for user_processing_xcom to 2026-01-08 00:00:00+00:00, run_after=2026-01-09 00:00:00+00:00
[2026-01-08T08:39:53.710+0000] {processor.py:208} INFO - Processing /opt/airflow/dags/user_processing_xcom.py took 0.876 seconds
[2026-01-08T08:40:24.299+0000] {processor.py:186} INFO - Started process (PID=23404) to work on /opt/airflow/dags/user_processing_xcom.py
[2026-01-08T08:40:24.301+0000] {processor.py:914} INFO - Processing file /opt/airflow/dags/user_processing_xcom.py for tasks to queue
[2026-01-08T08:40:24.304+0000] {logging_mixin.py:190} INFO - [2026-01-08T08:40:24.303+0000] {dagbag.py:588} INFO - Filling up the DagBag from /opt/airflow/dags/user_processing_xcom.py
[2026-01-08T08:40:25.011+0000] {processor.py:925} INFO - DAG(s) 'user_processing_xcom' retrieved from /opt/airflow/dags/user_processing_xcom.py
[2026-01-08T08:40:25.042+0000] {logging_mixin.py:190} INFO - [2026-01-08T08:40:25.042+0000] {dag.py:3239} INFO - Sync 1 DAGs
[2026-01-08T08:40:25.073+0000] {logging_mixin.py:190} INFO - [2026-01-08T08:40:25.072+0000] {dag.py:4180} INFO - Setting next_dagrun for user_processing_xcom to 2026-01-08 00:00:00+00:00, run_after=2026-01-09 00:00:00+00:00
[2026-01-08T08:40:25.143+0000] {processor.py:208} INFO - Processing /opt/airflow/dags/user_processing_xcom.py took 0.853 seconds
[2026-01-08T08:40:55.751+0000] {processor.py:186} INFO - Started process (PID=23420) to work on /opt/airflow/dags/user_processing_xcom.py
[2026-01-08T08:40:55.754+0000] {processor.py:914} INFO - Processing file /opt/airflow/dags/user_processing_xcom.py for tasks to queue
[2026-01-08T08:40:55.761+0000] {logging_mixin.py:190} INFO - [2026-01-08T08:40:55.760+0000] {dagbag.py:588} INFO - Filling up the DagBag from /opt/airflow/dags/user_processing_xcom.py
[2026-01-08T08:40:56.860+0000] {processor.py:925} INFO - DAG(s) 'user_processing_xcom' retrieved from /opt/airflow/dags/user_processing_xcom.py
[2026-01-08T08:40:56.914+0000] {logging_mixin.py:190} INFO - [2026-01-08T08:40:56.914+0000] {dag.py:3239} INFO - Sync 1 DAGs
[2026-01-08T08:40:56.975+0000] {logging_mixin.py:190} INFO - [2026-01-08T08:40:56.974+0000] {dag.py:4180} INFO - Setting next_dagrun for user_processing_xcom to 2026-01-08 00:00:00+00:00, run_after=2026-01-09 00:00:00+00:00
[2026-01-08T08:40:57.066+0000] {processor.py:208} INFO - Processing /opt/airflow/dags/user_processing_xcom.py took 1.332 seconds
[2026-01-08T08:41:27.709+0000] {processor.py:186} INFO - Started process (PID=23436) to work on /opt/airflow/dags/user_processing_xcom.py
[2026-01-08T08:41:27.711+0000] {processor.py:914} INFO - Processing file /opt/airflow/dags/user_processing_xcom.py for tasks to queue
[2026-01-08T08:41:27.713+0000] {logging_mixin.py:190} INFO - [2026-01-08T08:41:27.712+0000] {dagbag.py:588} INFO - Filling up the DagBag from /opt/airflow/dags/user_processing_xcom.py
[2026-01-08T08:41:28.488+0000] {processor.py:925} INFO - DAG(s) 'user_processing_xcom' retrieved from /opt/airflow/dags/user_processing_xcom.py
[2026-01-08T08:41:28.527+0000] {logging_mixin.py:190} INFO - [2026-01-08T08:41:28.526+0000] {dag.py:3239} INFO - Sync 1 DAGs
[2026-01-08T08:41:28.567+0000] {logging_mixin.py:190} INFO - [2026-01-08T08:41:28.567+0000] {dag.py:4180} INFO - Setting next_dagrun for user_processing_xcom to 2026-01-08 00:00:00+00:00, run_after=2026-01-09 00:00:00+00:00
[2026-01-08T08:41:28.600+0000] {processor.py:208} INFO - Processing /opt/airflow/dags/user_processing_xcom.py took 0.905 seconds
[2026-01-08T08:41:59.303+0000] {processor.py:186} INFO - Started process (PID=23452) to work on /opt/airflow/dags/user_processing_xcom.py
[2026-01-08T08:41:59.347+0000] {processor.py:914} INFO - Processing file /opt/airflow/dags/user_processing_xcom.py for tasks to queue
[2026-01-08T08:41:59.350+0000] {logging_mixin.py:190} INFO - [2026-01-08T08:41:59.350+0000] {dagbag.py:588} INFO - Filling up the DagBag from /opt/airflow/dags/user_processing_xcom.py
[2026-01-08T08:42:00.066+0000] {processor.py:925} INFO - DAG(s) 'user_processing_xcom' retrieved from /opt/airflow/dags/user_processing_xcom.py
[2026-01-08T08:42:00.101+0000] {logging_mixin.py:190} INFO - [2026-01-08T08:42:00.100+0000] {dag.py:3239} INFO - Sync 1 DAGs
[2026-01-08T08:42:00.146+0000] {logging_mixin.py:190} INFO - [2026-01-08T08:42:00.145+0000] {dag.py:4180} INFO - Setting next_dagrun for user_processing_xcom to 2026-01-08 00:00:00+00:00, run_after=2026-01-09 00:00:00+00:00
[2026-01-08T08:42:00.220+0000] {processor.py:208} INFO - Processing /opt/airflow/dags/user_processing_xcom.py took 0.932 seconds
[2026-01-08T08:42:30.985+0000] {processor.py:186} INFO - Started process (PID=23468) to work on /opt/airflow/dags/user_processing_xcom.py
[2026-01-08T08:42:30.987+0000] {processor.py:914} INFO - Processing file /opt/airflow/dags/user_processing_xcom.py for tasks to queue
[2026-01-08T08:42:30.990+0000] {logging_mixin.py:190} INFO - [2026-01-08T08:42:30.989+0000] {dagbag.py:588} INFO - Filling up the DagBag from /opt/airflow/dags/user_processing_xcom.py
[2026-01-08T08:42:31.773+0000] {processor.py:925} INFO - DAG(s) 'user_processing_xcom' retrieved from /opt/airflow/dags/user_processing_xcom.py
[2026-01-08T08:42:31.811+0000] {logging_mixin.py:190} INFO - [2026-01-08T08:42:31.809+0000] {dag.py:3239} INFO - Sync 1 DAGs
[2026-01-08T08:42:31.851+0000] {logging_mixin.py:190} INFO - [2026-01-08T08:42:31.851+0000] {dag.py:4180} INFO - Setting next_dagrun for user_processing_xcom to 2026-01-08 00:00:00+00:00, run_after=2026-01-09 00:00:00+00:00
[2026-01-08T08:42:31.911+0000] {processor.py:208} INFO - Processing /opt/airflow/dags/user_processing_xcom.py took 0.940 seconds
[2026-01-08T08:43:02.250+0000] {processor.py:186} INFO - Started process (PID=23484) to work on /opt/airflow/dags/user_processing_xcom.py
[2026-01-08T08:43:02.251+0000] {processor.py:914} INFO - Processing file /opt/airflow/dags/user_processing_xcom.py for tasks to queue
[2026-01-08T08:43:02.253+0000] {logging_mixin.py:190} INFO - [2026-01-08T08:43:02.252+0000] {dagbag.py:588} INFO - Filling up the DagBag from /opt/airflow/dags/user_processing_xcom.py
[2026-01-08T08:43:02.943+0000] {processor.py:925} INFO - DAG(s) 'user_processing_xcom' retrieved from /opt/airflow/dags/user_processing_xcom.py
[2026-01-08T08:43:02.985+0000] {logging_mixin.py:190} INFO - [2026-01-08T08:43:02.984+0000] {dag.py:3239} INFO - Sync 1 DAGs
[2026-01-08T08:43:03.018+0000] {logging_mixin.py:190} INFO - [2026-01-08T08:43:03.018+0000] {dag.py:4180} INFO - Setting next_dagrun for user_processing_xcom to 2026-01-08 00:00:00+00:00, run_after=2026-01-09 00:00:00+00:00
[2026-01-08T08:43:03.093+0000] {processor.py:208} INFO - Processing /opt/airflow/dags/user_processing_xcom.py took 0.855 seconds
[2026-01-08T08:43:33.476+0000] {processor.py:186} INFO - Started process (PID=23501) to work on /opt/airflow/dags/user_processing_xcom.py
[2026-01-08T08:43:33.477+0000] {processor.py:914} INFO - Processing file /opt/airflow/dags/user_processing_xcom.py for tasks to queue
[2026-01-08T08:43:33.479+0000] {logging_mixin.py:190} INFO - [2026-01-08T08:43:33.478+0000] {dagbag.py:588} INFO - Filling up the DagBag from /opt/airflow/dags/user_processing_xcom.py
[2026-01-08T08:43:34.204+0000] {processor.py:925} INFO - DAG(s) 'user_processing_xcom' retrieved from /opt/airflow/dags/user_processing_xcom.py
[2026-01-08T08:43:34.237+0000] {logging_mixin.py:190} INFO - [2026-01-08T08:43:34.237+0000] {dag.py:3239} INFO - Sync 1 DAGs
[2026-01-08T08:43:34.272+0000] {logging_mixin.py:190} INFO - [2026-01-08T08:43:34.271+0000] {dag.py:4180} INFO - Setting next_dagrun for user_processing_xcom to 2026-01-08 00:00:00+00:00, run_after=2026-01-09 00:00:00+00:00
[2026-01-08T08:43:34.342+0000] {processor.py:208} INFO - Processing /opt/airflow/dags/user_processing_xcom.py took 0.876 seconds
[2026-01-08T08:44:04.794+0000] {processor.py:186} INFO - Started process (PID=23517) to work on /opt/airflow/dags/user_processing_xcom.py
[2026-01-08T08:44:04.797+0000] {processor.py:914} INFO - Processing file /opt/airflow/dags/user_processing_xcom.py for tasks to queue
[2026-01-08T08:44:04.799+0000] {logging_mixin.py:190} INFO - [2026-01-08T08:44:04.799+0000] {dagbag.py:588} INFO - Filling up the DagBag from /opt/airflow/dags/user_processing_xcom.py
[2026-01-08T08:44:05.594+0000] {processor.py:925} INFO - DAG(s) 'user_processing_xcom' retrieved from /opt/airflow/dags/user_processing_xcom.py
[2026-01-08T08:44:05.638+0000] {logging_mixin.py:190} INFO - [2026-01-08T08:44:05.637+0000] {dag.py:3239} INFO - Sync 1 DAGs
[2026-01-08T08:44:05.672+0000] {logging_mixin.py:190} INFO - [2026-01-08T08:44:05.670+0000] {dag.py:4180} INFO - Setting next_dagrun for user_processing_xcom to 2026-01-08 00:00:00+00:00, run_after=2026-01-09 00:00:00+00:00
[2026-01-08T08:44:05.743+0000] {processor.py:208} INFO - Processing /opt/airflow/dags/user_processing_xcom.py took 0.959 seconds
[2026-01-08T08:44:35.924+0000] {processor.py:186} INFO - Started process (PID=23533) to work on /opt/airflow/dags/user_processing_xcom.py
[2026-01-08T08:44:35.929+0000] {processor.py:914} INFO - Processing file /opt/airflow/dags/user_processing_xcom.py for tasks to queue
[2026-01-08T08:44:35.932+0000] {logging_mixin.py:190} INFO - [2026-01-08T08:44:35.931+0000] {dagbag.py:588} INFO - Filling up the DagBag from /opt/airflow/dags/user_processing_xcom.py
[2026-01-08T08:44:36.694+0000] {processor.py:925} INFO - DAG(s) 'user_processing_xcom' retrieved from /opt/airflow/dags/user_processing_xcom.py
[2026-01-08T08:44:36.738+0000] {logging_mixin.py:190} INFO - [2026-01-08T08:44:36.734+0000] {dag.py:3239} INFO - Sync 1 DAGs
[2026-01-08T08:44:36.780+0000] {logging_mixin.py:190} INFO - [2026-01-08T08:44:36.779+0000] {dag.py:4180} INFO - Setting next_dagrun for user_processing_xcom to 2026-01-08 00:00:00+00:00, run_after=2026-01-09 00:00:00+00:00
[2026-01-08T08:44:36.850+0000] {processor.py:208} INFO - Processing /opt/airflow/dags/user_processing_xcom.py took 0.943 seconds
[2026-01-08T08:45:07.304+0000] {processor.py:186} INFO - Started process (PID=23549) to work on /opt/airflow/dags/user_processing_xcom.py
[2026-01-08T08:45:07.307+0000] {processor.py:914} INFO - Processing file /opt/airflow/dags/user_processing_xcom.py for tasks to queue
[2026-01-08T08:45:07.311+0000] {logging_mixin.py:190} INFO - [2026-01-08T08:45:07.310+0000] {dagbag.py:588} INFO - Filling up the DagBag from /opt/airflow/dags/user_processing_xcom.py
[2026-01-08T08:45:08.412+0000] {processor.py:925} INFO - DAG(s) 'user_processing_xcom' retrieved from /opt/airflow/dags/user_processing_xcom.py
[2026-01-08T08:45:08.486+0000] {logging_mixin.py:190} INFO - [2026-01-08T08:45:08.485+0000] {dag.py:3239} INFO - Sync 1 DAGs
[2026-01-08T08:45:08.547+0000] {logging_mixin.py:190} INFO - [2026-01-08T08:45:08.547+0000] {dag.py:4180} INFO - Setting next_dagrun for user_processing_xcom to 2026-01-08 00:00:00+00:00, run_after=2026-01-09 00:00:00+00:00
[2026-01-08T08:45:08.647+0000] {processor.py:208} INFO - Processing /opt/airflow/dags/user_processing_xcom.py took 1.358 seconds
[2026-01-08T08:45:38.899+0000] {processor.py:186} INFO - Started process (PID=23565) to work on /opt/airflow/dags/user_processing_xcom.py
[2026-01-08T08:45:38.901+0000] {processor.py:914} INFO - Processing file /opt/airflow/dags/user_processing_xcom.py for tasks to queue
[2026-01-08T08:45:38.904+0000] {logging_mixin.py:190} INFO - [2026-01-08T08:45:38.903+0000] {dagbag.py:588} INFO - Filling up the DagBag from /opt/airflow/dags/user_processing_xcom.py
[2026-01-08T08:45:39.887+0000] {processor.py:925} INFO - DAG(s) 'user_processing_xcom' retrieved from /opt/airflow/dags/user_processing_xcom.py
[2026-01-08T08:45:39.929+0000] {logging_mixin.py:190} INFO - [2026-01-08T08:45:39.928+0000] {dag.py:3239} INFO - Sync 1 DAGs
[2026-01-08T08:45:39.981+0000] {logging_mixin.py:190} INFO - [2026-01-08T08:45:39.980+0000] {dag.py:4180} INFO - Setting next_dagrun for user_processing_xcom to 2026-01-08 00:00:00+00:00, run_after=2026-01-09 00:00:00+00:00
[2026-01-08T08:45:40.072+0000] {processor.py:208} INFO - Processing /opt/airflow/dags/user_processing_xcom.py took 1.193 seconds
[2026-01-08T08:46:10.351+0000] {processor.py:186} INFO - Started process (PID=23581) to work on /opt/airflow/dags/user_processing_xcom.py
[2026-01-08T08:46:10.353+0000] {processor.py:914} INFO - Processing file /opt/airflow/dags/user_processing_xcom.py for tasks to queue
[2026-01-08T08:46:10.355+0000] {logging_mixin.py:190} INFO - [2026-01-08T08:46:10.355+0000] {dagbag.py:588} INFO - Filling up the DagBag from /opt/airflow/dags/user_processing_xcom.py
[2026-01-08T08:46:11.432+0000] {processor.py:925} INFO - DAG(s) 'user_processing_xcom' retrieved from /opt/airflow/dags/user_processing_xcom.py
[2026-01-08T08:46:11.493+0000] {logging_mixin.py:190} INFO - [2026-01-08T08:46:11.491+0000] {dag.py:3239} INFO - Sync 1 DAGs
[2026-01-08T08:46:11.540+0000] {logging_mixin.py:190} INFO - [2026-01-08T08:46:11.539+0000] {dag.py:4180} INFO - Setting next_dagrun for user_processing_xcom to 2026-01-08 00:00:00+00:00, run_after=2026-01-09 00:00:00+00:00
[2026-01-08T08:46:11.577+0000] {processor.py:208} INFO - Processing /opt/airflow/dags/user_processing_xcom.py took 1.241 seconds
[2026-01-08T08:46:41.965+0000] {processor.py:186} INFO - Started process (PID=23597) to work on /opt/airflow/dags/user_processing_xcom.py
[2026-01-08T08:46:41.966+0000] {processor.py:914} INFO - Processing file /opt/airflow/dags/user_processing_xcom.py for tasks to queue
[2026-01-08T08:46:41.970+0000] {logging_mixin.py:190} INFO - [2026-01-08T08:46:41.968+0000] {dagbag.py:588} INFO - Filling up the DagBag from /opt/airflow/dags/user_processing_xcom.py
[2026-01-08T08:46:42.922+0000] {processor.py:925} INFO - DAG(s) 'user_processing_xcom' retrieved from /opt/airflow/dags/user_processing_xcom.py
[2026-01-08T08:46:42.985+0000] {logging_mixin.py:190} INFO - [2026-01-08T08:46:42.985+0000] {dag.py:3239} INFO - Sync 1 DAGs
[2026-01-08T08:46:43.037+0000] {logging_mixin.py:190} INFO - [2026-01-08T08:46:43.036+0000] {dag.py:4180} INFO - Setting next_dagrun for user_processing_xcom to 2026-01-08 00:00:00+00:00, run_after=2026-01-09 00:00:00+00:00
[2026-01-08T08:46:43.139+0000] {processor.py:208} INFO - Processing /opt/airflow/dags/user_processing_xcom.py took 1.189 seconds
[2026-01-08T08:47:14.054+0000] {processor.py:186} INFO - Started process (PID=23614) to work on /opt/airflow/dags/user_processing_xcom.py
[2026-01-08T08:47:14.056+0000] {processor.py:914} INFO - Processing file /opt/airflow/dags/user_processing_xcom.py for tasks to queue
[2026-01-08T08:47:14.058+0000] {logging_mixin.py:190} INFO - [2026-01-08T08:47:14.058+0000] {dagbag.py:588} INFO - Filling up the DagBag from /opt/airflow/dags/user_processing_xcom.py
[2026-01-08T08:47:14.765+0000] {processor.py:925} INFO - DAG(s) 'user_processing_xcom' retrieved from /opt/airflow/dags/user_processing_xcom.py
[2026-01-08T08:47:14.800+0000] {logging_mixin.py:190} INFO - [2026-01-08T08:47:14.800+0000] {dag.py:3239} INFO - Sync 1 DAGs
[2026-01-08T08:47:14.834+0000] {logging_mixin.py:190} INFO - [2026-01-08T08:47:14.833+0000] {dag.py:4180} INFO - Setting next_dagrun for user_processing_xcom to 2026-01-08 00:00:00+00:00, run_after=2026-01-09 00:00:00+00:00
[2026-01-08T08:47:14.865+0000] {processor.py:208} INFO - Processing /opt/airflow/dags/user_processing_xcom.py took 0.820 seconds
[2026-01-08T08:47:45.202+0000] {processor.py:186} INFO - Started process (PID=23630) to work on /opt/airflow/dags/user_processing_xcom.py
[2026-01-08T08:47:45.203+0000] {processor.py:914} INFO - Processing file /opt/airflow/dags/user_processing_xcom.py for tasks to queue
[2026-01-08T08:47:45.205+0000] {logging_mixin.py:190} INFO - [2026-01-08T08:47:45.205+0000] {dagbag.py:588} INFO - Filling up the DagBag from /opt/airflow/dags/user_processing_xcom.py
[2026-01-08T08:47:46.029+0000] {processor.py:925} INFO - DAG(s) 'user_processing_xcom' retrieved from /opt/airflow/dags/user_processing_xcom.py
[2026-01-08T08:47:46.071+0000] {logging_mixin.py:190} INFO - [2026-01-08T08:47:46.070+0000] {dag.py:3239} INFO - Sync 1 DAGs
[2026-01-08T08:47:46.117+0000] {logging_mixin.py:190} INFO - [2026-01-08T08:47:46.116+0000] {dag.py:4180} INFO - Setting next_dagrun for user_processing_xcom to 2026-01-08 00:00:00+00:00, run_after=2026-01-09 00:00:00+00:00
[2026-01-08T08:47:46.198+0000] {processor.py:208} INFO - Processing /opt/airflow/dags/user_processing_xcom.py took 1.009 seconds
[2026-01-08T08:48:16.631+0000] {processor.py:186} INFO - Started process (PID=23646) to work on /opt/airflow/dags/user_processing_xcom.py
[2026-01-08T08:48:16.638+0000] {processor.py:914} INFO - Processing file /opt/airflow/dags/user_processing_xcom.py for tasks to queue
[2026-01-08T08:48:16.640+0000] {logging_mixin.py:190} INFO - [2026-01-08T08:48:16.639+0000] {dagbag.py:588} INFO - Filling up the DagBag from /opt/airflow/dags/user_processing_xcom.py
[2026-01-08T08:48:17.595+0000] {processor.py:925} INFO - DAG(s) 'user_processing_xcom' retrieved from /opt/airflow/dags/user_processing_xcom.py
