[2026-01-08T06:55:12.522+0000] {local_task_job_runner.py:123} INFO - ::group::Pre task execution logs
[2026-01-08T06:55:12.547+0000] {taskinstance.py:2613} INFO - Dependencies all met for dep_context=non-requeueable deps ti=<TaskInstance: products_processing.create_table manual__2026-01-08T06:55:00.598360+00:00 [queued]>
[2026-01-08T06:55:12.558+0000] {taskinstance.py:2613} INFO - Dependencies all met for dep_context=requeueable deps ti=<TaskInstance: products_processing.create_table manual__2026-01-08T06:55:00.598360+00:00 [queued]>
[2026-01-08T06:55:12.559+0000] {taskinstance.py:2866} INFO - Starting attempt 1 of 1
[2026-01-08T06:55:12.819+0000] {taskinstance.py:2889} INFO - Executing <Task(SQLExecuteQueryOperator): create_table> on 2026-01-08 06:55:00.598360+00:00
[2026-01-08T06:55:12.831+0000] {standard_task_runner.py:72} INFO - Started process 10695 to run task
[2026-01-08T06:55:12.837+0000] {standard_task_runner.py:104} INFO - Running: ['***', 'tasks', 'run', 'products_processing', 'create_table', 'manual__2026-01-08T06:55:00.598360+00:00', '--job-id', '65', '--raw', '--subdir', 'DAGS_FOLDER/product_pipeline.py', '--cfg-path', '/tmp/tmp4284kbmr']
[2026-01-08T06:55:12.843+0000] {standard_task_runner.py:105} INFO - Job 65: Subtask create_table
[2026-01-08T06:55:12.918+0000] {task_command.py:467} INFO - Running <TaskInstance: products_processing.create_table manual__2026-01-08T06:55:00.598360+00:00 [running]> on host 91260714fecb
[2026-01-08T06:55:13.025+0000] {taskinstance.py:3132} INFO - Exporting env vars: AIRFLOW_CTX_DAG_OWNER='***' AIRFLOW_CTX_DAG_ID='products_processing' AIRFLOW_CTX_TASK_ID='create_table' AIRFLOW_CTX_EXECUTION_DATE='2026-01-08T06:55:00.598360+00:00' AIRFLOW_CTX_TRY_NUMBER='1' AIRFLOW_CTX_DAG_RUN_ID='manual__2026-01-08T06:55:00.598360+00:00'
[2026-01-08T06:55:13.027+0000] {taskinstance.py:731} INFO - ::endgroup::
[2026-01-08T06:55:13.044+0000] {sql.py:278} INFO - Executing: 
        CREATE TABLE IF NOT EXISTS products (
            id BIGINT NOT NULL,
            title TEXT NOT NULL,
            description TEXT NOT NULL,
            category TEXT NOT NULL,
            price NUMERIC(10,2) NOT NULL,
            discount_percentage NUMERIC(5,2) NOT NULL,
            rating NUMERIC(4,2) NOT NULL,
            stock INTEGER NOT NULL,
            brand TEXT NOT NULL,
            sku TEXT NOT NULL,
            weight NUMERIC(5,2) NOT NULL,
            width NUMERIC(5,2) NOT NULL,
            height NUMERIC(5,2) NOT NULL,
            depth NUMERIC(5,2) NOT NULL,
            warranty_information TEXT NOT NULL,
            shipping_information TEXT NOT NULL,
            availability_status TEXT NOT NULL,
            return_policy TEXT NOT NULL,
            minimum_order_quantity INTEGER NOT NULL,
            images TEXT NOT NULL
        );
        
[2026-01-08T06:55:13.058+0000] {base.py:84} INFO - Retrieving connection 'postgres'
[2026-01-08T06:55:13.068+0000] {base.py:84} INFO - Retrieving connection 'postgres'
[2026-01-08T06:55:13.074+0000] {sql.py:553} INFO - Running statement: 
        CREATE TABLE IF NOT EXISTS products (
            id BIGINT NOT NULL,
            title TEXT NOT NULL,
            description TEXT NOT NULL,
            category TEXT NOT NULL,
            price NUMERIC(10,2) NOT NULL,
            discount_percentage NUMERIC(5,2) NOT NULL,
            rating NUMERIC(4,2) NOT NULL,
            stock INTEGER NOT NULL,
            brand TEXT NOT NULL,
            sku TEXT NOT NULL,
            weight NUMERIC(5,2) NOT NULL,
            width NUMERIC(5,2) NOT NULL,
            height NUMERIC(5,2) NOT NULL,
            depth NUMERIC(5,2) NOT NULL,
            warranty_information TEXT NOT NULL,
            shipping_information TEXT NOT NULL,
            availability_status TEXT NOT NULL,
            return_policy TEXT NOT NULL,
            minimum_order_quantity INTEGER NOT NULL,
            images TEXT NOT NULL
        );
        , parameters: None
[2026-01-08T06:55:13.089+0000] {taskinstance.py:340} INFO - ::group::Post task execution logs
[2026-01-08T06:55:13.091+0000] {taskinstance.py:352} INFO - Marking task as SUCCESS. dag_id=products_processing, task_id=create_table, run_id=manual__2026-01-08T06:55:00.598360+00:00, execution_date=20260108T065500, start_date=20260108T065512, end_date=20260108T065513
[2026-01-08T06:55:13.146+0000] {local_task_job_runner.py:266} INFO - Task exited with return code 0
[2026-01-08T06:55:13.176+0000] {taskinstance.py:3895} INFO - 1 downstream tasks scheduled from follow-on schedule check
[2026-01-08T06:55:13.179+0000] {local_task_job_runner.py:245} INFO - ::endgroup::
