[2026-01-21T05:03:45.424+0000] {local_task_job_runner.py:123} INFO - ::group::Pre task execution logs
[2026-01-21T05:03:45.456+0000] {taskinstance.py:2613} INFO - Dependencies all met for dep_context=non-requeueable deps ti=<TaskInstance: dynamic_user_processing.is_api_available scheduled__2026-01-17T00:00:00+00:00 [queued]>
[2026-01-21T05:03:45.479+0000] {taskinstance.py:2613} INFO - Dependencies all met for dep_context=requeueable deps ti=<TaskInstance: dynamic_user_processing.is_api_available scheduled__2026-01-17T00:00:00+00:00 [queued]>
[2026-01-21T05:03:45.479+0000] {taskinstance.py:2866} INFO - Starting attempt 1 of 1
[2026-01-21T05:03:45.508+0000] {taskinstance.py:2889} INFO - Executing <Task(HttpSensor): is_api_available> on 2026-01-17 00:00:00+00:00
[2026-01-21T05:03:45.517+0000] {standard_task_runner.py:72} INFO - Started process 79 to run task
[2026-01-21T05:03:45.524+0000] {standard_task_runner.py:104} INFO - Running: ['***', 'tasks', 'run', 'dynamic_user_processing', 'is_api_available', 'scheduled__2026-01-17T00:00:00+00:00', '--job-id', '212', '--raw', '--subdir', 'DAGS_FOLDER/dynamic_user_processing.py', '--cfg-path', '/tmp/tmpcipin_uv']
[2026-01-21T05:03:45.531+0000] {standard_task_runner.py:105} INFO - Job 212: Subtask is_api_available
[2026-01-21T05:03:45.635+0000] {task_command.py:467} INFO - Running <TaskInstance: dynamic_user_processing.is_api_available scheduled__2026-01-17T00:00:00+00:00 [running]> on host 7083de6a3519
[2026-01-21T05:03:45.876+0000] {taskinstance.py:3132} INFO - Exporting env vars: AIRFLOW_CTX_DAG_OWNER='***' AIRFLOW_CTX_DAG_ID='dynamic_user_processing' AIRFLOW_CTX_TASK_ID='is_api_available' AIRFLOW_CTX_EXECUTION_DATE='2026-01-17T00:00:00+00:00' AIRFLOW_CTX_TRY_NUMBER='1' AIRFLOW_CTX_DAG_RUN_ID='scheduled__2026-01-17T00:00:00+00:00'
[2026-01-21T05:03:45.879+0000] {taskinstance.py:731} INFO - ::endgroup::
[2026-01-21T05:03:45.889+0000] {baseoperator.py:421} WARNING - HttpSensor.execute cannot be called outside TaskInstance!
[2026-01-21T05:03:45.890+0000] {http.py:139} INFO - Poking: users?limit=10
[2026-01-21T05:03:45.920+0000] {base.py:84} INFO - Retrieving connection 'dummy_api'
[2026-01-21T05:03:47.261+0000] {base.py:336} INFO - Success criteria met. Exiting.
[2026-01-21T05:03:47.280+0000] {taskinstance.py:340} INFO - ::group::Post task execution logs
[2026-01-21T05:03:47.281+0000] {taskinstance.py:352} INFO - Marking task as SUCCESS. dag_id=dynamic_user_processing, task_id=is_api_available, run_id=scheduled__2026-01-17T00:00:00+00:00, execution_date=20260117T000000, start_date=20260121T050345, end_date=20260121T050347
[2026-01-21T05:03:47.396+0000] {local_task_job_runner.py:266} INFO - Task exited with return code 0
[2026-01-21T05:03:47.486+0000] {taskinstance.py:3895} INFO - 1 downstream tasks scheduled from follow-on schedule check
[2026-01-21T05:03:47.535+0000] {local_task_job_runner.py:245} INFO - ::endgroup::
