[2026-01-08T06:51:36.831+0000] {local_task_job_runner.py:123} INFO - ::group::Pre task execution logs
[2026-01-08T06:51:36.858+0000] {taskinstance.py:2613} INFO - Dependencies all met for dep_context=non-requeueable deps ti=<TaskInstance: products_processing.store_products manual__2026-01-08T06:51:19.848032+00:00 [queued]>
[2026-01-08T06:51:36.871+0000] {taskinstance.py:2613} INFO - Dependencies all met for dep_context=requeueable deps ti=<TaskInstance: products_processing.store_products manual__2026-01-08T06:51:19.848032+00:00 [queued]>
[2026-01-08T06:51:36.872+0000] {taskinstance.py:2866} INFO - Starting attempt 1 of 1
[2026-01-08T06:51:37.203+0000] {taskinstance.py:2889} INFO - Executing <Task(PythonOperator): store_products> on 2026-01-08 06:51:19.848032+00:00
[2026-01-08T06:51:37.212+0000] {standard_task_runner.py:72} INFO - Started process 10628 to run task
[2026-01-08T06:51:37.218+0000] {standard_task_runner.py:104} INFO - Running: ['***', 'tasks', 'run', 'products_processing', 'store_products', 'manual__2026-01-08T06:51:19.848032+00:00', '--job-id', '61', '--raw', '--subdir', 'DAGS_FOLDER/product_pipeline.py', '--cfg-path', '/tmp/tmpkwyjgi9h']
[2026-01-08T06:51:37.222+0000] {standard_task_runner.py:105} INFO - Job 61: Subtask store_products
[2026-01-08T06:51:37.290+0000] {task_command.py:467} INFO - Running <TaskInstance: products_processing.store_products manual__2026-01-08T06:51:19.848032+00:00 [running]> on host 91260714fecb
[2026-01-08T06:51:37.393+0000] {taskinstance.py:3132} INFO - Exporting env vars: AIRFLOW_CTX_DAG_OWNER='***' AIRFLOW_CTX_DAG_ID='products_processing' AIRFLOW_CTX_TASK_ID='store_products' AIRFLOW_CTX_EXECUTION_DATE='2026-01-08T06:51:19.848032+00:00' AIRFLOW_CTX_TRY_NUMBER='1' AIRFLOW_CTX_DAG_RUN_ID='manual__2026-01-08T06:51:19.848032+00:00'
[2026-01-08T06:51:37.395+0000] {taskinstance.py:731} INFO - ::endgroup::
[2026-01-08T06:51:37.413+0000] {postgres.py:204} INFO - Running copy expert: COPY products FROM stdin WITH (FORMAT CSV, QUOTE '"', DELIMITER as ','), filename: /tmp/processed_products.csv
[2026-01-08T06:51:37.426+0000] {base.py:84} INFO - Retrieving connection 'postgres'
[2026-01-08T06:51:37.436+0000] {taskinstance.py:3311} ERROR - Task failed with exception
Traceback (most recent call last):
  File "/home/airflow/.local/lib/python3.11/site-packages/airflow/models/taskinstance.py", line 767, in _execute_task
    result = _execute_callable(context=context, **execute_callable_kwargs)
             ^^^^^^^^^^^^^^^^^^^^^^^^^^^^^^^^^^^^^^^^^^^^^^^^^^^^^^^^^^^^^
  File "/home/airflow/.local/lib/python3.11/site-packages/airflow/models/taskinstance.py", line 733, in _execute_callable
    return ExecutionCallableRunner(
           ^^^^^^^^^^^^^^^^^^^^^^^^
  File "/home/airflow/.local/lib/python3.11/site-packages/airflow/utils/operator_helpers.py", line 252, in run
    return self.func(*args, **kwargs)
           ^^^^^^^^^^^^^^^^^^^^^^^^^^
  File "/home/airflow/.local/lib/python3.11/site-packages/airflow/models/baseoperator.py", line 422, in wrapper
    return func(self, *args, **kwargs)
           ^^^^^^^^^^^^^^^^^^^^^^^^^^^
  File "/home/airflow/.local/lib/python3.11/site-packages/airflow/operators/python.py", line 238, in execute
    return_value = self.execute_callable()
                   ^^^^^^^^^^^^^^^^^^^^^^^
  File "/home/airflow/.local/lib/python3.11/site-packages/airflow/operators/python.py", line 256, in execute_callable
    return runner.run(*self.op_args, **self.op_kwargs)
           ^^^^^^^^^^^^^^^^^^^^^^^^^^^^^^^^^^^^^^^^^^^
  File "/home/airflow/.local/lib/python3.11/site-packages/airflow/utils/operator_helpers.py", line 252, in run
    return self.func(*args, **kwargs)
           ^^^^^^^^^^^^^^^^^^^^^^^^^^
  File "/opt/airflow/dags/product_pipeline.py", line 73, in _store_products
    hook.copy_expert(
  File "/home/airflow/.local/lib/python3.11/site-packages/airflow/providers/postgres/hooks/postgres.py", line 210, in copy_expert
    cur.copy_expert(sql, file)
psycopg2.errors.SyntaxError: syntax error at or near "as"
LINE 1: ...ts FROM stdin WITH (FORMAT CSV, QUOTE '"', DELIMITER as ',')
                                                                ^

[2026-01-08T06:51:37.454+0000] {taskinstance.py:1225} INFO - Marking task as FAILED. dag_id=products_processing, task_id=store_products, run_id=manual__2026-01-08T06:51:19.848032+00:00, execution_date=20260108T065119, start_date=20260108T065136, end_date=20260108T065137
[2026-01-08T06:51:37.468+0000] {taskinstance.py:340} INFO - ::group::Post task execution logs
[2026-01-08T06:51:37.468+0000] {standard_task_runner.py:124} ERROR - Failed to execute job 61 for task store_products (syntax error at or near "as"
LINE 1: ...ts FROM stdin WITH (FORMAT CSV, QUOTE '"', DELIMITER as ',')
                                                                ^
; 10628)
Traceback (most recent call last):
  File "/home/airflow/.local/lib/python3.11/site-packages/airflow/task/task_runner/standard_task_runner.py", line 117, in _start_by_fork
    ret = args.func(args, dag=self.dag)
          ^^^^^^^^^^^^^^^^^^^^^^^^^^^^^
  File "/home/airflow/.local/lib/python3.11/site-packages/airflow/cli/cli_config.py", line 49, in command
    return func(*args, **kwargs)
           ^^^^^^^^^^^^^^^^^^^^^
  File "/home/airflow/.local/lib/python3.11/site-packages/airflow/utils/cli.py", line 116, in wrapper
    return f(*args, **kwargs)
           ^^^^^^^^^^^^^^^^^^
  File "/home/airflow/.local/lib/python3.11/site-packages/airflow/cli/commands/task_command.py", line 483, in task_run
    task_return_code = _run_task_by_selected_method(args, _dag, ti)
                       ^^^^^^^^^^^^^^^^^^^^^^^^^^^^^^^^^^^^^^^^^^^^
  File "/home/airflow/.local/lib/python3.11/site-packages/airflow/cli/commands/task_command.py", line 256, in _run_task_by_selected_method
    return _run_raw_task(args, ti)
           ^^^^^^^^^^^^^^^^^^^^^^^
  File "/home/airflow/.local/lib/python3.11/site-packages/airflow/cli/commands/task_command.py", line 341, in _run_raw_task
    return ti._run_raw_task(
           ^^^^^^^^^^^^^^^^^
  File "/home/airflow/.local/lib/python3.11/site-packages/airflow/utils/session.py", line 97, in wrapper
    return func(*args, session=session, **kwargs)
           ^^^^^^^^^^^^^^^^^^^^^^^^^^^^^^^^^^^^^^
  File "/home/airflow/.local/lib/python3.11/site-packages/airflow/models/taskinstance.py", line 3005, in _run_raw_task
    return _run_raw_task(
           ^^^^^^^^^^^^^^
  File "/home/airflow/.local/lib/python3.11/site-packages/airflow/models/taskinstance.py", line 273, in _run_raw_task
    TaskInstance._execute_task_with_callbacks(
  File "/home/airflow/.local/lib/python3.11/site-packages/airflow/models/taskinstance.py", line 3159, in _execute_task_with_callbacks
    result = self._execute_task(context, task_orig)
             ^^^^^^^^^^^^^^^^^^^^^^^^^^^^^^^^^^^^^^
  File "/home/airflow/.local/lib/python3.11/site-packages/airflow/models/taskinstance.py", line 3183, in _execute_task
    return _execute_task(self, context, task_orig)
           ^^^^^^^^^^^^^^^^^^^^^^^^^^^^^^^^^^^^^^^
  File "/home/airflow/.local/lib/python3.11/site-packages/airflow/models/taskinstance.py", line 767, in _execute_task
    result = _execute_callable(context=context, **execute_callable_kwargs)
             ^^^^^^^^^^^^^^^^^^^^^^^^^^^^^^^^^^^^^^^^^^^^^^^^^^^^^^^^^^^^^
  File "/home/airflow/.local/lib/python3.11/site-packages/airflow/models/taskinstance.py", line 733, in _execute_callable
    return ExecutionCallableRunner(
           ^^^^^^^^^^^^^^^^^^^^^^^^
  File "/home/airflow/.local/lib/python3.11/site-packages/airflow/utils/operator_helpers.py", line 252, in run
    return self.func(*args, **kwargs)
           ^^^^^^^^^^^^^^^^^^^^^^^^^^
  File "/home/airflow/.local/lib/python3.11/site-packages/airflow/models/baseoperator.py", line 422, in wrapper
    return func(self, *args, **kwargs)
           ^^^^^^^^^^^^^^^^^^^^^^^^^^^
  File "/home/airflow/.local/lib/python3.11/site-packages/airflow/operators/python.py", line 238, in execute
    return_value = self.execute_callable()
                   ^^^^^^^^^^^^^^^^^^^^^^^
  File "/home/airflow/.local/lib/python3.11/site-packages/airflow/operators/python.py", line 256, in execute_callable
    return runner.run(*self.op_args, **self.op_kwargs)
           ^^^^^^^^^^^^^^^^^^^^^^^^^^^^^^^^^^^^^^^^^^^
  File "/home/airflow/.local/lib/python3.11/site-packages/airflow/utils/operator_helpers.py", line 252, in run
    return self.func(*args, **kwargs)
           ^^^^^^^^^^^^^^^^^^^^^^^^^^
  File "/opt/airflow/dags/product_pipeline.py", line 73, in _store_products
    hook.copy_expert(
  File "/home/airflow/.local/lib/python3.11/site-packages/airflow/providers/postgres/hooks/postgres.py", line 210, in copy_expert
    cur.copy_expert(sql, file)
psycopg2.errors.SyntaxError: syntax error at or near "as"
LINE 1: ...ts FROM stdin WITH (FORMAT CSV, QUOTE '"', DELIMITER as ',')
                                                                ^

[2026-01-08T06:51:37.515+0000] {local_task_job_runner.py:266} INFO - Task exited with return code 1
[2026-01-08T06:51:37.539+0000] {taskinstance.py:3895} INFO - 0 downstream tasks scheduled from follow-on schedule check
[2026-01-08T06:51:37.543+0000] {local_task_job_runner.py:245} INFO - ::endgroup::
