[2026-01-08T09:04:16.827+0000] {local_task_job_runner.py:123} INFO - ::group::Pre task execution logs
[2026-01-08T09:04:16.869+0000] {taskinstance.py:2613} INFO - Dependencies all met for dep_context=non-requeueable deps ti=<TaskInstance: user_processing_branch.is_api_available scheduled__2026-01-07T00:00:00+00:00 [queued]>
[2026-01-08T09:04:16.896+0000] {taskinstance.py:2613} INFO - Dependencies all met for dep_context=requeueable deps ti=<TaskInstance: user_processing_branch.is_api_available scheduled__2026-01-07T00:00:00+00:00 [queued]>
[2026-01-08T09:04:16.896+0000] {taskinstance.py:2866} INFO - Starting attempt 1 of 1
[2026-01-08T09:04:17.338+0000] {taskinstance.py:2889} INFO - Executing <Task(HttpSensor): is_api_available> on 2026-01-07 00:00:00+00:00
[2026-01-08T09:04:17.352+0000] {standard_task_runner.py:72} INFO - Started process 12299 to run task
[2026-01-08T09:04:17.361+0000] {standard_task_runner.py:104} INFO - Running: ['***', 'tasks', 'run', 'user_processing_branch', 'is_api_available', 'scheduled__2026-01-07T00:00:00+00:00', '--job-id', '78', '--raw', '--subdir', 'DAGS_FOLDER/user_processing_branching.py', '--cfg-path', '/tmp/tmpd1klpw79']
[2026-01-08T09:04:17.368+0000] {standard_task_runner.py:105} INFO - Job 78: Subtask is_api_available
[2026-01-08T09:04:17.479+0000] {task_command.py:467} INFO - Running <TaskInstance: user_processing_branch.is_api_available scheduled__2026-01-07T00:00:00+00:00 [running]> on host 91260714fecb
[2026-01-08T09:04:17.826+0000] {taskinstance.py:3132} INFO - Exporting env vars: AIRFLOW_CTX_DAG_OWNER='***' AIRFLOW_CTX_DAG_ID='user_processing_branch' AIRFLOW_CTX_TASK_ID='is_api_available' AIRFLOW_CTX_EXECUTION_DATE='2026-01-07T00:00:00+00:00' AIRFLOW_CTX_TRY_NUMBER='1' AIRFLOW_CTX_DAG_RUN_ID='scheduled__2026-01-07T00:00:00+00:00'
[2026-01-08T09:04:17.829+0000] {taskinstance.py:731} INFO - ::endgroup::
[2026-01-08T09:04:17.864+0000] {baseoperator.py:421} WARNING - HttpSensor.execute cannot be called outside TaskInstance!
[2026-01-08T09:04:17.865+0000] {http.py:139} INFO - Poking: users?limit=2
[2026-01-08T09:04:17.884+0000] {base.py:84} INFO - Retrieving connection 'dummy_api'
[2026-01-08T09:04:18.486+0000] {base.py:336} INFO - Success criteria met. Exiting.
[2026-01-08T09:04:18.578+0000] {taskinstance.py:340} INFO - ::group::Post task execution logs
[2026-01-08T09:04:18.579+0000] {taskinstance.py:352} INFO - Marking task as SUCCESS. dag_id=user_processing_branch, task_id=is_api_available, run_id=scheduled__2026-01-07T00:00:00+00:00, execution_date=20260107T000000, start_date=20260108T090416, end_date=20260108T090418
[2026-01-08T09:04:18.758+0000] {local_task_job_runner.py:266} INFO - Task exited with return code 0
[2026-01-08T09:04:18.934+0000] {taskinstance.py:3895} INFO - 1 downstream tasks scheduled from follow-on schedule check
[2026-01-08T09:04:18.942+0000] {local_task_job_runner.py:245} INFO - ::endgroup::
