[2026-01-08T09:43:58.034+0000] {local_task_job_runner.py:123} INFO - ::group::Pre task execution logs
[2026-01-08T09:43:58.071+0000] {taskinstance.py:2613} INFO - Dependencies all met for dep_context=non-requeueable deps ti=<TaskInstance: user_processing_dataset.is_api_available manual__2026-01-08T09:43:55.049088+00:00 [queued]>
[2026-01-08T09:43:58.091+0000] {taskinstance.py:2613} INFO - Dependencies all met for dep_context=requeueable deps ti=<TaskInstance: user_processing_dataset.is_api_available manual__2026-01-08T09:43:55.049088+00:00 [queued]>
[2026-01-08T09:43:58.092+0000] {taskinstance.py:2866} INFO - Starting attempt 1 of 1
[2026-01-08T09:43:58.152+0000] {taskinstance.py:2889} INFO - Executing <Task(HttpSensor): is_api_available> on 2026-01-08 09:43:55.049088+00:00
[2026-01-08T09:43:58.167+0000] {standard_task_runner.py:72} INFO - Started process 12829 to run task
[2026-01-08T09:43:58.174+0000] {standard_task_runner.py:104} INFO - Running: ['***', 'tasks', 'run', 'user_processing_dataset', 'is_api_available', 'manual__2026-01-08T09:43:55.049088+00:00', '--job-id', '97', '--raw', '--subdir', 'DAGS_FOLDER/user_processing_dataset.py', '--cfg-path', '/tmp/tmp1246j28h']
[2026-01-08T09:43:58.181+0000] {standard_task_runner.py:105} INFO - Job 97: Subtask is_api_available
[2026-01-08T09:43:58.304+0000] {task_command.py:467} INFO - Running <TaskInstance: user_processing_dataset.is_api_available manual__2026-01-08T09:43:55.049088+00:00 [running]> on host 91260714fecb
[2026-01-08T09:43:58.777+0000] {taskinstance.py:3132} INFO - Exporting env vars: AIRFLOW_CTX_DAG_OWNER='***' AIRFLOW_CTX_DAG_ID='user_processing_dataset' AIRFLOW_CTX_TASK_ID='is_api_available' AIRFLOW_CTX_EXECUTION_DATE='2026-01-08T09:43:55.049088+00:00' AIRFLOW_CTX_TRY_NUMBER='1' AIRFLOW_CTX_DAG_RUN_ID='manual__2026-01-08T09:43:55.049088+00:00'
[2026-01-08T09:43:58.779+0000] {taskinstance.py:731} INFO - ::endgroup::
[2026-01-08T09:43:58.806+0000] {baseoperator.py:421} WARNING - HttpSensor.execute cannot be called outside TaskInstance!
[2026-01-08T09:43:58.807+0000] {http.py:139} INFO - Poking: users?limit=10
[2026-01-08T09:43:58.826+0000] {base.py:84} INFO - Retrieving connection 'dummy_api'
[2026-01-08T09:43:59.271+0000] {base.py:336} INFO - Success criteria met. Exiting.
[2026-01-08T09:43:59.291+0000] {taskinstance.py:340} INFO - ::group::Post task execution logs
[2026-01-08T09:43:59.292+0000] {taskinstance.py:352} INFO - Marking task as SUCCESS. dag_id=user_processing_dataset, task_id=is_api_available, run_id=manual__2026-01-08T09:43:55.049088+00:00, execution_date=20260108T094355, start_date=20260108T094358, end_date=20260108T094359
[2026-01-08T09:43:59.448+0000] {local_task_job_runner.py:266} INFO - Task exited with return code 0
[2026-01-08T09:43:59.508+0000] {taskinstance.py:3895} INFO - 1 downstream tasks scheduled from follow-on schedule check
[2026-01-08T09:43:59.558+0000] {local_task_job_runner.py:245} INFO - ::endgroup::
