[2026-01-08T06:55:02.995+0000] {local_task_job_runner.py:123} INFO - ::group::Pre task execution logs
[2026-01-08T06:55:03.024+0000] {taskinstance.py:2613} INFO - Dependencies all met for dep_context=non-requeueable deps ti=<TaskInstance: products_processing.is_api_available manual__2026-01-08T06:55:00.598360+00:00 [queued]>
[2026-01-08T06:55:03.038+0000] {taskinstance.py:2613} INFO - Dependencies all met for dep_context=requeueable deps ti=<TaskInstance: products_processing.is_api_available manual__2026-01-08T06:55:00.598360+00:00 [queued]>
[2026-01-08T06:55:03.038+0000] {taskinstance.py:2866} INFO - Starting attempt 1 of 1
[2026-01-08T06:55:03.331+0000] {taskinstance.py:2889} INFO - Executing <Task(HttpSensor): is_api_available> on 2026-01-08 06:55:00.598360+00:00
[2026-01-08T06:55:03.347+0000] {standard_task_runner.py:72} INFO - Started process 10683 to run task
[2026-01-08T06:55:03.353+0000] {standard_task_runner.py:104} INFO - Running: ['***', 'tasks', 'run', 'products_processing', 'is_api_available', 'manual__2026-01-08T06:55:00.598360+00:00', '--job-id', '62', '--raw', '--subdir', 'DAGS_FOLDER/product_pipeline.py', '--cfg-path', '/tmp/tmp2p6wl7bf']
[2026-01-08T06:55:03.357+0000] {standard_task_runner.py:105} INFO - Job 62: Subtask is_api_available
[2026-01-08T06:55:03.442+0000] {task_command.py:467} INFO - Running <TaskInstance: products_processing.is_api_available manual__2026-01-08T06:55:00.598360+00:00 [running]> on host 91260714fecb
[2026-01-08T06:55:03.624+0000] {taskinstance.py:3132} INFO - Exporting env vars: AIRFLOW_CTX_DAG_OWNER='***' AIRFLOW_CTX_DAG_ID='products_processing' AIRFLOW_CTX_TASK_ID='is_api_available' AIRFLOW_CTX_EXECUTION_DATE='2026-01-08T06:55:00.598360+00:00' AIRFLOW_CTX_TRY_NUMBER='1' AIRFLOW_CTX_DAG_RUN_ID='manual__2026-01-08T06:55:00.598360+00:00'
[2026-01-08T06:55:03.625+0000] {taskinstance.py:731} INFO - ::endgroup::
[2026-01-08T06:55:03.645+0000] {baseoperator.py:421} WARNING - HttpSensor.execute cannot be called outside TaskInstance!
[2026-01-08T06:55:03.645+0000] {http.py:139} INFO - Poking: products?limit=10
[2026-01-08T06:55:03.675+0000] {base.py:84} INFO - Retrieving connection 'dummy_api'
[2026-01-08T06:55:04.190+0000] {base.py:336} INFO - Success criteria met. Exiting.
[2026-01-08T06:55:04.205+0000] {taskinstance.py:340} INFO - ::group::Post task execution logs
[2026-01-08T06:55:04.206+0000] {taskinstance.py:352} INFO - Marking task as SUCCESS. dag_id=products_processing, task_id=is_api_available, run_id=manual__2026-01-08T06:55:00.598360+00:00, execution_date=20260108T065500, start_date=20260108T065503, end_date=20260108T065504
[2026-01-08T06:55:04.322+0000] {local_task_job_runner.py:266} INFO - Task exited with return code 0
[2026-01-08T06:55:04.389+0000] {taskinstance.py:3895} INFO - 1 downstream tasks scheduled from follow-on schedule check
[2026-01-08T06:55:04.425+0000] {local_task_job_runner.py:245} INFO - ::endgroup::
