[2026-01-08T03:04:27.013+0000] {local_task_job_runner.py:123} INFO - ::group::Pre task execution logs
[2026-01-08T03:04:27.031+0000] {taskinstance.py:2613} INFO - Dependencies all met for dep_context=non-requeueable deps ti=<TaskInstance: products_processing.is_api_available scheduled__2026-01-07T00:00:00+00:00 [queued]>
[2026-01-08T03:04:27.039+0000] {taskinstance.py:2613} INFO - Dependencies all met for dep_context=requeueable deps ti=<TaskInstance: products_processing.is_api_available scheduled__2026-01-07T00:00:00+00:00 [queued]>
[2026-01-08T03:04:27.039+0000] {taskinstance.py:2866} INFO - Starting attempt 1 of 1
[2026-01-08T03:04:27.231+0000] {taskinstance.py:2889} INFO - Executing <Task(HttpSensor): is_api_available> on 2026-01-07 00:00:00+00:00
[2026-01-08T03:04:27.240+0000] {standard_task_runner.py:72} INFO - Started process 7740 to run task
[2026-01-08T03:04:27.244+0000] {standard_task_runner.py:104} INFO - Running: ['***', 'tasks', 'run', 'products_processing', 'is_api_available', 'scheduled__2026-01-07T00:00:00+00:00', '--job-id', '49', '--raw', '--subdir', 'DAGS_FOLDER/product_pipeline.py', '--cfg-path', '/tmp/tmpls_66cj5']
[2026-01-08T03:04:27.249+0000] {standard_task_runner.py:105} INFO - Job 49: Subtask is_api_available
[2026-01-08T03:04:27.301+0000] {task_command.py:467} INFO - Running <TaskInstance: products_processing.is_api_available scheduled__2026-01-07T00:00:00+00:00 [running]> on host 91260714fecb
[2026-01-08T03:04:27.382+0000] {taskinstance.py:3132} INFO - Exporting env vars: AIRFLOW_CTX_DAG_OWNER='***' AIRFLOW_CTX_DAG_ID='products_processing' AIRFLOW_CTX_TASK_ID='is_api_available' AIRFLOW_CTX_EXECUTION_DATE='2026-01-07T00:00:00+00:00' AIRFLOW_CTX_TRY_NUMBER='1' AIRFLOW_CTX_DAG_RUN_ID='scheduled__2026-01-07T00:00:00+00:00'
[2026-01-08T03:04:27.383+0000] {taskinstance.py:731} INFO - ::endgroup::
[2026-01-08T03:04:27.401+0000] {baseoperator.py:421} WARNING - HttpSensor.execute cannot be called outside TaskInstance!
[2026-01-08T03:04:27.402+0000] {http.py:139} INFO - Poking: products?limit=10
[2026-01-08T03:04:27.413+0000] {base.py:84} INFO - Retrieving connection 'dummy_api'
[2026-01-08T03:04:28.178+0000] {base.py:336} INFO - Success criteria met. Exiting.
[2026-01-08T03:04:28.200+0000] {taskinstance.py:340} INFO - ::group::Post task execution logs
[2026-01-08T03:04:28.201+0000] {taskinstance.py:352} INFO - Marking task as SUCCESS. dag_id=products_processing, task_id=is_api_available, run_id=scheduled__2026-01-07T00:00:00+00:00, execution_date=20260107T000000, start_date=20260108T030427, end_date=20260108T030428
[2026-01-08T03:04:28.252+0000] {local_task_job_runner.py:266} INFO - Task exited with return code 0
[2026-01-08T03:04:28.290+0000] {taskinstance.py:3895} INFO - 1 downstream tasks scheduled from follow-on schedule check
[2026-01-08T03:04:28.292+0000] {local_task_job_runner.py:245} INFO - ::endgroup::
