[2026-01-08T09:12:49.698+0000] {local_task_job_runner.py:123} INFO - ::group::Pre task execution logs
[2026-01-08T09:12:49.823+0000] {taskinstance.py:2613} INFO - Dependencies all met for dep_context=non-requeueable deps ti=<TaskInstance: user_processing_branch.is_api_available manual__2026-01-08T09:12:46.328396+00:00 [queued]>
[2026-01-08T09:12:49.892+0000] {taskinstance.py:2613} INFO - Dependencies all met for dep_context=requeueable deps ti=<TaskInstance: user_processing_branch.is_api_available manual__2026-01-08T09:12:46.328396+00:00 [queued]>
[2026-01-08T09:12:49.893+0000] {taskinstance.py:2866} INFO - Starting attempt 1 of 1
[2026-01-08T09:12:50.848+0000] {taskinstance.py:2889} INFO - Executing <Task(HttpSensor): is_api_available> on 2026-01-08 09:12:46.328396+00:00
[2026-01-08T09:12:50.884+0000] {standard_task_runner.py:72} INFO - Started process 12443 to run task
[2026-01-08T09:12:50.912+0000] {standard_task_runner.py:104} INFO - Running: ['***', 'tasks', 'run', 'user_processing_branch', 'is_api_available', 'manual__2026-01-08T09:12:46.328396+00:00', '--job-id', '89', '--raw', '--subdir', 'DAGS_FOLDER/user_processing_branching.py', '--cfg-path', '/tmp/tmptpmy5p6w']
[2026-01-08T09:12:50.922+0000] {standard_task_runner.py:105} INFO - Job 89: Subtask is_api_available
[2026-01-08T09:12:51.234+0000] {task_command.py:467} INFO - Running <TaskInstance: user_processing_branch.is_api_available manual__2026-01-08T09:12:46.328396+00:00 [running]> on host 91260714fecb
[2026-01-08T09:12:51.823+0000] {taskinstance.py:3132} INFO - Exporting env vars: AIRFLOW_CTX_DAG_OWNER='***' AIRFLOW_CTX_DAG_ID='user_processing_branch' AIRFLOW_CTX_TASK_ID='is_api_available' AIRFLOW_CTX_EXECUTION_DATE='2026-01-08T09:12:46.328396+00:00' AIRFLOW_CTX_TRY_NUMBER='1' AIRFLOW_CTX_DAG_RUN_ID='manual__2026-01-08T09:12:46.328396+00:00'
[2026-01-08T09:12:51.826+0000] {taskinstance.py:731} INFO - ::endgroup::
[2026-01-08T09:12:51.927+0000] {baseoperator.py:421} WARNING - HttpSensor.execute cannot be called outside TaskInstance!
[2026-01-08T09:12:51.928+0000] {http.py:139} INFO - Poking: users?limit=2
[2026-01-08T09:12:51.982+0000] {base.py:84} INFO - Retrieving connection 'dummy_api'
[2026-01-08T09:12:52.620+0000] {base.py:336} INFO - Success criteria met. Exiting.
[2026-01-08T09:12:52.695+0000] {taskinstance.py:340} INFO - ::group::Post task execution logs
[2026-01-08T09:12:52.696+0000] {taskinstance.py:352} INFO - Marking task as SUCCESS. dag_id=user_processing_branch, task_id=is_api_available, run_id=manual__2026-01-08T09:12:46.328396+00:00, execution_date=20260108T091246, start_date=20260108T091249, end_date=20260108T091252
[2026-01-08T09:12:52.857+0000] {local_task_job_runner.py:266} INFO - Task exited with return code 0
[2026-01-08T09:12:52.996+0000] {taskinstance.py:3895} INFO - 1 downstream tasks scheduled from follow-on schedule check
[2026-01-08T09:12:52.999+0000] {local_task_job_runner.py:245} INFO - ::endgroup::
