[2026-01-16T08:53:25.021+0000] {local_task_job_runner.py:123} INFO - ::group::Pre task execution logs
[2026-01-16T08:53:25.927+0000] {taskinstance.py:2613} INFO - Dependencies all met for dep_context=non-requeueable deps ti=<TaskInstance: dynamic_user_processing.is_api_available scheduled__2026-01-15T00:00:00+00:00 [queued]>
[2026-01-16T08:53:26.023+0000] {taskinstance.py:2613} INFO - Dependencies all met for dep_context=requeueable deps ti=<TaskInstance: dynamic_user_processing.is_api_available scheduled__2026-01-15T00:00:00+00:00 [queued]>
[2026-01-16T08:53:26.023+0000] {taskinstance.py:2866} INFO - Starting attempt 1 of 1
[2026-01-16T08:53:26.098+0000] {taskinstance.py:2889} INFO - Executing <Task(HttpSensor): is_api_available> on 2026-01-15 00:00:00+00:00
[2026-01-16T08:53:26.144+0000] {standard_task_runner.py:72} INFO - Started process 769 to run task
[2026-01-16T08:53:26.178+0000] {standard_task_runner.py:104} INFO - Running: ['***', 'tasks', 'run', 'dynamic_user_processing', 'is_api_available', 'scheduled__2026-01-15T00:00:00+00:00', '--job-id', '152', '--raw', '--subdir', 'DAGS_FOLDER/dynamic_user_processing.py', '--cfg-path', '/tmp/tmpnafv5rgl']
[2026-01-16T08:53:26.227+0000] {standard_task_runner.py:105} INFO - Job 152: Subtask is_api_available
[2026-01-16T08:53:26.490+0000] {task_command.py:467} INFO - Running <TaskInstance: dynamic_user_processing.is_api_available scheduled__2026-01-15T00:00:00+00:00 [running]> on host 7083de6a3519
[2026-01-16T08:53:27.014+0000] {taskinstance.py:3132} INFO - Exporting env vars: AIRFLOW_CTX_DAG_OWNER='***' AIRFLOW_CTX_DAG_ID='dynamic_user_processing' AIRFLOW_CTX_TASK_ID='is_api_available' AIRFLOW_CTX_EXECUTION_DATE='2026-01-15T00:00:00+00:00' AIRFLOW_CTX_TRY_NUMBER='1' AIRFLOW_CTX_DAG_RUN_ID='scheduled__2026-01-15T00:00:00+00:00'
[2026-01-16T08:53:27.017+0000] {taskinstance.py:731} INFO - ::endgroup::
[2026-01-16T08:53:27.030+0000] {baseoperator.py:421} WARNING - HttpSensor.execute cannot be called outside TaskInstance!
[2026-01-16T08:53:27.031+0000] {http.py:139} INFO - Poking: users?limit=10
[2026-01-16T08:53:27.083+0000] {base.py:84} INFO - Retrieving connection 'dummy_api'
[2026-01-16T08:53:27.988+0000] {base.py:336} INFO - Success criteria met. Exiting.
[2026-01-16T08:53:28.064+0000] {taskinstance.py:340} INFO - ::group::Post task execution logs
[2026-01-16T08:53:28.064+0000] {taskinstance.py:352} INFO - Marking task as SUCCESS. dag_id=dynamic_user_processing, task_id=is_api_available, run_id=scheduled__2026-01-15T00:00:00+00:00, execution_date=20260115T000000, start_date=20260116T085325, end_date=20260116T085328
[2026-01-16T08:53:28.195+0000] {local_task_job_runner.py:266} INFO - Task exited with return code 0
[2026-01-16T08:53:28.310+0000] {taskinstance.py:3895} INFO - 1 downstream tasks scheduled from follow-on schedule check
[2026-01-16T08:53:28.320+0000] {local_task_job_runner.py:245} INFO - ::endgroup::
