[2026-01-07T16:26:09.465+0000] {local_task_job_runner.py:123} INFO - ::group::Pre task execution logs
[2026-01-07T16:26:09.530+0000] {taskinstance.py:2613} INFO - Dependencies all met for dep_context=non-requeueable deps ti=<TaskInstance: user_processing.create_table manual__2026-01-07T16:25:57.068857+00:00 [queued]>
[2026-01-07T16:26:09.568+0000] {taskinstance.py:2613} INFO - Dependencies all met for dep_context=requeueable deps ti=<TaskInstance: user_processing.create_table manual__2026-01-07T16:25:57.068857+00:00 [queued]>
[2026-01-07T16:26:09.569+0000] {taskinstance.py:2866} INFO - Starting attempt 1 of 1
[2026-01-07T16:26:09.961+0000] {taskinstance.py:2889} INFO - Executing <Task(SQLExecuteQueryOperator): create_table> on 2026-01-07 16:25:57.068857+00:00
[2026-01-07T16:26:09.980+0000] {standard_task_runner.py:72} INFO - Started process 5425 to run task
[2026-01-07T16:26:09.991+0000] {standard_task_runner.py:104} INFO - Running: ['***', 'tasks', 'run', 'user_processing', 'create_table', 'manual__2026-01-07T16:25:57.068857+00:00', '--job-id', '36', '--raw', '--subdir', 'DAGS_FOLDER/user_processing.py', '--cfg-path', '/tmp/tmps94zndfo']
[2026-01-07T16:26:10.003+0000] {standard_task_runner.py:105} INFO - Job 36: Subtask create_table
[2026-01-07T16:26:10.129+0000] {task_command.py:467} INFO - Running <TaskInstance: user_processing.create_table manual__2026-01-07T16:25:57.068857+00:00 [running]> on host 91260714fecb
[2026-01-07T16:26:10.403+0000] {taskinstance.py:3132} INFO - Exporting env vars: AIRFLOW_CTX_DAG_OWNER='***' AIRFLOW_CTX_DAG_ID='user_processing' AIRFLOW_CTX_TASK_ID='create_table' AIRFLOW_CTX_EXECUTION_DATE='2026-01-07T16:25:57.068857+00:00' AIRFLOW_CTX_TRY_NUMBER='1' AIRFLOW_CTX_DAG_RUN_ID='manual__2026-01-07T16:25:57.068857+00:00'
[2026-01-07T16:26:10.406+0000] {taskinstance.py:731} INFO - ::endgroup::
[2026-01-07T16:26:10.457+0000] {sql.py:278} INFO - Executing: 
        CREATE TABLE IF NOT EXISTS users (
            id BIGINT NOT NULL,
            firstname TEXT NOT NULL,
            lastname TEXT NOT NULL,
            country TEXT NOT NULL,
            username TEXT NOT NULL,
            password TEXT NOT NULL,
            email TEXT NOT NULL
        );
        
[2026-01-07T16:26:10.493+0000] {base.py:84} INFO - Retrieving connection 'postgres'
[2026-01-07T16:26:10.526+0000] {base.py:84} INFO - Retrieving connection 'postgres'
[2026-01-07T16:26:10.541+0000] {sql.py:553} INFO - Running statement: 
        CREATE TABLE IF NOT EXISTS users (
            id BIGINT NOT NULL,
            firstname TEXT NOT NULL,
            lastname TEXT NOT NULL,
            country TEXT NOT NULL,
            username TEXT NOT NULL,
            password TEXT NOT NULL,
            email TEXT NOT NULL
        );
        , parameters: None
[2026-01-07T16:26:10.628+0000] {taskinstance.py:340} INFO - ::group::Post task execution logs
[2026-01-07T16:26:10.630+0000] {taskinstance.py:352} INFO - Marking task as SUCCESS. dag_id=user_processing, task_id=create_table, run_id=manual__2026-01-07T16:25:57.068857+00:00, execution_date=20260107T162557, start_date=20260107T162609, end_date=20260107T162610
[2026-01-07T16:26:10.704+0000] {local_task_job_runner.py:266} INFO - Task exited with return code 0
[2026-01-07T16:26:10.781+0000] {taskinstance.py:3895} INFO - 1 downstream tasks scheduled from follow-on schedule check
[2026-01-07T16:26:10.788+0000] {local_task_job_runner.py:245} INFO - ::endgroup::
